Component: ARM Compiler 6.15 Tool: armlink [5dd79300]

==============================================================================

Section Cross References

    startup_py32f002bxx.o(RESET) refers to startup_py32f002bxx.o(STACK) for __initial_sp
    startup_py32f002bxx.o(RESET) refers to startup_py32f002bxx.o(.text) for Reset_Handler
    startup_py32f002bxx.o(RESET) refers to py32f002b_it.o(.text.NMI_Handler) for NMI_Handler
    startup_py32f002bxx.o(RESET) refers to py32f002b_it.o(.text.HardFault_Handler) for HardFault_Handler
    startup_py32f002bxx.o(RESET) refers to py32f002b_it.o(.text.SVC_Handler) for SVC_Handler
    startup_py32f002bxx.o(RESET) refers to py32f002b_it.o(.text.PendSV_Handler) for PendSV_Handler
    startup_py32f002bxx.o(RESET) refers to py32f002b_it.o(.text.SysTick_Handler) for SysTick_Handler
    startup_py32f002bxx.o(RESET) refers to py32f002b_it.o(.text.EXTI2_3_IRQHandler) for EXTI2_3_IRQHandler
    startup_py32f002bxx.o(RESET) refers to py32f002b_it.o(.text.EXTI4_15_IRQHandler) for EXTI4_15_IRQHandler
    startup_py32f002bxx.o(RESET) refers to py32f002b_it.o(.text.ADC_COMP_IRQHandler) for ADC_COMP_IRQHandler
    startup_py32f002bxx.o(RESET) refers to py32f002b_it.o(.text.TIM1_BRK_UP_TRG_COM_IRQHandler) for TIM1_BRK_UP_TRG_COM_IRQHandler
    startup_py32f002bxx.o(RESET) refers to py32f002b_it.o(.text.LPTIM1_IRQHandler) for LPTIM1_IRQHandler
    startup_py32f002bxx.o(RESET) refers to py32f002b_it.o(.text.TIM14_IRQHandler) for TIM14_IRQHandler
    startup_py32f002bxx.o(RESET) refers to py32f002b_it.o(.text.USART1_IRQHandler) for USART1_IRQHandler
    startup_py32f002bxx.o(.text) refers to system_py32f002b.o(.text.SystemInit) for SystemInit
    startup_py32f002bxx.o(.text) refers to entry.o(.ARM.Collect$$$$00000000) for __main
    system_py32f002b.o(.text.SystemCoreClockUpdate) refers to system_py32f002b.o(.rodata.HSIFreqTable) for HSIFreqTable
    system_py32f002b.o(.text.SystemCoreClockUpdate) refers to system_py32f002b.o(.data.SystemCoreClock) for SystemCoreClock
    system_py32f002b.o(.text.SystemCoreClockUpdate) refers to system_py32f002b.o(.rodata.AHBPrescTable) for AHBPrescTable
    system_py32f002b.o(.ARM.exidx.text.SystemCoreClockUpdate) refers to system_py32f002b.o(.text.SystemCoreClockUpdate) for [Anonymous Symbol]
    system_py32f002b.o(.ARM.exidx.text.SystemInit) refers to system_py32f002b.o(.text.SystemInit) for [Anonymous Symbol]
    py32f002b_it.o(.ARM.exidx.text.NMI_Handler) refers to py32f002b_it.o(.text.NMI_Handler) for [Anonymous Symbol]
    py32f002b_it.o(.ARM.exidx.text.HardFault_Handler) refers to py32f002b_it.o(.text.HardFault_Handler) for [Anonymous Symbol]
    py32f002b_it.o(.ARM.exidx.text.SVC_Handler) refers to py32f002b_it.o(.text.SVC_Handler) for [Anonymous Symbol]
    py32f002b_it.o(.ARM.exidx.text.PendSV_Handler) refers to py32f002b_it.o(.text.PendSV_Handler) for [Anonymous Symbol]
    py32f002b_it.o(.text.SysTick_Handler) refers to py32f002b_hal.o(.text.HAL_IncTick) for HAL_IncTick
    py32f002b_it.o(.text.SysTick_Handler) refers to led.o(.text.LED_Scan_Handle) for LED_Scan_Handle
    py32f002b_it.o(.text.SysTick_Handler) refers to task.o(.text.Sys_Timer1ms_Handle) for Sys_Timer1ms_Handle
    py32f002b_it.o(.ARM.exidx.text.SysTick_Handler) refers to py32f002b_it.o(.text.SysTick_Handler) for [Anonymous Symbol]
    py32f002b_it.o(.text.USART1_IRQHandler) refers to usart.o(.text.APP_UsartIRQCallback) for APP_UsartIRQCallback
    py32f002b_it.o(.ARM.exidx.text.USART1_IRQHandler) refers to py32f002b_it.o(.text.USART1_IRQHandler) for [Anonymous Symbol]
    py32f002b_it.o(.ARM.exidx.text.TIM1_BRK_UP_TRG_COM_IRQHandler) refers to py32f002b_it.o(.text.TIM1_BRK_UP_TRG_COM_IRQHandler) for [Anonymous Symbol]
    py32f002b_it.o(.text.TIM14_IRQHandler) refers to ir.o(.text.Ir_Time14IRQCallback) for Ir_Time14IRQCallback
    py32f002b_it.o(.ARM.exidx.text.TIM14_IRQHandler) refers to py32f002b_it.o(.text.TIM14_IRQHandler) for [Anonymous Symbol]
    py32f002b_it.o(.text.ADC_COMP_IRQHandler) refers to adc.o(.text.APP_AdcGrpRegularUnitaryConvCompleteCallback) for APP_AdcGrpRegularUnitaryConvCompleteCallback
    py32f002b_it.o(.ARM.exidx.text.ADC_COMP_IRQHandler) refers to py32f002b_it.o(.text.ADC_COMP_IRQHandler) for [Anonymous Symbol]
    py32f002b_it.o(.text.LPTIM1_IRQHandler) refers to task.o(.bss.Sys) for Sys
    py32f002b_it.o(.ARM.exidx.text.LPTIM1_IRQHandler) refers to py32f002b_it.o(.text.LPTIM1_IRQHandler) for [Anonymous Symbol]
    py32f002b_it.o(.text.EXTI4_15_IRQHandler) refers to ir.o(.text.Ir_ExtiCallback) for Ir_ExtiCallback
    py32f002b_it.o(.text.EXTI4_15_IRQHandler) refers to task.o(.bss.Sys) for Sys
    py32f002b_it.o(.ARM.exidx.text.EXTI4_15_IRQHandler) refers to py32f002b_it.o(.text.EXTI4_15_IRQHandler) for [Anonymous Symbol]
    py32f002b_it.o(.text.EXTI2_3_IRQHandler) refers to task.o(.bss.Sys) for Sys
    py32f002b_it.o(.ARM.exidx.text.EXTI2_3_IRQHandler) refers to py32f002b_it.o(.text.EXTI2_3_IRQHandler) for [Anonymous Symbol]
[...]
    Removing py32f002b_ll_tim.o(.text.LL_TIM_ENCODER_Init), (96 bytes).
    Removing py32f002b_ll_tim.o(.ARM.exidx.text.LL_TIM_ENCODER_Init), (8 bytes).
    Removing py32f002b_ll_tim.o(.text.LL_TIM_HALLSENSOR_StructInit), (12 bytes).
    Removing py32f002b_ll_tim.o(.ARM.exidx.text.LL_TIM_HALLSENSOR_StructInit), (8 bytes).
    Removing py32f002b_ll_tim.o(.text.LL_TIM_HALLSENSOR_Init), (88 bytes).
    Removing py32f002b_ll_tim.o(.ARM.exidx.text.LL_TIM_HALLSENSOR_Init), (8 bytes).
    Removing py32f002b_ll_tim.o(.text.LL_TIM_BDTR_StructInit), (18 bytes).
    Removing py32f002b_ll_tim.o(.ARM.exidx.text.LL_TIM_BDTR_StructInit), (8 bytes).
    Removing py32f002b_ll_tim.o(.text.LL_TIM_BDTR_Init), (64 bytes).
    Removing py32f002b_ll_tim.o(.ARM.exidx.text.LL_TIM_BDTR_Init), (8 bytes).
    Removing py32f002b_ll_usart.o(.text), (0 bytes).
    Removing py32f002b_ll_usart.o(.text.LL_USART_DeInit), (40 bytes).
    Removing py32f002b_ll_usart.o(.ARM.exidx.text.LL_USART_DeInit), (8 bytes).
    Removing py32f002b_ll_usart.o(.ARM.exidx.text.LL_USART_Init), (8 bytes).
    Removing py32f002b_ll_usart.o(.text.LL_USART_StructInit), (24 bytes).
    Removing py32f002b_ll_usart.o(.ARM.exidx.text.LL_USART_StructInit), (8 bytes).
    Removing py32f002b_ll_usart.o(.text.LL_USART_ClockInit), (58 bytes).
    Removing py32f002b_ll_usart.o(.ARM.exidx.text.LL_USART_ClockInit), (8 bytes).
    Removing py32f002b_ll_usart.o(.text.LL_USART_ClockStructInit), (12 bytes).
    Removing py32f002b_ll_usart.o(.ARM.exidx.text.LL_USART_ClockStructInit), (8 bytes).
    Removing py32f002b_ll_utils.o(.text), (0 bytes).
    Removing py32f002b_ll_utils.o(.ARM.exidx.text.LL_Init1msTick), (8 bytes).
    Removing py32f002b_ll_utils.o(.ARM.exidx.text.LL_mDelay), (8 bytes).
    Removing py32f002b_ll_utils.o(.ARM.exidx.text.LL_SetSystemCoreClock), (8 bytes).
    Removing py32f002b_ll_utils.o(.text.LL_SetFlashLatency), (60 bytes).
    Removing py32f002b_ll_utils.o(.ARM.exidx.text.LL_SetFlashLatency), (8 bytes).
    Removing py32f002b_ll_pwr.o(.text), (0 bytes).
    Removing py32f002b_ll_pwr.o(.text.LL_PWR_DeInit), (28 bytes).
    Removing py32f002b_ll_pwr.o(.ARM.exidx.text.LL_PWR_DeInit), (8 bytes).
    Removing py32f002b_ll_rcc.o(.text), (0 bytes).
    Removing py32f002b_ll_rcc.o(.text.LL_RCC_DeInit), (68 bytes).
    Removing py32f002b_ll_rcc.o(.ARM.exidx.text.LL_RCC_DeInit), (8 bytes).
    Removing py32f002b_ll_rcc.o(.ARM.exidx.text.LL_RCC_GetSystemClocksFreq), (8 bytes).
    Removing py32f002b_ll_rcc.o(.text.RCC_GetSystemClockFreq), (52 bytes).
    Removing py32f002b_ll_rcc.o(.ARM.exidx.text.RCC_GetSystemClockFreq), (8 bytes).
    Removing py32f002b_ll_rcc.o(.text.RCC_GetHCLKClockFreq), (32 bytes).
    Removing py32f002b_ll_rcc.o(.ARM.exidx.text.RCC_GetHCLKClockFreq), (8 bytes).
    Removing py32f002b_ll_rcc.o(.text.RCC_GetPCLK1ClockFreq), (32 bytes).
    Removing py32f002b_ll_rcc.o(.ARM.exidx.text.RCC_GetPCLK1ClockFreq), (8 bytes).
    Removing py32f002b_ll_rcc.o(.text.LL_RCC_GetMCOClockFreq), (116 bytes).
    Removing py32f002b_ll_rcc.o(.ARM.exidx.text.LL_RCC_GetMCOClockFreq), (8 bytes).
    Removing py32f002b_ll_rcc.o(.text.LL_RCC_GetLSCClockFreq), (28 bytes).
    Removing py32f002b_ll_rcc.o(.ARM.exidx.text.LL_RCC_GetLSCClockFreq), (8 bytes).
    Removing py32f002b_ll_rcc.o(.text.LL_RCC_GetCOMPClockFreq), (192 bytes).
    Removing py32f002b_ll_rcc.o(.ARM.exidx.text.LL_RCC_GetCOMPClockFreq), (8 bytes).
    Removing py32f002b_ll_rcc.o(.text.LL_RCC_GetLPTIMClockFreq), (156 bytes).
    Removing py32f002b_ll_rcc.o(.ARM.exidx.text.LL_RCC_GetLPTIMClockFreq), (8 bytes).
    Removing py32f002b_ll_lptim.o(.text), (0 bytes).
    Removing py32f002b_ll_lptim.o(.text.LL_LPTIM_DeInit), (44 bytes).
    Removing py32f002b_ll_lptim.o(.ARM.exidx.text.LL_LPTIM_DeInit), (8 bytes).
    Removing py32f002b_ll_lptim.o(.text.LL_LPTIM_StructInit), (8 bytes).
    Removing py32f002b_ll_lptim.o(.ARM.exidx.text.LL_LPTIM_StructInit), (8 bytes).
    Removing py32f002b_ll_lptim.o(.ARM.exidx.text.LL_LPTIM_Init), (8 bytes).
    Removing adc.o(.text), (0 bytes).
    Removing adc.o(.text.Adc_ReScan), (24 bytes).
    Removing adc.o(.ARM.exidx.text.Adc_ReScan), (8 bytes).
    Removing adc.o(.ARM.exidx.text.Bat_GpioInit), (8 bytes).
    Removing adc.o(.text.APP_AdcCalibrate), (52 bytes).
    Removing adc.o(.ARM.exidx.text.APP_AdcCalibrate), (8 bytes).
    Removing adc.o(.text.APP_AdcEnable), (32 bytes).
    Removing adc.o(.ARM.exidx.text.APP_AdcEnable), (8 bytes).
    Removing adc.o(.ARM.exidx.text.APP_AdcConfig), (8 bytes).
    Removing adc.o(.ARM.exidx.text.APP_AdcGrpRegularUnitaryConvCompleteCallback), (8 bytes).
    Removing adc.o(.ARM.exidx.text.Adc_BatVolatageCollection_handle), (8 bytes).
    Removing adc.o(.ARM.exidx.text.BatVolatageToPercent_handle), (8 bytes).
    Removing adc.o(.ARM.exidx.text.Bat_StatusCheck_Handle), (8 bytes).
    Removing flash.o(.text), (0 bytes).
    Removing flash.o(.text.Flash_Write), (228 bytes).
    Removing flash.o(.ARM.exidx.text.Flash_Write), (8 bytes).
    Removing flash.o(.text.APP_FlashOBProgram), (50 bytes).
    Removing flash.o(.ARM.exidx.text.APP_FlashOBProgram), (8 bytes).
    Removing flash.o(.data.FlashData), (16 bytes).
    Removing gpio.o(.text), (0 bytes).
    Removing gpio.o(.text.GPIO_Init), (92 bytes).
    Removing gpio.o(.ARM.exidx.text.GPIO_Init), (8 bytes).
    Removing ir.o(.text), (0 bytes).
    Removing ir.o(.text.APP_ConfigTIM14), (116 bytes).
    Removing ir.o(.ARM.exidx.text.APP_ConfigTIM14), (8 bytes).
    Removing ir.o(.ARM.exidx.text.Ir_Init), (8 bytes).
    Removing ir.o(.ARM.exidx.text.Ir_ExtiCallback), (8 bytes).
    Removing ir.o(.ARM.exidx.text.Ir_Time14IRQCallback), (8 bytes).
    Removing ir.o(.text.Ir_ReScan), (16 bytes).
    Removing ir.o(.ARM.exidx.text.Ir_ReScan), (8 bytes).
    Removing ir.o(.ARM.exidx.text.Ir_Scan), (8 bytes).
    Removing ir.o(.ARM.exidx.text.Ir_CommandReceiv), (8 bytes).
    Removing iwdg.o(.text), (0 bytes).
    Removing iwdg.o(.text.APP_IwdgConfig), (68 bytes).
    Removing iwdg.o(.ARM.exidx.text.APP_IwdgConfig), (8 bytes).
    Removing led.o(.text), (0 bytes).
    Removing led.o(.ARM.exidx.text.LED_RGB_SetHSV), (8 bytes).
    Removing led.o(.ARM.exidx.text.LED_RGB_SetDisplayHSV), (8 bytes).
    Removing led.o(.text.led_strip_hsv2rgb), (186 bytes).
    Removing led.o(.ARM.exidx.text.led_strip_hsv2rgb), (8 bytes).
    Removing led.o(.ARM.exidx.text.LED_RGB_HSVdisplay), (8 bytes).
    Removing led.o(.text.LED_RGB_display), (116 bytes).
    Removing led.o(.ARM.exidx.text.LED_RGB_display), (8 bytes).
    Removing led.o(.ARM.exidx.text.LED_Init), (8 bytes).
    Removing led.o(.ARM.exidx.text.LED_Scan_Handle), (8 bytes).
    Removing led.o(.ARM.exidx.text.Led_Off), (8 bytes).
    Removing led.o(.text.APP_ConfigTIM1), (112 bytes).
    Removing led.o(.ARM.exidx.text.APP_ConfigTIM1), (8 bytes).
    Removing led.o(.text.APP_ConfigPWMChannel), (144 bytes).
    Removing led.o(.ARM.exidx.text.APP_ConfigPWMChannel), (8 bytes).
    Removing led.o(.ARM.exidx.text.LED_RGB_init), (8 bytes).
    Removing led.o(.ARM.exidx.text.LED_RGB_Off_Handle), (8 bytes).
    Removing led.o(.ARM.exidx.text.LED_RGB_To_OnStatus), (8 bytes).
    Removing led.o(.ARM.exidx.text.LED_RGB_On_Handle), (8 bytes).
    Removing led.o(.ARM.exidx.text.LED_DisplayBatGear_Handle), (8 bytes).
    Removing led.o(.ARM.exidx.text.IR_RGB_MODE_handle), (8 bytes).
    Removing led.o(.ARM.exidx.text.RGB_App_Handle), (8 bytes).
    Removing task.o(.text), (0 bytes).
    Removing task.o(.ARM.exidx.text.Sys_Timer1ms_Handle), (8 bytes).
    Removing task.o(.text.Adc_RefVoltage_ON), (72 bytes).
    Removing task.o(.ARM.exidx.text.Adc_RefVoltage_ON), (8 bytes).
    Removing task.o(.text.Adc_RefVoltage_OFF), (20 bytes).
    Removing task.o(.ARM.exidx.text.Adc_RefVoltage_OFF), (8 bytes).
    Removing task.o(.ARM.exidx.text.Sys_EnterSleep_Handle), (8 bytes).
    Removing time.o(.text), (0 bytes).
    Removing time.o(.ARM.exidx.text.Lptim_Init), (8 bytes).
    Removing time.o(.text.APP_Time4IRQCallback), (2 bytes).
    Removing time.o(.ARM.exidx.text.APP_Time4IRQCallback), (8 bytes).
    Removing time.o(.text.APP_Time1IRQCallback), (2 bytes).
    Removing time.o(.ARM.exidx.text.APP_Time1IRQCallback), (8 bytes).
    Removing time.o(.bss.time1_count), (4 bytes).
    Removing time.o(.bss.time4_count), (4 bytes).
    Removing usart.o(.text), (0 bytes).
    Removing usart.o(.ARM.exidx.text.APP_ConfigUsart), (8 bytes).
    Removing usart.o(.text.APP_UsartTransmit_IT), (36 bytes).
    Removing usart.o(.ARM.exidx.text.APP_UsartTransmit_IT), (8 bytes).
    Removing usart.o(.text.APP_UsartReceive_IT), (52 bytes).
    Removing usart.o(.ARM.exidx.text.APP_UsartReceive_IT), (8 bytes).
    Removing usart.o(.ARM.exidx.text.APP_UsartIRQCallback), (8 bytes).
    Removing usart.o(.text.fputc), (24 bytes).
    Removing usart.o(.ARM.exidx.text.fputc), (8 bytes).
    Removing usart.o(.text.fgetc), (20 bytes).
    Removing usart.o(.ARM.exidx.text.fgetc), (8 bytes).
    Removing usart.o(.data.aTxBuffer), (30 bytes).
    Removing usart.o(.bss.TxSize), (2 bytes).
    Removing usart.o(.bss.RxBuff), (4 bytes).
    Removing usart.o(.bss.RxSize), (2 bytes).
    Removing usart.o(.bss.RxCount), (2 bytes).
    Removing usart.o(.bss.aRxBuffer), (30 bytes).
    Removing mcu_api.o(.text), (0 bytes).
    Removing mcu_api.o(.text.hex_to_bcd), (90 bytes).
    Removing mcu_api.o(.ARM.exidx.text.hex_to_bcd), (8 bytes).
    Removing mcu_api.o(.ARM.exidx.text.my_strlen), (8 bytes).
    Removing mcu_api.o(.text.my_memset), (28 bytes).
    Removing mcu_api.o(.ARM.exidx.text.my_memset), (8 bytes).
    Removing mcu_api.o(.ARM.exidx.text.my_memcpy), (8 bytes).
    Removing mcu_api.o(.text.int_to_byte), (16 bytes).
    Removing mcu_api.o(.ARM.exidx.text.int_to_byte), (8 bytes).
    Removing mcu_api.o(.text.byte_to_int), (22 bytes).
    Removing mcu_api.o(.ARM.exidx.text.byte_to_int), (8 bytes).
    Removing mcu_api.o(.text.mcu_get_reset_bt_flag), (12 bytes).
    Removing mcu_api.o(.ARM.exidx.text.mcu_get_reset_bt_flag), (8 bytes).
    Removing mcu_api.o(.text.mcu_reset_bt), (20 bytes).
    Removing mcu_api.o(.ARM.exidx.text.mcu_reset_bt), (8 bytes).
    Removing mcu_api.o(.text.mcu_get_bt_work_state), (12 bytes).
    Removing mcu_api.o(.ARM.exidx.text.mcu_get_bt_work_state), (8 bytes).
    Removing mcu_api.o(.ARM.exidx.text.mcu_dp_raw_update), (8 bytes).
    Removing mcu_api.o(.ARM.exidx.text.mcu_dp_bool_update), (8 bytes).
    Removing mcu_api.o(.ARM.exidx.text.mcu_dp_value_update), (8 bytes).
    Removing mcu_api.o(.ARM.exidx.text.mcu_dp_string_update), (8 bytes).
    Removing mcu_api.o(.ARM.exidx.text.mcu_dp_enum_update), (8 bytes).
    Removing mcu_api.o(.text.mcu_dp_fault_update), (100 bytes).
    Removing mcu_api.o(.ARM.exidx.text.mcu_dp_fault_update), (8 bytes).
    Removing mcu_api.o(.ARM.exidx.text.mcu_get_dp_download_bool), (8 bytes).
    Removing mcu_api.o(.ARM.exidx.text.mcu_get_dp_download_enum), (8 bytes).
    Removing mcu_api.o(.ARM.exidx.text.mcu_get_dp_download_value), (8 bytes).
    Removing mcu_api.o(.ARM.exidx.text.uart_receive_input), (8 bytes).
    Removing mcu_api.o(.ARM.exidx.text.bt_uart_service), (8 bytes).
    Removing mcu_api.o(.ARM.exidx.text.bt_protocol_init), (8 bytes).
    Removing protocol.o(.text), (0 bytes).
    Removing protocol.o(.ARM.exidx.text.uart_transmit_output), (8 bytes).
    Removing protocol.o(.ARM.exidx.text.all_data_update), (8 bytes).
    Removing protocol.o(.ARM.exidx.text.dp_download_handle), (8 bytes).
    Removing protocol.o(.ARM.exidx.text.get_download_cmd_total), (8 bytes).
    Removing system.o(.text), (0 bytes).
    Removing system.o(.ARM.exidx.text.set_bt_uart_byte), (8 bytes).
    Removing system.o(.ARM.exidx.text.set_bt_uart_buffer), (8 bytes).
    Removing system.o(.ARM.exidx.text.get_check_sum), (8 bytes).
    Removing system.o(.ARM.exidx.text.bt_uart_write_frame), (8 bytes).
    Removing system.o(.ARM.exidx.text.enable_low_power), (8 bytes).
    Removing system.o(.ARM.exidx.text.disable_low_power), (8 bytes).
    Removing system.o(.ARM.exidx.text.data_handle), (8 bytes).
    Removing system.o(.ARM.exidx.text.get_queue_total_data), (8 bytes).
    Removing system.o(.ARM.exidx.text.Queue_Read_Byte), (8 bytes).
    Removing system.o(.bss.set_btmode_flag), (1 bytes).

358 unused section(s) (total 9655 bytes) removed from the image.

==============================================================================

Image Symbol Table

    Local Symbols

    Symbol Name                              Value     Ov Type        Size  Object(Section)

    ../clib/division.s                       0x00000000   Number         0  aeabi_sdivfast.o ABSOLUTE
    ../clib/division.s                       0x00000000   Number         0  aeabi_sdivfast_div0.o ABSOLUTE
    ../clib/microlib/ctype/ctype.c           0x00000000   Number         0  ctype_o.o ABSOLUTE
    ../clib/microlib/ctype/ctype.c           0x00000000   Number         0  isalnum_o.o ABSOLUTE
    ../clib/microlib/ctype/ctype.c           0x00000000   Number         0  isalpha_o.o ABSOLUTE
    ../clib/microlib/ctype/ctype.c           0x00000000   Number         0  isblank_o.o ABSOLUTE
    ../clib/microlib/ctype/ctype.c           0x00000000   Number         0  iscntrl_o.o ABSOLUTE
    ../clib/microlib/ctype/ctype.c           0x00000000   Number         0  isdigit_o.o ABSOLUTE
    ../clib/microlib/ctype/ctype.c           0x00000000   Number         0  isgraph_o.o ABSOLUTE
    ../clib/microlib/ctype/ctype.c           0x00000000   Number         0  islower_o.o ABSOLUTE
    ../clib/microlib/ctype/ctype.c           0x00000000   Number         0  isprint_o.o ABSOLUTE
    ../clib/microlib/ctype/ctype.c           0x00000000   Number         0  ispunct_o.o ABSOLUTE
    ../clib/microlib/ctype/ctype.c           0x00000000   Number         0  isspace_o.o ABSOLUTE
    ../clib/microlib/ctype/ctype.c           0x00000000   Number         0  isupper_o.o ABSOLUTE
    ../clib/microlib/ctype/ctype.c           0x00000000   Number         0  isxdigit_o.o ABSOLUTE
    ../clib/microlib/division.c              0x00000000   Number         0  uidiv.o ABSOLUTE
    ../clib/microlib/division.c              0x00000000   Number         0  idiv.o ABSOLUTE
    ../clib/microlib/division.c              0x00000000   Number         0  uidiv_div0.o ABSOLUTE
    ../clib/microlib/division.c              0x00000000   Number         0  idiv_div0.o ABSOLUTE
    ../clib/microlib/division.c              0x00000000   Number         0  idiv0.o ABSOLUTE
    ../clib/microlib/errno.c                 0x00000000   Number         0  errno.o ABSOLUTE
    ../clib/microlib/init/entry.s            0x00000000   Number         0  entry.o ABSOLUTE
    ../clib/microlib/init/entry.s            0x00000000   Number         0  entry2.o ABSOLUTE
    ../clib/microlib/init/entry.s            0x00000000   Number         0  entry5.o ABSOLUTE
    ../clib/microlib/init/entry.s            0x00000000   Number         0  entry7a.o ABSOLUTE
    ../clib/microlib/init/entry.s            0x00000000   Number         0  entry7b.o ABSOLUTE
    ../clib/microlib/init/entry.s            0x00000000   Number         0  entry8a.o ABSOLUTE
    ../clib/microlib/init/entry.s            0x00000000   Number         0  entry8b.o ABSOLUTE
    ../clib/microlib/init/entry.s            0x00000000   Number         0  entry9a.o ABSOLUTE
    ../clib/microlib/init/entry.s            0x00000000   Number         0  entry9b.o ABSOLUTE
    ../clib/microlib/init/entry.s            0x00000000   Number         0  entry10a.o ABSOLUTE
    ../clib/microlib/init/entry.s            0x00000000   Number         0  entry10b.o ABSOLUTE
    ../clib/microlib/init/entry.s            0x00000000   Number         0  entry11a.o ABSOLUTE
    ../clib/microlib/init/entry.s            0x00000000   Number         0  entry11b.o ABSOLUTE
    ../clib/microlib/string/memset.c         0x00000000   Number         0  memseta.o ABSOLUTE
    ../clib/scanf.c                          0x00000000   Number         0  strtol.o ABSOLUTE
    ../clib/scanf.c                          0x00000000   Number         0  _strtoul.o ABSOLUTE
    ../clib/scanf.c                          0x00000000   Number         0  _chval.o ABSOLUTE
    adc.c                                    0x00000000   Number         0  adc.o ABSOLUTE
    dc.s                                     0x00000000   Number         0  dc.o ABSOLUTE
    flash.c                                  0x00000000   Number         0  flash.o ABSOLUTE
    gpio.c                                   0x00000000   Number         0  gpio.o ABSOLUTE
    handlers.s                               0x00000000   Number         0  handlers.o ABSOLUTE
    init.s                                   0x00000000   Number         0  init.o ABSOLUTE
    ir.c                                     0x00000000   Number         0  ir.o ABSOLUTE
    iwdg.c                                   0x00000000   Number         0  iwdg.o ABSOLUTE
    led.c                                    0x00000000   Number         0  led.o ABSOLUTE
    main.c                                   0x00000000   Number         0  main.o ABSOLUTE
    mcu_api.c                                0x00000000   Number         0  mcu_api.o ABSOLUTE
    protocol.c                               0x00000000   Number         0  protocol.o ABSOLUTE
    py32f002b_hal.c                          0x00000000   Number         0  py32f002b_hal.o ABSOLUTE
    py32f002b_hal_cortex.c                   0x00000000   Number         0  py32f002b_hal_cortex.o ABSOLUTE
    py32f002b_hal_flash.c                    0x00000000   Number         0  py32f002b_hal_flash.o ABSOLUTE
    py32f002b_it.c                           0x00000000   Number         0  py32f002b_it.o ABSOLUTE
    py32f002b_ll_adc.c                       0x00000000   Number         0  py32f002b_ll_adc.o ABSOLUTE
    py32f002b_ll_exti.c                      0x00000000   Number         0  py32f002b_ll_exti.o ABSOLUTE
    py32f002b_ll_gpio.c                      0x00000000   Number         0  py32f002b_ll_gpio.o ABSOLUTE
    py32f002b_ll_lptim.c                     0x00000000   Number         0  py32f002b_ll_lptim.o ABSOLUTE
    py32f002b_ll_pwr.c                       0x00000000   Number         0  py32f002b_ll_pwr.o ABSOLUTE
    py32f002b_ll_rcc.c                       0x00000000   Number         0  py32f002b_ll_rcc.o ABSOLUTE
    py32f002b_ll_tim.c                       0x00000000   Number         0  py32f002b_ll_tim.o ABSOLUTE
    py32f002b_ll_usart.c                     0x00000000   Number         0  py32f002b_ll_usart.o ABSOLUTE
    py32f002b_ll_utils.c                     0x00000000   Number         0  py32f002b_ll_utils.o ABSOLUTE
    startup_py32f002bxx.s                    0x00000000   Number         0  startup_py32f002bxx.o ABSOLUTE
    system.c                                 0x00000000   Number         0  system.o ABSOLUTE
    system_py32f002b.c                       0x00000000   Number         0  system_py32f002b.o ABSOLUTE
    task.c                                   0x00000000   Number         0  task.o ABSOLUTE
    time.c                                   0x00000000   Number         0  time.o ABSOLUTE
    usart.c                                  0x00000000   Number         0  usart.o ABSOLUTE
    RESET                                    0x08000000   Section      192  startup_py32f002bxx.o(RESET)
    .ARM.Collect$$$$00000000                 0x080000c0   Section        0  entry.o(.ARM.Collect$$$$00000000)
    .ARM.Collect$$$$00000001                 0x080000c0   Section        4  entry2.o(.ARM.Collect$$$$00000001)
    .ARM.Collect$$$$00000004                 0x080000c4   Section        4  entry5.o(.ARM.Collect$$$$00000004)
    .ARM.Collect$$$$00000008                 0x080000c8   Section        0  entry7b.o(.ARM.Collect$$$$00000008)
    .ARM.Collect$$$$0000000A                 0x080000c8   Section        0  entry8b.o(.ARM.Collect$$$$0000000A)
    .ARM.Collect$$$$0000000B                 0x080000c8   Section        8  entry9a.o(.ARM.Collect$$$$0000000B)
    __lit__00000000                          0x080000d0   Data           4  entry2.o(.ARM.Collect$$$$00002712)
    .ARM.Collect$$$$0000000D                 0x080000d0   Section        0  entry10a.o(.ARM.Collect$$$$0000000D)
    .ARM.Collect$$$$0000000F                 0x080000d0   Section        0  entry11a.o(.ARM.Collect$$$$0000000F)
    .ARM.Collect$$$$00002712                 0x080000d0   Section        4  entry2.o(.ARM.Collect$$$$00002712)
    .text                                    0x080000d4   Section       28  startup_py32f002bxx.o(.text)
    .text                                    0x080000f0   Section        0  strtol.o(.text)
    .text                                    0x08000160   Section        0  uidiv_div0.o(.text)
    .text                                    0x080001a0   Section        0  idiv_div0.o(.text)
    .text                                    0x080001f0   Section        0  ctype_o.o(.text)
    .text                                    0x080001f8   Section        0  _strtoul.o(.text)
    .text                                    0x080002a0   Section       36  init.o(.text)
    .text                                    0x080002c4   Section        0  _chval.o(.text)
    [Anonymous Symbol]                       0x080002e4   Section        0  py32f002b_it.o(.text.ADC_COMP_IRQHandler)
    __arm_cp.8_0                             0x080002f4   Number         4  py32f002b_it.o(.text.ADC_COMP_IRQHandler)
    [Anonymous Symbol]                       0x080002f8   Section        0  adc.o(.text.APP_AdcConfig)
    __arm_cp.4_0                             0x0800040c   Number         4  adc.o(.text.APP_AdcConfig)
    __arm_cp.4_1                             0x08000410   Number         4  adc.o(.text.APP_AdcConfig)
    __arm_cp.4_2                             0x08000414   Number         4  adc.o(.text.APP_AdcConfig)
    __arm_cp.4_3                             0x08000418   Number         4  adc.o(.text.APP_AdcConfig)
    __arm_cp.4_4                             0x0800041c   Number         4  adc.o(.text.APP_AdcConfig)
    __arm_cp.4_5                             0x08000420   Number         4  adc.o(.text.APP_AdcConfig)
    __arm_cp.4_6                             0x08000424   Number         4  adc.o(.text.APP_AdcConfig)
    __arm_cp.4_7                             0x08000428   Number         4  adc.o(.text.APP_AdcConfig)
    [Anonymous Symbol]                       0x0800042c   Section        0  adc.o(.text.APP_AdcGrpRegularUnitaryConvCompleteCallback)
    __arm_cp.5_0                             0x08000454   Number         4  adc.o(.text.APP_AdcGrpRegularUnitaryConvCompleteCallback)
    [Anonymous Symbol]                       0x08000458   Section        0  usart.o(.text.APP_ConfigUsart)
    __arm_cp.0_0                             0x0800053c   Number         4  usart.o(.text.APP_ConfigUsart)
    __arm_cp.0_1                             0x08000540   Number         4  usart.o(.text.APP_ConfigUsart)
    __arm_cp.0_2                             0x08000544   Number         4  usart.o(.text.APP_ConfigUsart)
    __arm_cp.0_4                             0x08000548   Number         4  usart.o(.text.APP_ConfigUsart)
    [Anonymous Symbol]                       0x0800054c   Section        0  main.o(.text.APP_ErrorHandler)
    [Anonymous Symbol]                       0x08000550   Section        0  usart.o(.text.APP_UsartIRQCallback)
    __arm_cp.3_0                             0x080005bc   Number         4  usart.o(.text.APP_UsartIRQCallback)
    __arm_cp.3_1                             0x080005c0   Number         4  usart.o(.text.APP_UsartIRQCallback)
    __arm_cp.3_2                             0x080005c4   Number         4  usart.o(.text.APP_UsartIRQCallback)
    [Anonymous Symbol]                       0x080005c8   Section        0  adc.o(.text.Adc_BatVolatageCollection_handle)
    __arm_cp.6_1                             0x08000614   Number         4  adc.o(.text.Adc_BatVolatageCollection_handle)
    __arm_cp.6_3                             0x08000618   Number         4  adc.o(.text.Adc_BatVolatageCollection_handle)
    __arm_cp.6_4                             0x0800061c   Number         4  adc.o(.text.Adc_BatVolatageCollection_handle)
    [Anonymous Symbol]                       0x08000620   Section        0  adc.o(.text.BatVolatageToPercent_handle)
    __arm_cp.7_0                             0x08000778   Number         4  adc.o(.text.BatVolatageToPercent_handle)
    __arm_cp.7_1                             0x0800077c   Number         4  adc.o(.text.BatVolatageToPercent_handle)
    __arm_cp.7_2                             0x08000780   Number         4  adc.o(.text.BatVolatageToPercent_handle)
    __arm_cp.7_3                             0x08000784   Number         4  adc.o(.text.BatVolatageToPercent_handle)
    __arm_cp.7_4                             0x08000788   Number         4  adc.o(.text.BatVolatageToPercent_handle)
    __arm_cp.7_5                             0x0800078c   Number         4  adc.o(.text.BatVolatageToPercent_handle)
    __arm_cp.7_6                             0x08000790   Number         4  adc.o(.text.BatVolatageToPercent_handle)
    __arm_cp.7_7                             0x08000794   Number         4  adc.o(.text.BatVolatageToPercent_handle)
    __arm_cp.7_8                             0x08000798   Number         4  adc.o(.text.BatVolatageToPercent_handle)
    __arm_cp.7_9                             0x0800079c   Number         4  adc.o(.text.BatVolatageToPercent_handle)
    __arm_cp.7_10                            0x080007a0   Number         4  adc.o(.text.BatVolatageToPercent_handle)
    [Anonymous Symbol]                       0x080007a4   Section        0  adc.o(.text.Bat_GpioInit)
    __arm_cp.1_0                             0x080007f4   Number         4  adc.o(.text.Bat_GpioInit)
    __arm_cp.1_1                             0x080007f8   Number         4  adc.o(.text.Bat_GpioInit)
    __arm_cp.1_2                             0x080007fc   Number         4  adc.o(.text.Bat_GpioInit)
    __arm_cp.1_3                             0x08000800   Number         4  adc.o(.text.Bat_GpioInit)
    [Anonymous Symbol]                       0x08000804   Section        0  adc.o(.text.Bat_StatusCheck_Handle)
    __arm_cp.8_0                             0x080008e0   Number         4  adc.o(.text.Bat_StatusCheck_Handle)
    __arm_cp.8_1                             0x080008e4   Number         4  adc.o(.text.Bat_StatusCheck_Handle)
    __arm_cp.8_2                             0x080008e8   Number         4  adc.o(.text.Bat_StatusCheck_Handle)
    __arm_cp.8_3                             0x080008ec   Number         4  adc.o(.text.Bat_StatusCheck_Handle)
    __arm_cp.8_4                             0x080008f0   Number         4  adc.o(.text.Bat_StatusCheck_Handle)
    __arm_cp.8_5                             0x080008f4   Number         4  adc.o(.text.Bat_StatusCheck_Handle)
    __arm_cp.8_6                             0x080008f8   Number         4  adc.o(.text.Bat_StatusCheck_Handle)
    __arm_cp.8_7                             0x080008fc   Number         4  adc.o(.text.Bat_StatusCheck_Handle)
    [Anonymous Symbol]                       0x08000900   Section        0  py32f002b_it.o(.text.EXTI2_3_IRQHandler)
    [Anonymous Symbol]                       0x08000910   Section        0  py32f002b_it.o(.text.EXTI4_15_IRQHandler)
    __arm_cp.10_0                            0x0800093c   Number         4  py32f002b_it.o(.text.EXTI4_15_IRQHandler)
    __arm_cp.10_1                            0x08000940   Number         4  py32f002b_it.o(.text.EXTI4_15_IRQHandler)
    [Anonymous Symbol]                       0x08000944   Section        0  py32f002b_hal.o(.text.HAL_GetTick)
    [Anonymous Symbol]                       0x0800094c   Section        0  py32f002b_hal.o(.text.HAL_IncTick)
    __arm_cp.5_0                             0x0800095c   Number         4  py32f002b_hal.o(.text.HAL_IncTick)
    __arm_cp.5_1                             0x08000960   Number         4  py32f002b_hal.o(.text.HAL_IncTick)
    [Anonymous Symbol]                       0x08000964   Section        0  py32f002b_it.o(.text.HardFault_Handler)
    [Anonymous Symbol]                       0x08000968   Section        0  led.o(.text.IR_RGB_MODE_handle)
    __arm_cp.15_0                            0x080009f8   Number         4  led.o(.text.IR_RGB_MODE_handle)
    __arm_cp.15_1                            0x080009fc   Number         4  led.o(.text.IR_RGB_MODE_handle)
    __arm_cp.15_3                            0x08000a00   Number         4  led.o(.text.IR_RGB_MODE_handle)
    __arm_cp.15_4                            0x08000a04   Number         4  led.o(.text.IR_RGB_MODE_handle)
    [Anonymous Symbol]                       0x08000a08   Section        0  ir.o(.text.Ir_CommandReceiv)
    __arm_cp.6_0                             0x08000d34   Number         4  ir.o(.text.Ir_CommandReceiv)
    [Anonymous Symbol]                       0x08000d38   Section        0  ir.o(.text.Ir_ExtiCallback)
    __arm_cp.2_0                             0x08000d9c   Number         4  ir.o(.text.Ir_ExtiCallback)
    __arm_cp.2_1                             0x08000da0   Number         4  ir.o(.text.Ir_ExtiCallback)
    [Anonymous Symbol]                       0x08000da4   Section        0  ir.o(.text.Ir_Init)
    __arm_cp.1_0                             0x08000e3c   Number         4  ir.o(.text.Ir_Init)
    __arm_cp.1_1                             0x08000e40   Number         4  ir.o(.text.Ir_Init)
    __arm_cp.1_2                             0x08000e44   Number         4  ir.o(.text.Ir_Init)
    __arm_cp.1_3                             0x08000e48   Number         4  ir.o(.text.Ir_Init)
    __arm_cp.1_4                             0x08000e4c   Number         4  ir.o(.text.Ir_Init)
    __arm_cp.1_5                             0x08000e50   Number         4  ir.o(.text.Ir_Init)
    __arm_cp.1_7                             0x08000e54   Number         4  ir.o(.text.Ir_Init)
    [Anonymous Symbol]                       0x08000e58   Section        0  ir.o(.text.Ir_Scan)
    [Anonymous Symbol]                       0x08000e98   Section        0  ir.o(.text.Ir_Time14IRQCallback)
    __arm_cp.3_0                             0x08000ec0   Number         4  ir.o(.text.Ir_Time14IRQCallback)
    [Anonymous Symbol]                       0x08000ec4   Section        0  led.o(.text.LED_DisplayBatGear_Handle)
    __arm_cp.14_0                            0x08000f18   Number         4  led.o(.text.LED_DisplayBatGear_Handle)
    __arm_cp.14_1                            0x08000f1c   Number         4  led.o(.text.LED_DisplayBatGear_Handle)
    __arm_cp.14_2                            0x08000f20   Number         4  led.o(.text.LED_DisplayBatGear_Handle)
    __arm_cp.14_3                            0x08000f24   Number         4  led.o(.text.LED_DisplayBatGear_Handle)
    __arm_cp.14_4                            0x08000f28   Number         4  led.o(.text.LED_DisplayBatGear_Handle)
    [Anonymous Symbol]                       0x08000f2c   Section        0  led.o(.text.LED_Init)
    __arm_cp.5_0                             0x08000fa4   Number         4  led.o(.text.LED_Init)
    __arm_cp.5_1                             0x08000fa8   Number         4  led.o(.text.LED_Init)
    __arm_cp.5_2                             0x08000fac   Number         4  led.o(.text.LED_Init)
    [Anonymous Symbol]                       0x08000fb0   Section        0  led.o(.text.LED_RGB_HSVdisplay)
    __arm_cp.3_1                             0x080010c0   Number         4  led.o(.text.LED_RGB_HSVdisplay)
    __arm_cp.3_2                             0x080010c4   Number         4  led.o(.text.LED_RGB_HSVdisplay)
    [Anonymous Symbol]                       0x080010c8   Section        0  led.o(.text.LED_RGB_Off_Handle)
    [Anonymous Symbol]                       0x080010ec   Section        0  led.o(.text.LED_RGB_On_Handle)
    [Anonymous Symbol]                       0x08001124   Section        0  led.o(.text.LED_RGB_SetDisplayHSV)
    [Anonymous Symbol]                       0x08001130   Section        0  led.o(.text.LED_RGB_SetHSV)
    [Anonymous Symbol]                       0x0800113c   Section        0  led.o(.text.LED_RGB_To_OnStatus)
    [Anonymous Symbol]                       0x08001160   Section        0  led.o(.text.LED_RGB_init)
    __arm_cp.10_0                            0x08001248   Number         4  led.o(.text.LED_RGB_init)
    __arm_cp.10_1                            0x0800124c   Number         4  led.o(.text.LED_RGB_init)
    __arm_cp.10_2                            0x08001250   Number         4  led.o(.text.LED_RGB_init)
    __arm_cp.10_3                            0x08001254   Number         4  led.o(.text.LED_RGB_init)
    __arm_cp.10_4                            0x08001258   Number         4  led.o(.text.LED_RGB_init)
    __arm_cp.10_5                            0x0800125c   Number         4  led.o(.text.LED_RGB_init)
    __arm_cp.10_6                            0x08001260   Number         4  led.o(.text.LED_RGB_init)
    [Anonymous Symbol]                       0x08001264   Section        0  led.o(.text.LED_Scan_Handle)
    __arm_cp.6_0                             0x080013d0   Number         4  led.o(.text.LED_Scan_Handle)
    __arm_cp.6_1                             0x080013d4   Number         4  led.o(.text.LED_Scan_Handle)
    __arm_cp.6_2                             0x080013d8   Number         4  led.o(.text.LED_Scan_Handle)
    __arm_cp.6_3                             0x080013dc   Number         4  led.o(.text.LED_Scan_Handle)
    [Anonymous Symbol]                       0x080013e0   Section        0  py32f002b_ll_adc.o(.text.LL_ADC_Init)
    __arm_cp.2_0                             0x08001410   Number         4  py32f002b_ll_adc.o(.text.LL_ADC_Init)
    [Anonymous Symbol]                       0x08001414   Section        0  py32f002b_ll_adc.o(.text.LL_ADC_REG_Init)
    __arm_cp.4_0                             0x08001438   Number         4  py32f002b_ll_adc.o(.text.LL_ADC_REG_Init)
    [Anonymous Symbol]                       0x0800143c   Section        0  py32f002b_ll_exti.o(.text.LL_EXTI_Init)
    __arm_cp.1_0                             0x080014dc   Number         4  py32f002b_ll_exti.o(.text.LL_EXTI_Init)
    __arm_cp.1_1                             0x080014e0   Number         4  py32f002b_ll_exti.o(.text.LL_EXTI_Init)
    [Anonymous Symbol]                       0x080014e4   Section        0  py32f002b_ll_gpio.o(.text.LL_GPIO_Init)
    [Anonymous Symbol]                       0x08001594   Section        0  py32f002b_ll_utils.o(.text.LL_Init1msTick)
    __arm_cp.0_0                             0x080015b0   Number         4  py32f002b_ll_utils.o(.text.LL_Init1msTick)
    [Anonymous Symbol]                       0x080015b4   Section        0  py32f002b_ll_lptim.o(.text.LL_LPTIM_Init)
    __arm_cp.2_0                             0x080015d4   Number         4  py32f002b_ll_lptim.o(.text.LL_LPTIM_Init)
    [Anonymous Symbol]                       0x080015d8   Section        0  py32f002b_ll_rcc.o(.text.LL_RCC_GetSystemClocksFreq)
    __arm_cp.1_0                             0x08001630   Number         4  py32f002b_ll_rcc.o(.text.LL_RCC_GetSystemClocksFreq)
    __arm_cp.1_1                             0x08001634   Number         4  py32f002b_ll_rcc.o(.text.LL_RCC_GetSystemClocksFreq)
    __arm_cp.1_2                             0x08001638   Number         4  py32f002b_ll_rcc.o(.text.LL_RCC_GetSystemClocksFreq)
    __arm_cp.1_3                             0x0800163c   Number         4  py32f002b_ll_rcc.o(.text.LL_RCC_GetSystemClocksFreq)
    __arm_cp.1_4                             0x08001640   Number         4  py32f002b_ll_rcc.o(.text.LL_RCC_GetSystemClocksFreq)
    [Anonymous Symbol]                       0x08001644   Section        0  py32f002b_ll_utils.o(.text.LL_SetSystemCoreClock)
    __arm_cp.2_0                             0x0800164c   Number         4  py32f002b_ll_utils.o(.text.LL_SetSystemCoreClock)
    [Anonymous Symbol]                       0x08001650   Section        0  py32f002b_ll_tim.o(.text.LL_TIM_Init)
    [Anonymous Symbol]                       0x080016a8   Section        0  py32f002b_ll_tim.o(.text.LL_TIM_OC_Init)
    __arm_cp.4_0                             0x08001894   Number         4  py32f002b_ll_tim.o(.text.LL_TIM_OC_Init)
    __arm_cp.4_1                             0x08001898   Number         4  py32f002b_ll_tim.o(.text.LL_TIM_OC_Init)
    __arm_cp.4_2                             0x0800189c   Number         4  py32f002b_ll_tim.o(.text.LL_TIM_OC_Init)
    __arm_cp.4_3                             0x080018a0   Number         4  py32f002b_ll_tim.o(.text.LL_TIM_OC_Init)
    __arm_cp.4_4                             0x080018a4   Number         4  py32f002b_ll_tim.o(.text.LL_TIM_OC_Init)
    [Anonymous Symbol]                       0x080018a8   Section        0  py32f002b_ll_usart.o(.text.LL_USART_Init)
    __arm_cp.1_0                             0x08001998   Number         4  py32f002b_ll_usart.o(.text.LL_USART_Init)
    __arm_cp.1_1                             0x0800199c   Number         4  py32f002b_ll_usart.o(.text.LL_USART_Init)
    [Anonymous Symbol]                       0x080019a0   Section        0  py32f002b_ll_utils.o(.text.LL_mDelay)
    __arm_cp.1_0                             0x080019c4   Number         4  py32f002b_ll_utils.o(.text.LL_mDelay)
    [Anonymous Symbol]                       0x080019c8   Section        0  py32f002b_it.o(.text.LPTIM1_IRQHandler)
    __arm_cp.9_0                             0x080019dc   Number         4  py32f002b_it.o(.text.LPTIM1_IRQHandler)
    __arm_cp.9_1                             0x080019e0   Number         4  py32f002b_it.o(.text.LPTIM1_IRQHandler)
    [Anonymous Symbol]                       0x080019e4   Section        0  led.o(.text.Led_Off)
    __arm_cp.7_0                             0x08001a24   Number         4  led.o(.text.Led_Off)
    __arm_cp.7_1                             0x08001a28   Number         4  led.o(.text.Led_Off)
    [Anonymous Symbol]                       0x08001a2c   Section        0  time.o(.text.Lptim_Init)
    __arm_cp.0_0                             0x08001abc   Number         4  time.o(.text.Lptim_Init)
    __arm_cp.0_1                             0x08001ac0   Number         4  time.o(.text.Lptim_Init)
    __arm_cp.0_2                             0x08001ac4   Number         4  time.o(.text.Lptim_Init)
    __arm_cp.0_3                             0x08001ac8   Number         4  time.o(.text.Lptim_Init)
    __arm_cp.0_4                             0x08001acc   Number         4  time.o(.text.Lptim_Init)
    [Anonymous Symbol]                       0x08001ad0   Section        0  py32f002b_it.o(.text.NMI_Handler)
    [Anonymous Symbol]                       0x08001ad2   Section        0  py32f002b_it.o(.text.PendSV_Handler)
    [Anonymous Symbol]                       0x08001ad4   Section        0  system.o(.text.Queue_Read_Byte)
    __arm_cp.8_0                             0x08001afc   Number         4  system.o(.text.Queue_Read_Byte)
    __arm_cp.8_1                             0x08001b00   Number         4  system.o(.text.Queue_Read_Byte)
    __arm_cp.8_2                             0x08001b04   Number         4  system.o(.text.Queue_Read_Byte)
    [Anonymous Symbol]                       0x08001b08   Section        0  led.o(.text.RGB_App_Handle)
    __arm_cp.16_0                            0x08001d8c   Number         4  led.o(.text.RGB_App_Handle)
    __arm_cp.16_1                            0x08001d90   Number         4  led.o(.text.RGB_App_Handle)
    __arm_cp.16_2                            0x08001d94   Number         4  led.o(.text.RGB_App_Handle)
    __arm_cp.16_3                            0x08001d98   Number         4  led.o(.text.RGB_App_Handle)
    __arm_cp.16_4                            0x08001d9c   Number         4  led.o(.text.RGB_App_Handle)
    __arm_cp.16_5                            0x08001da0   Number         4  led.o(.text.RGB_App_Handle)
    __arm_cp.16_6                            0x08001da4   Number         4  led.o(.text.RGB_App_Handle)
    __arm_cp.16_7                            0x08001da8   Number         4  led.o(.text.RGB_App_Handle)
    __arm_cp.16_8                            0x08001dac   Number         4  led.o(.text.RGB_App_Handle)
    __arm_cp.16_9                            0x08001db0   Number         4  led.o(.text.RGB_App_Handle)
    __arm_cp.16_10                           0x08001db4   Number         4  led.o(.text.RGB_App_Handle)
    __arm_cp.16_11                           0x08001db8   Number         4  led.o(.text.RGB_App_Handle)
    [Anonymous Symbol]                       0x08001dbc   Section        0  py32f002b_it.o(.text.SVC_Handler)
    [Anonymous Symbol]                       0x08001dbe   Section        0  py32f002b_it.o(.text.SysTick_Handler)
    [Anonymous Symbol]                       0x08001dd0   Section        0  task.o(.text.Sys_EnterSleep_Handle)
    __arm_cp.3_0                             0x08001f14   Number         4  task.o(.text.Sys_EnterSleep_Handle)
    __arm_cp.3_1                             0x08001f18   Number         4  task.o(.text.Sys_EnterSleep_Handle)
    __arm_cp.3_2                             0x08001f1c   Number         4  task.o(.text.Sys_EnterSleep_Handle)
    __arm_cp.3_4                             0x08001f20   Number         4  task.o(.text.Sys_EnterSleep_Handle)
    __arm_cp.3_5                             0x08001f24   Number         4  task.o(.text.Sys_EnterSleep_Handle)
    __arm_cp.3_7                             0x08001f28   Number         4  task.o(.text.Sys_EnterSleep_Handle)
    __arm_cp.3_8                             0x08001f2c   Number         4  task.o(.text.Sys_EnterSleep_Handle)
    __arm_cp.3_9                             0x08001f30   Number         4  task.o(.text.Sys_EnterSleep_Handle)
    __arm_cp.3_10                            0x08001f34   Number         4  task.o(.text.Sys_EnterSleep_Handle)
    __arm_cp.3_11                            0x08001f38   Number         4  task.o(.text.Sys_EnterSleep_Handle)
    __arm_cp.3_12                            0x08001f3c   Number         4  task.o(.text.Sys_EnterSleep_Handle)
    __arm_cp.3_13                            0x08001f40   Number         4  task.o(.text.Sys_EnterSleep_Handle)
    [Anonymous Symbol]                       0x08001f44   Section        0  task.o(.text.Sys_Timer1ms_Handle)
    __arm_cp.0_2                             0x08001f74   Number         4  task.o(.text.Sys_Timer1ms_Handle)
    __arm_cp.0_3                             0x08001f78   Number         4  task.o(.text.Sys_Timer1ms_Handle)
    [Anonymous Symbol]                       0x08001f7c   Section        0  system_py32f002b.o(.text.SystemInit)
    __arm_cp.1_0                             0x08001fa4   Number         4  system_py32f002b.o(.text.SystemInit)
    __arm_cp.1_1                             0x08001fa8   Number         4  system_py32f002b.o(.text.SystemInit)
    __arm_cp.1_2                             0x08001fac   Number         4  system_py32f002b.o(.text.SystemInit)
    __arm_cp.1_3                             0x08001fb0   Number         4  system_py32f002b.o(.text.SystemInit)
    __arm_cp.1_4                             0x08001fb4   Number         4  system_py32f002b.o(.text.SystemInit)
    [Anonymous Symbol]                       0x08001fb8   Section        0  py32f002b_it.o(.text.TIM14_IRQHandler)
    __arm_cp.7_0                             0x08001fc8   Number         4  py32f002b_it.o(.text.TIM14_IRQHandler)
    [Anonymous Symbol]                       0x08001fcc   Section        0  py32f002b_it.o(.text.TIM1_BRK_UP_TRG_COM_IRQHandler)
    __arm_cp.6_0                             0x0800200c   Number         4  py32f002b_it.o(.text.TIM1_BRK_UP_TRG_COM_IRQHandler)
    __arm_cp.6_1                             0x08002010   Number         4  py32f002b_it.o(.text.TIM1_BRK_UP_TRG_COM_IRQHandler)
    __arm_cp.6_2                             0x08002014   Number         4  py32f002b_it.o(.text.TIM1_BRK_UP_TRG_COM_IRQHandler)
    __arm_cp.6_3                             0x08002018   Number         4  py32f002b_it.o(.text.TIM1_BRK_UP_TRG_COM_IRQHandler)
    [Anonymous Symbol]                       0x0800201c   Section        0  py32f002b_it.o(.text.USART1_IRQHandler)
    __arm_cp.5_0                             0x08002028   Number         4  py32f002b_it.o(.text.USART1_IRQHandler)
    [Anonymous Symbol]                       0x0800202c   Section        0  protocol.o(.text.all_data_update)
    __arm_cp.1_0                             0x08002084   Number         4  protocol.o(.text.all_data_update)
    __arm_cp.1_1                             0x08002088   Number         4  protocol.o(.text.all_data_update)
    __arm_cp.1_2                             0x0800208c   Number         4  protocol.o(.text.all_data_update)
    [Anonymous Symbol]                       0x08002090   Section        0  mcu_api.o(.text.bt_protocol_init)
    __arm_cp.20_0                            0x080020a4   Number         4  mcu_api.o(.text.bt_protocol_init)
    __arm_cp.20_1                            0x080020a8   Number         4  mcu_api.o(.text.bt_protocol_init)
    __arm_cp.20_2                            0x080020ac   Number         4  mcu_api.o(.text.bt_protocol_init)
    [Anonymous Symbol]                       0x080020b0   Section        0  mcu_api.o(.text.bt_uart_service)
    __arm_cp.19_0                            0x08002168   Number         4  mcu_api.o(.text.bt_uart_service)
    [Anonymous Symbol]                       0x0800216c   Section        0  system.o(.text.bt_uart_write_frame)
    [Anonymous Symbol]                       0x080021c0   Section        0  system.o(.text.data_handle)
    __arm_cp.6_0                             0x080023f0   Number         4  system.o(.text.data_handle)
    __arm_cp.6_2                             0x080023f4   Number         4  system.o(.text.data_handle)
    __arm_cp.6_3                             0x080023f8   Number         4  system.o(.text.data_handle)
    __arm_cp.6_4                             0x080023fc   Number         4  system.o(.text.data_handle)
    __arm_cp.6_5                             0x08002400   Number         4  system.o(.text.data_handle)
    __arm_cp.6_6                             0x08002404   Number         4  system.o(.text.data_handle)
    __arm_cp.6_7                             0x08002408   Number         4  system.o(.text.data_handle)
    [Anonymous Symbol]                       0x0800240c   Section        0  system.o(.text.disable_low_power)
    __arm_cp.5_0                             0x0800245c   Number         4  system.o(.text.disable_low_power)
    [Anonymous Symbol]                       0x08002460   Section        0  protocol.o(.text.dp_download_handle)
    __arm_cp.2_0                             0x08002960   Number         4  protocol.o(.text.dp_download_handle)
    __arm_cp.2_1                             0x08002964   Number         4  protocol.o(.text.dp_download_handle)
    __arm_cp.2_2                             0x08002968   Number         4  protocol.o(.text.dp_download_handle)
    __arm_cp.2_3                             0x0800296c   Number         4  protocol.o(.text.dp_download_handle)
    __arm_cp.2_4                             0x08002970   Number         4  protocol.o(.text.dp_download_handle)
    __arm_cp.2_5                             0x08002974   Number         4  protocol.o(.text.dp_download_handle)
    [Anonymous Symbol]                       0x08002978   Section        0  system.o(.text.enable_low_power)
    [Anonymous Symbol]                       0x080029c8   Section        0  system.o(.text.get_check_sum)
    [Anonymous Symbol]                       0x080029e2   Section        0  protocol.o(.text.get_download_cmd_total)
    [Anonymous Symbol]                       0x080029e8   Section        0  system.o(.text.get_queue_total_data)
    [Anonymous Symbol]                       0x080029f8   Section        0  main.o(.text.main)
    __arm_cp.0_0                             0x08002b10   Number         4  main.o(.text.main)
    __arm_cp.0_1                             0x08002b14   Number         4  main.o(.text.main)
    __arm_cp.0_2                             0x08002b18   Number         4  main.o(.text.main)
    __arm_cp.0_4                             0x08002b1c   Number         4  main.o(.text.main)
    __arm_cp.0_5                             0x08002b20   Number         4  main.o(.text.main)
    __arm_cp.0_6                             0x08002b24   Number         4  main.o(.text.main)
    __arm_cp.0_7                             0x08002b28   Number         4  main.o(.text.main)
    [Anonymous Symbol]                       0x08002b2c   Section        0  mcu_api.o(.text.mcu_dp_bool_update)
    [Anonymous Symbol]                       0x08002b6c   Section        0  mcu_api.o(.text.mcu_dp_enum_update)
    [Anonymous Symbol]                       0x08002ba8   Section        0  mcu_api.o(.text.mcu_dp_raw_update)
    [Anonymous Symbol]                       0x08002be8   Section        0  mcu_api.o(.text.mcu_dp_string_update)
    [Anonymous Symbol]                       0x08002c24   Section        0  mcu_api.o(.text.mcu_dp_value_update)
    __arm_cp.11_0                            0x08002c74   Number         4  mcu_api.o(.text.mcu_dp_value_update)
    [Anonymous Symbol]                       0x08002c78   Section        0  mcu_api.o(.text.mcu_get_dp_download_bool)
    [Anonymous Symbol]                       0x08002c7c   Section        0  mcu_api.o(.text.mcu_get_dp_download_enum)
    [Anonymous Symbol]                       0x08002c80   Section        0  mcu_api.o(.text.mcu_get_dp_download_value)
    [Anonymous Symbol]                       0x08002c96   Section        0  mcu_api.o(.text.my_memcpy)
    [Anonymous Symbol]                       0x08002cd6   Section        0  mcu_api.o(.text.my_strlen)
    [Anonymous Symbol]                       0x08002cf4   Section        0  system.o(.text.set_bt_uart_buffer)
    [Anonymous Symbol]                       0x08002d0c   Section        0  system.o(.text.set_bt_uart_byte)
    __arm_cp.0_0                             0x08002d18   Number         4  system.o(.text.set_bt_uart_byte)
    [Anonymous Symbol]                       0x08002d1c   Section        0  mcu_api.o(.text.uart_receive_input)
    __arm_cp.18_0                            0x08002d48   Number         4  mcu_api.o(.text.uart_receive_input)
    __arm_cp.18_1                            0x08002d4c   Number         4  mcu_api.o(.text.uart_receive_input)
    __arm_cp.18_2                            0x08002d50   Number         4  mcu_api.o(.text.uart_receive_input)
    [Anonymous Symbol]                       0x08002d54   Section        0  protocol.o(.text.uart_transmit_output)
    __arm_cp.0_0                             0x08002d68   Number         4  protocol.o(.text.uart_transmit_output)
    i.__aeabi_errno_addr                     0x08002d6c   Section        0  errno.o(i.__aeabi_errno_addr)
    i.__scatterload_copy                     0x08002d74   Section       14  handlers.o(i.__scatterload_copy)
    i.__scatterload_null                     0x08002d82   Section        2  handlers.o(i.__scatterload_null)
    i.__scatterload_zeroinit                 0x08002d84   Section       14  handlers.o(i.__scatterload_zeroinit)
    .constdata                               0x08002d92   Section      129  ctype_o.o(.constdata)
    table                                    0x08002e14   Data           4  ctype_o.o(.constdata)
    .constdata                               0x08002e14   Section        4  ctype_o.o(.constdata)
    .L.str.1                                 0x08002eb8   Data           6  system.o(.rodata.str1.1)
    [Anonymous Symbol]                       0x08002eb8   Section        0  system.o(.rodata.str1.1)
    .L.str                                   0x08002ebe   Data           9  system.o(.rodata.str1.1)
    _errno                                   0x20000000   Data           4  errno.o(.data)
    .data                                    0x20000000   Section        4  errno.o(.data)
    BatVolatageToPercent_handle.gear_changetemp 0x20000022   Data           1  adc.o(.bss.BatVolatageToPercent_handle.gear_changetemp)
    [Anonymous Symbol]                       0x20000022   Section        0  adc.o(.bss.BatVolatageToPercent_handle.gear_changetemp)
    BatVolatageToPercent_handle.last_percent 0x20000023   Data           1  adc.o(.bss.BatVolatageToPercent_handle.last_percent)
    [Anonymous Symbol]                       0x20000023   Section        0  adc.o(.bss.BatVolatageToPercent_handle.last_percent)
    Bat_StatusCheck_Handle.filter_cnt        0x20000024   Data           1  adc.o(.bss.Bat_StatusCheck_Handle.filter_cnt)
    [Anonymous Symbol]                       0x20000024   Section        0  adc.o(.bss.Bat_StatusCheck_Handle.filter_cnt)
    Bat_StatusCheck_Handle.filter_cnt1       0x20000025   Data           1  adc.o(.bss.Bat_StatusCheck_Handle.filter_cnt1)
    [Anonymous Symbol]                       0x20000025   Section        0  adc.o(.bss.Bat_StatusCheck_Handle.filter_cnt1)
    IR_RGB_MODE_handle.status                0x20000026   Data           1  led.o(.bss.IR_RGB_MODE_handle.status)
    [Anonymous Symbol]                       0x20000026   Section        0  led.o(.bss.IR_RGB_MODE_handle.status)
    IR_RGB_MODE_handle.time_cnt              0x20000027   Data           1  led.o(.bss.IR_RGB_MODE_handle.time_cnt)
    [Anonymous Symbol]                       0x20000027   Section        0  led.o(.bss.IR_RGB_MODE_handle.time_cnt)
    LED_DisplayBatGear_Handle.charge_flash   0x20000034   Data           1  led.o(.bss.LED_DisplayBatGear_Handle.charge_flash)
    [Anonymous Symbol]                       0x20000034   Section        0  led.o(.bss.LED_DisplayBatGear_Handle.charge_flash)
    LED_DisplayBatGear_Handle.flash_cnt      0x20000035   Data           1  led.o(.bss.LED_DisplayBatGear_Handle.flash_cnt)
    [Anonymous Symbol]                       0x20000035   Section        0  led.o(.bss.LED_DisplayBatGear_Handle.flash_cnt)
    LED_DisplayBatGear_Handle.low_flash      0x20000036   Data           1  led.o(.bss.LED_DisplayBatGear_Handle.low_flash)
    [Anonymous Symbol]                       0x20000036   Section        0  led.o(.bss.LED_DisplayBatGear_Handle.low_flash)
    LED_Scan_Handle.ScanCount                0x20000038   Data           1  led.o(.bss.LED_Scan_Handle.ScanCount)
    [Anonymous Symbol]                       0x20000038   Section        0  led.o(.bss.LED_Scan_Handle.ScanCount)
    RGB_App_Handle.TY_Reset_Mode_Status      0x20000074   Data           1  led.o(.bss.RGB_App_Handle.TY_Reset_Mode_Status)
    [Anonymous Symbol]                       0x20000074   Section        0  led.o(.bss.RGB_App_Handle.TY_Reset_Mode_Status)
    bt_uart_service.rx_in                    0x2000022e   Data           2  mcu_api.o(.bss.bt_uart_service.rx_in)
    [Anonymous Symbol]                       0x2000022e   Section        0  mcu_api.o(.bss.bt_uart_service.rx_in)
    heat_beat_check.mcu_reset_state          0x20000250   Data           1  system.o(.bss.heat_beat_check.mcu_reset_state)
    [Anonymous Symbol]                       0x20000250   Section        0  system.o(.bss.heat_beat_check.mcu_reset_state)
    percent_temp                             0x20000254   Data          10  adc.o(.bss.percent_temp)
    [Anonymous Symbol]                       0x20000254   Section        0  adc.o(.bss.percent_temp)
    STACK                                    0x20000270   Section     1024  startup_py32f002bxx.o(STACK)

    Global Symbols

    Symbol Name                              Value     Ov Type        Size  Object(Section)

    BuildAttributes$$THM_ISAv3M$S$PE$A:L22$X:L11$S22$IEEE1$IW$~IW$USESV6$~STKCKD$USESV7$~SHL$OTIME$EBA8$MICROLIB$REQ8$PRES8$EABIv2 0x00000000   Number         0  anon$$obj.o ABSOLUTE
    __cpp_initialize__aeabi_                  - Undefined Weak Reference
    __cxa_finalize                            - Undefined Weak Reference
    __decompress                              - Undefined Weak Reference
    _clock_init                               - Undefined Weak Reference
    _microlib_exit                            - Undefined Weak Reference
    __Vectors_Size                           0x000000c0   Number         0  startup_py32f002bxx.o ABSOLUTE
    __Vectors                                0x08000000   Data           4  startup_py32f002bxx.o(RESET)
    __Vectors_End                            0x080000c0   Data           0  startup_py32f002bxx.o(RESET)
    __main                                   0x080000c1   Thumb Code     0  entry.o(.ARM.Collect$$$$00000000)
    _main_stk                                0x080000c1   Thumb Code     0  entry2.o(.ARM.Collect$$$$00000001)
    _main_scatterload                        0x080000c5   Thumb Code     0  entry5.o(.ARM.Collect$$$$00000004)
    __main_after_scatterload                 0x080000c9   Thumb Code     0  entry5.o(.ARM.Collect$$$$00000004)
    _main_clock                              0x080000c9   Thumb Code     0  entry7b.o(.ARM.Collect$$$$00000008)
    _main_cpp_init                           0x080000c9   Thumb Code     0  entry8b.o(.ARM.Collect$$$$0000000A)
    _main_init                               0x080000c9   Thumb Code     0  entry9a.o(.ARM.Collect$$$$0000000B)
    __rt_final_cpp                           0x080000d1   Thumb Code     0  entry10a.o(.ARM.Collect$$$$0000000D)
    __rt_final_exit                          0x080000d1   Thumb Code     0  entry11a.o(.ARM.Collect$$$$0000000F)
    Reset_Handler                            0x080000d5   Thumb Code     8  startup_py32f002bxx.o(.text)
    EXTI0_1_IRQHandler                       0x080000e7   Thumb Code     0  startup_py32f002bxx.o(.text)
    FLASH_IRQHandler                         0x080000e7   Thumb Code     0  startup_py32f002bxx.o(.text)
    I2C1_IRQHandler                          0x080000e7   Thumb Code     0  startup_py32f002bxx.o(.text)
    RCC_IRQHandler                           0x080000e7   Thumb Code     0  startup_py32f002bxx.o(.text)
    SPI1_IRQHandler                          0x080000e7   Thumb Code     0  startup_py32f002bxx.o(.text)
    TIM1_CC_IRQHandler                       0x080000e7   Thumb Code     0  startup_py32f002bxx.o(.text)
    strtol                                   0x080000f1   Thumb Code   108  strtol.o(.text)
    __aeabi_uidiv                            0x08000161   Thumb Code     0  uidiv_div0.o(.text)
    __aeabi_uidivmod                         0x08000161   Thumb Code    62  uidiv_div0.o(.text)
    __aeabi_idiv                             0x080001a1   Thumb Code     0  idiv_div0.o(.text)
    __aeabi_idivmod$div0                     0x080001a1   Thumb Code    74  idiv_div0.o(.text)
    __rt_ctype_table                         0x080001f1   Thumb Code     4  ctype_o.o(.text)
    _strtoul                                 0x080001f9   Thumb Code   166  _strtoul.o(.text)
    __scatterload                            0x080002a1   Thumb Code    28  init.o(.text)
    __scatterload_rt2                        0x080002a1   Thumb Code     0  init.o(.text)
    _chval                                   0x080002c5   Thumb Code    30  _chval.o(.text)
    ADC_COMP_IRQHandler                      0x080002e5   Thumb Code    20  py32f002b_it.o(.text.ADC_COMP_IRQHandler)
    APP_AdcConfig                            0x080002f9   Thumb Code   308  adc.o(.text.APP_AdcConfig)
    APP_AdcGrpRegularUnitaryConvCompleteCallback 0x0800042d   Thumb Code    44  adc.o(.text.APP_AdcGrpRegularUnitaryConvCompleteCallback)
    APP_ConfigUsart                          0x08000459   Thumb Code   244  usart.o(.text.APP_ConfigUsart)
    APP_ErrorHandler                         0x0800054d   Thumb Code     2  main.o(.text.APP_ErrorHandler)
    APP_UsartIRQCallback                     0x08000551   Thumb Code   120  usart.o(.text.APP_UsartIRQCallback)
    Adc_BatVolatageCollection_handle         0x080005c9   Thumb Code    88  adc.o(.text.Adc_BatVolatageCollection_handle)
    BatVolatageToPercent_handle              0x08000621   Thumb Code   388  adc.o(.text.BatVolatageToPercent_handle)
    Bat_GpioInit                             0x080007a5   Thumb Code    96  adc.o(.text.Bat_GpioInit)
    Bat_StatusCheck_Handle                   0x08000805   Thumb Code   252  adc.o(.text.Bat_StatusCheck_Handle)
    EXTI2_3_IRQHandler                       0x08000901   Thumb Code    16  py32f002b_it.o(.text.EXTI2_3_IRQHandler)
    EXTI4_15_IRQHandler                      0x08000911   Thumb Code    52  py32f002b_it.o(.text.EXTI4_15_IRQHandler)
    HAL_GetTick                              0x08000945   Thumb Code     8  py32f002b_hal.o(.text.HAL_GetTick)
    HAL_IncTick                              0x0800094d   Thumb Code    24  py32f002b_hal.o(.text.HAL_IncTick)
    HardFault_Handler                        0x08000965   Thumb Code     2  py32f002b_it.o(.text.HardFault_Handler)
    IR_RGB_MODE_handle                       0x08000969   Thumb Code   160  led.o(.text.IR_RGB_MODE_handle)
    Ir_CommandReceiv                         0x08000a09   Thumb Code   816  ir.o(.text.Ir_CommandReceiv)
    Ir_ExtiCallback                          0x08000d39   Thumb Code   108  ir.o(.text.Ir_ExtiCallback)
    Ir_Init                                  0x08000da5   Thumb Code   180  ir.o(.text.Ir_Init)
    Ir_Scan                                  0x08000e59   Thumb Code    64  ir.o(.text.Ir_Scan)
    Ir_Time14IRQCallback                     0x08000e99   Thumb Code    44  ir.o(.text.Ir_Time14IRQCallback)
    LED_DisplayBatGear_Handle                0x08000ec5   Thumb Code   104  led.o(.text.LED_DisplayBatGear_Handle)
    LED_Init                                 0x08000f2d   Thumb Code   132  led.o(.text.LED_Init)
    LED_RGB_HSVdisplay                       0x08000fb1   Thumb Code   280  led.o(.text.LED_RGB_HSVdisplay)
    LED_RGB_Off_Handle                       0x080010c9   Thumb Code    36  led.o(.text.LED_RGB_Off_Handle)
    LED_RGB_On_Handle                        0x080010ed   Thumb Code    56  led.o(.text.LED_RGB_On_Handle)
    LED_RGB_SetDisplayHSV                    0x08001125   Thumb Code    12  led.o(.text.LED_RGB_SetDisplayHSV)
    LED_RGB_SetHSV                           0x08001131   Thumb Code    12  led.o(.text.LED_RGB_SetHSV)
    LED_RGB_To_OnStatus                      0x0800113d   Thumb Code    36  led.o(.text.LED_RGB_To_OnStatus)
    LED_RGB_init                             0x08001161   Thumb Code   260  led.o(.text.LED_RGB_init)
    LED_Scan_Handle                          0x08001265   Thumb Code   380  led.o(.text.LED_Scan_Handle)
    LL_ADC_Init                              0x080013e1   Thumb Code    52  py32f002b_ll_adc.o(.text.LL_ADC_Init)
    LL_ADC_REG_Init                          0x08001415   Thumb Code    40  py32f002b_ll_adc.o(.text.LL_ADC_REG_Init)
    LL_EXTI_Init                             0x0800143d   Thumb Code   168  py32f002b_ll_exti.o(.text.LL_EXTI_Init)
    LL_GPIO_Init                             0x080014e5   Thumb Code   176  py32f002b_ll_gpio.o(.text.LL_GPIO_Init)
    LL_Init1msTick                           0x08001595   Thumb Code    32  py32f002b_ll_utils.o(.text.LL_Init1msTick)
    LL_LPTIM_Init                            0x080015b5   Thumb Code    36  py32f002b_ll_lptim.o(.text.LL_LPTIM_Init)
    LL_RCC_GetSystemClocksFreq               0x080015d9   Thumb Code   108  py32f002b_ll_rcc.o(.text.LL_RCC_GetSystemClocksFreq)
    LL_SetSystemCoreClock                    0x08001645   Thumb Code    12  py32f002b_ll_utils.o(.text.LL_SetSystemCoreClock)
    LL_TIM_Init                              0x08001651   Thumb Code    88  py32f002b_ll_tim.o(.text.LL_TIM_Init)
    LL_TIM_OC_Init                           0x080016a9   Thumb Code   512  py32f002b_ll_tim.o(.text.LL_TIM_OC_Init)
    LL_USART_Init                            0x080018a9   Thumb Code   248  py32f002b_ll_usart.o(.text.LL_USART_Init)
    LL_mDelay                                0x080019a1   Thumb Code    40  py32f002b_ll_utils.o(.text.LL_mDelay)
    LPTIM1_IRQHandler                        0x080019c9   Thumb Code    28  py32f002b_it.o(.text.LPTIM1_IRQHandler)
    Led_Off                                  0x080019e5   Thumb Code    72  led.o(.text.Led_Off)
    Lptim_Init                               0x08001a2d   Thumb Code   164  time.o(.text.Lptim_Init)
    NMI_Handler                              0x08001ad1   Thumb Code     2  py32f002b_it.o(.text.NMI_Handler)
    PendSV_Handler                           0x08001ad3   Thumb Code     2  py32f002b_it.o(.text.PendSV_Handler)
    Queue_Read_Byte                          0x08001ad5   Thumb Code    52  system.o(.text.Queue_Read_Byte)
    RGB_App_Handle                           0x08001b09   Thumb Code   692  led.o(.text.RGB_App_Handle)
    SVC_Handler                              0x08001dbd   Thumb Code     2  py32f002b_it.o(.text.SVC_Handler)
    SysTick_Handler                          0x08001dbf   Thumb Code    16  py32f002b_it.o(.text.SysTick_Handler)
    Sys_EnterSleep_Handle                    0x08001dd1   Thumb Code   372  task.o(.text.Sys_EnterSleep_Handle)
    Sys_Timer1ms_Handle                      0x08001f45   Thumb Code    56  task.o(.text.Sys_Timer1ms_Handle)
    SystemInit                               0x08001f7d   Thumb Code    60  system_py32f002b.o(.text.SystemInit)
    TIM14_IRQHandler                         0x08001fb9   Thumb Code    20  py32f002b_it.o(.text.TIM14_IRQHandler)
    TIM1_BRK_UP_TRG_COM_IRQHandler           0x08001fcd   Thumb Code    80  py32f002b_it.o(.text.TIM1_BRK_UP_TRG_COM_IRQHandler)
    USART1_IRQHandler                        0x0800201d   Thumb Code    16  py32f002b_it.o(.text.USART1_IRQHandler)
    all_data_update                          0x0800202d   Thumb Code   100  protocol.o(.text.all_data_update)
    bt_protocol_init                         0x08002091   Thumb Code    32  mcu_api.o(.text.bt_protocol_init)
    bt_uart_service                          0x080020b1   Thumb Code   188  mcu_api.o(.text.bt_uart_service)
    bt_uart_write_frame                      0x0800216d   Thumb Code    84  system.o(.text.bt_uart_write_frame)
    data_handle                              0x080021c1   Thumb Code   588  system.o(.text.data_handle)
    disable_low_power                        0x0800240d   Thumb Code    84  system.o(.text.disable_low_power)
    dp_download_handle                       0x08002461   Thumb Code  1304  protocol.o(.text.dp_download_handle)
    enable_low_power                         0x08002979   Thumb Code    80  system.o(.text.enable_low_power)
    get_check_sum                            0x080029c9   Thumb Code    26  system.o(.text.get_check_sum)
    get_download_cmd_total                   0x080029e3   Thumb Code     4  protocol.o(.text.get_download_cmd_total)
    get_queue_total_data                     0x080029e9   Thumb Code    16  system.o(.text.get_queue_total_data)
    main                                     0x080029f9   Thumb Code   308  main.o(.text.main)
    mcu_dp_bool_update                       0x08002b2d   Thumb Code    64  mcu_api.o(.text.mcu_dp_bool_update)
    mcu_dp_enum_update                       0x08002b6d   Thumb Code    60  mcu_api.o(.text.mcu_dp_enum_update)
    mcu_dp_raw_update                        0x08002ba9   Thumb Code    64  mcu_api.o(.text.mcu_dp_raw_update)
    mcu_dp_string_update                     0x08002be9   Thumb Code    60  mcu_api.o(.text.mcu_dp_string_update)
    mcu_dp_value_update                      0x08002c25   Thumb Code    84  mcu_api.o(.text.mcu_dp_value_update)
    mcu_get_dp_download_bool                 0x08002c79   Thumb Code     4  mcu_api.o(.text.mcu_get_dp_download_bool)
    mcu_get_dp_download_enum                 0x08002c7d   Thumb Code     4  mcu_api.o(.text.mcu_get_dp_download_enum)
    mcu_get_dp_download_value                0x08002c81   Thumb Code    22  mcu_api.o(.text.mcu_get_dp_download_value)
    my_memcpy                                0x08002c97   Thumb Code    64  mcu_api.o(.text.my_memcpy)
    my_strlen                                0x08002cd7   Thumb Code    28  mcu_api.o(.text.my_strlen)
    set_bt_uart_buffer                       0x08002cf5   Thumb Code    24  system.o(.text.set_bt_uart_buffer)
    set_bt_uart_byte                         0x08002d0d   Thumb Code    16  system.o(.text.set_bt_uart_byte)
    uart_receive_input                       0x08002d1d   Thumb Code    56  mcu_api.o(.text.uart_receive_input)
    uart_transmit_output                     0x08002d55   Thumb Code    24  protocol.o(.text.uart_transmit_output)
    __aeabi_errno_addr                       0x08002d6d   Thumb Code     4  errno.o(i.__aeabi_errno_addr)
    __rt_errno_addr                          0x08002d6d   Thumb Code     0  errno.o(i.__aeabi_errno_addr)
    __scatterload_copy                       0x08002d75   Thumb Code    14  handlers.o(i.__scatterload_copy)
    __scatterload_null                       0x08002d83   Thumb Code     2  handlers.o(i.__scatterload_null)
    __scatterload_zeroinit                   0x08002d85   Thumb Code    14  handlers.o(i.__scatterload_zeroinit)
    __ctype_table                            0x08002d92   Data         129  ctype_o.o(.constdata)
    AHBPrescTable                            0x08002e18   Data          64  system_py32f002b.o(.rodata.AHBPrescTable)
    APBPrescTable                            0x08002e58   Data          32  system_py32f002b.o(.rodata.APBPrescTable)
    HSIFreqTable                             0x08002e78   Data          32  system_py32f002b.o(.rodata.HSIFreqTable)
    download_cmd                             0x08002e98   Data          32  protocol.o(.rodata.download_cmd)
    Region$$Table$$Base                      0x08002ec8   Number         0  anon$$obj.o(Region$$Table)
    Region$$Table$$Limit                     0x08002ee8   Number         0  anon$$obj.o(Region$$Table)
    SystemCoreClock                          0x20000004   Data           4  system_py32f002b.o(.data.SystemCoreClock)
    uwTickFreq                               0x20000008   Data           4  py32f002b_hal.o(.data.uwTickFreq)
    Adc                                      0x20000010   Data          10  adc.o(.bss.Adc)
    Bat                                      0x2000001a   Data           8  adc.o(.bss.Bat)
    Ir                                       0x20000028   Data          12  ir.o(.bss.Ir)
    LED_DisplayTemp                          0x20000037   Data           1  led.o(.bss.LED_DisplayTemp)
    RGB                                      0x2000003c   Data          56  led.o(.bss.RGB)
    Sys                                      0x20000076   Data          10  task.o(.bss.Sys)
    TY                                       0x20000080   Data           8  task.o(.bss.TY)
    TxBuff                                   0x20000088   Data           4  usart.o(.bss.TxBuff)
    TxCount                                  0x2000008c   Data           2  usart.o(.bss.TxCount)
    UartReady                                0x2000008e   Data           1  usart.o(.bss.UartReady)
    bt_queue_buf                             0x2000008f   Data         167  system.o(.bss.bt_queue_buf)
    bt_uart_rx_buf                           0x20000136   Data         247  system.o(.bss.bt_uart_rx_buf)
    bt_uart_tx_buf                           0x20000230   Data          31  system.o(.bss.bt_uart_tx_buf)
    bt_work_state                            0x2000024f   Data           1  system.o(.bss.bt_work_state)
    queue_in                                 0x20000260   Data           4  system.o(.bss.queue_in)
    queue_out                                0x20000264   Data           4  system.o(.bss.queue_out)
    reset_bt_flag                            0x20000268   Data           1  system.o(.bss.reset_bt_flag)
    stop_update_flag                         0x20000269   Data           1  system.o(.bss.stop_update_flag)
    uwTick                                   0x2000026c   Data           4  py32f002b_hal.o(.bss.uwTick)
    __initial_sp                             0x20000670   Data           0  startup_py32f002bxx.o(STACK)



==============================================================================

Memory Map of the image

  Image Entry point : 0x080000c1

  Load Region LR_IROM1 (Base: 0x08000000, Size: 0x00002ef8, Max: 0x00006000, ABSOLUTE)

    Execution Region ER_IROM1 (Exec base: 0x08000000, Load base: 0x08000000, Size: 0x00002ee8, Max: 0x00006000, ABSOLUTE)

    Exec Addr    Load Addr    Size         Type   Attr      Idx    E Section Name        Object

    0x08000000   0x08000000   0x000000c0   Data   RO            3    RESET               startup_py32f002bxx.o
    0x080000c0   0x080000c0   0x00000000   Code   RO          672  * .ARM.Collect$$$$00000000  mc_p.l(entry.o)
    0x080000c0   0x080000c0   0x00000004   Code   RO          687    .ARM.Collect$$$$00000001  mc_p.l(entry2.o)
    0x080000c4   0x080000c4   0x00000004   Code   RO          690    .ARM.Collect$$$$00000004  mc_p.l(entry5.o)
    0x080000c8   0x080000c8   0x00000000   Code   RO          692    .ARM.Collect$$$$00000008  mc_p.l(entry7b.o)
    0x080000c8   0x080000c8   0x00000000   Code   RO          694    .ARM.Collect$$$$0000000A  mc_p.l(entry8b.o)
    0x080000c8   0x080000c8   0x00000008   Code   RO          695    .ARM.Collect$$$$0000000B  mc_p.l(entry9a.o)
    0x080000d0   0x080000d0   0x00000000   Code   RO          697    .ARM.Collect$$$$0000000D  mc_p.l(entry10a.o)
    0x080000d0   0x080000d0   0x00000000   Code   RO          699    .ARM.Collect$$$$0000000F  mc_p.l(entry11a.o)
    0x080000d0   0x080000d0   0x00000004   Code   RO          688    .ARM.Collect$$$$00002712  mc_p.l(entry2.o)
    0x080000d4   0x080000d4   0x0000001c   Code   RO            4    .text               startup_py32f002bxx.o
    0x080000f0   0x080000f0   0x00000070   Code   RO          685    .text               mc_p.l(strtol.o)
    0x08000160   0x08000160   0x0000003e   Code   RO          705    .text               mc_p.l(uidiv_div0.o)
    0x0800019e   0x0800019e   0x00000002   PAD
    0x080001a0   0x080001a0   0x00000050   Code   RO          707    .text               mc_p.l(idiv_div0.o)
    0x080001f0   0x080001f0   0x00000008   Code   RO          711    .text               mc_p.l(ctype_o.o)
    0x080001f8   0x080001f8   0x000000a6   Code   RO          746    .text               mc_p.l(_strtoul.o)
    0x0800029e   0x0800029e   0x00000002   PAD
    0x080002a0   0x080002a0   0x00000024   Code   RO          748    .text               mc_p.l(init.o)
    0x080002c4   0x080002c4   0x0000001e   Code   RO          750    .text               mc_p.l(_chval.o)
    0x080002e2   0x080002e2   0x00000002   PAD
    0x080002e4   0x080002e4   0x00000014   Code   RO           43    .text.ADC_COMP_IRQHandler  py32f002b_it.o
    0x080002f8   0x080002f8   0x00000134   Code   RO          379    .text.APP_AdcConfig  adc.o
    0x0800042c   0x0800042c   0x0000002c   Code   RO          381    .text.APP_AdcGrpRegularUnitaryConvCompleteCallback  adc.o
    0x08000458   0x08000458   0x000000f4   Code   RO          539    .text.APP_ConfigUsart  usart.o
    0x0800054c   0x0800054c   0x00000002   Code   RO           61    .text.APP_ErrorHandler  main.o
    0x0800054e   0x0800054e   0x00000002   PAD
    0x08000550   0x08000550   0x00000078   Code   RO          545    .text.APP_UsartIRQCallback  usart.o
    0x080005c8   0x080005c8   0x00000058   Code   RO          383    .text.Adc_BatVolatageCollection_handle  adc.o
    0x08000620   0x08000620   0x00000184   Code   RO          385    .text.BatVolatageToPercent_handle  adc.o
    0x080007a4   0x080007a4   0x00000060   Code   RO          373    .text.Bat_GpioInit  adc.o
    0x08000804   0x08000804   0x000000fc   Code   RO          387    .text.Bat_StatusCheck_Handle  adc.o
    0x08000900   0x08000900   0x00000010   Code   RO           49    .text.EXTI2_3_IRQHandler  py32f002b_it.o
    0x08000910   0x08000910   0x00000034   Code   RO           47    .text.EXTI4_15_IRQHandler  py32f002b_it.o
    0x08000944   0x08000944   0x00000008   Code   RO           84    .text.HAL_GetTick   py32f002b_hal.o
    0x0800094c   0x0800094c   0x00000018   Code   RO           82    .text.HAL_IncTick   py32f002b_hal.o
    0x08000964   0x08000964   0x00000002   Code   RO           29    .text.HardFault_Handler  py32f002b_it.o
    0x08000966   0x08000966   0x00000002   PAD
    0x08000968   0x08000968   0x000000a0   Code   RO          486    .text.IR_RGB_MODE_handle  led.o
    0x08000a08   0x08000a08   0x00000330   Code   RO          437    .text.Ir_CommandReceiv  ir.o
    0x08000d38   0x08000d38   0x0000006c   Code   RO          429    .text.Ir_ExtiCallback  ir.o
    0x08000da4   0x08000da4   0x000000b4   Code   RO          427    .text.Ir_Init       ir.o
    0x08000e58   0x08000e58   0x00000040   Code   RO          435    .text.Ir_Scan       ir.o
    0x08000e98   0x08000e98   0x0000002c   Code   RO          431    .text.Ir_Time14IRQCallback  ir.o
    0x08000ec4   0x08000ec4   0x00000068   Code   RO          484    .text.LED_DisplayBatGear_Handle  led.o
    0x08000f2c   0x08000f2c   0x00000084   Code   RO          466    .text.LED_Init      led.o
    0x08000fb0   0x08000fb0   0x00000118   Code   RO          462    .text.LED_RGB_HSVdisplay  led.o
    0x080010c8   0x080010c8   0x00000024   Code   RO          478    .text.LED_RGB_Off_Handle  led.o
    0x080010ec   0x080010ec   0x00000038   Code   RO          482    .text.LED_RGB_On_Handle  led.o
    0x08001124   0x08001124   0x0000000c   Code   RO          458    .text.LED_RGB_SetDisplayHSV  led.o
    0x08001130   0x08001130   0x0000000c   Code   RO          456    .text.LED_RGB_SetHSV  led.o
    0x0800113c   0x0800113c   0x00000024   Code   RO          480    .text.LED_RGB_To_OnStatus  led.o
    0x08001160   0x08001160   0x00000104   Code   RO          476    .text.LED_RGB_init  led.o
    0x08001264   0x08001264   0x0000017c   Code   RO          468    .text.LED_Scan_Handle  led.o
    0x080013e0   0x080013e0   0x00000034   Code   RO          211    .text.LL_ADC_Init   py32f002b_ll_adc.o
    0x08001414   0x08001414   0x00000028   Code   RO          215    .text.LL_ADC_REG_Init  py32f002b_ll_adc.o
    0x0800143c   0x0800143c   0x000000a8   Code   RO          229    .text.LL_EXTI_Init  py32f002b_ll_exti.o
    0x080014e4   0x080014e4   0x000000b0   Code   RO          243    .text.LL_GPIO_Init  py32f002b_ll_gpio.o
    0x08001594   0x08001594   0x00000020   Code   RO          307    .text.LL_Init1msTick  py32f002b_ll_utils.o
    0x080015b4   0x080015b4   0x00000024   Code   RO          361    .text.LL_LPTIM_Init  py32f002b_ll_lptim.o
    0x080015d8   0x080015d8   0x0000006c   Code   RO          333    .text.LL_RCC_GetSystemClocksFreq  py32f002b_ll_rcc.o
    0x08001644   0x08001644   0x0000000c   Code   RO          311    .text.LL_SetSystemCoreClock  py32f002b_ll_utils.o
    0x08001650   0x08001650   0x00000058   Code   RO          259    .text.LL_TIM_Init   py32f002b_ll_tim.o
    0x080016a8   0x080016a8   0x00000200   Code   RO          263    .text.LL_TIM_OC_Init  py32f002b_ll_tim.o
    0x080018a8   0x080018a8   0x000000f8   Code   RO          291    .text.LL_USART_Init  py32f002b_ll_usart.o
    0x080019a0   0x080019a0   0x00000028   Code   RO          309    .text.LL_mDelay     py32f002b_ll_utils.o
    0x080019c8   0x080019c8   0x0000001c   Code   RO           45    .text.LPTIM1_IRQHandler  py32f002b_it.o
    0x080019e4   0x080019e4   0x00000048   Code   RO          470    .text.Led_Off       led.o
    0x08001a2c   0x08001a2c   0x000000a4   Code   RO          524    .text.Lptim_Init    time.o
    0x08001ad0   0x08001ad0   0x00000002   Code   RO           27    .text.NMI_Handler   py32f002b_it.o
    0x08001ad2   0x08001ad2   0x00000002   Code   RO           33    .text.PendSV_Handler  py32f002b_it.o
    0x08001ad4   0x08001ad4   0x00000034   Code   RO          652    .text.Queue_Read_Byte  system.o
    0x08001b08   0x08001b08   0x000002b4   Code   RO          488    .text.RGB_App_Handle  led.o
    0x08001dbc   0x08001dbc   0x00000002   Code   RO           31    .text.SVC_Handler   py32f002b_it.o
    0x08001dbe   0x08001dbe   0x00000010   Code   RO           35    .text.SysTick_Handler  py32f002b_it.o
    0x08001dce   0x08001dce   0x00000002   PAD
    0x08001dd0   0x08001dd0   0x00000174   Code   RO          513    .text.Sys_EnterSleep_Handle  task.o
    0x08001f44   0x08001f44   0x00000038   Code   RO          507    .text.Sys_Timer1ms_Handle  task.o
    0x08001f7c   0x08001f7c   0x0000003c   Code   RO           13    .text.SystemInit    system_py32f002b.o
    0x08001fb8   0x08001fb8   0x00000014   Code   RO           41    .text.TIM14_IRQHandler  py32f002b_it.o
    0x08001fcc   0x08001fcc   0x00000050   Code   RO           39    .text.TIM1_BRK_UP_TRG_COM_IRQHandler  py32f002b_it.o
    0x0800201c   0x0800201c   0x00000010   Code   RO           37    .text.USART1_IRQHandler  py32f002b_it.o
    0x0800202c   0x0800202c   0x00000064   Code   RO          621    .text.all_data_update  protocol.o
    0x08002090   0x08002090   0x00000020   Code   RO          608    .text.bt_protocol_init  mcu_api.o
    0x080020b0   0x080020b0   0x000000bc   Code   RO          606    .text.bt_uart_service  mcu_api.o
    0x0800216c   0x0800216c   0x00000054   Code   RO          642    .text.bt_uart_write_frame  system.o
    0x080021c0   0x080021c0   0x0000024c   Code   RO          648    .text.data_handle   system.o
    0x0800240c   0x0800240c   0x00000054   Code   RO          646    .text.disable_low_power  system.o
    0x08002460   0x08002460   0x00000518   Code   RO          623    .text.dp_download_handle  protocol.o
    0x08002978   0x08002978   0x00000050   Code   RO          644    .text.enable_low_power  system.o
    0x080029c8   0x080029c8   0x0000001a   Code   RO          640    .text.get_check_sum  system.o
    0x080029e2   0x080029e2   0x00000004   Code   RO          625    .text.get_download_cmd_total  protocol.o
    0x080029e6   0x080029e6   0x00000002   PAD
    0x080029e8   0x080029e8   0x00000010   Code   RO          650    .text.get_queue_total_data  system.o
    0x080029f8   0x080029f8   0x00000134   Code   RO           59    .text.main          main.o
    0x08002b2c   0x08002b2c   0x00000040   Code   RO          588    .text.mcu_dp_bool_update  mcu_api.o
    0x08002b6c   0x08002b6c   0x0000003c   Code   RO          594    .text.mcu_dp_enum_update  mcu_api.o
    0x08002ba8   0x08002ba8   0x00000040   Code   RO          586    .text.mcu_dp_raw_update  mcu_api.o
    0x08002be8   0x08002be8   0x0000003c   Code   RO          592    .text.mcu_dp_string_update  mcu_api.o
    0x08002c24   0x08002c24   0x00000054   Code   RO          590    .text.mcu_dp_value_update  mcu_api.o
    0x08002c78   0x08002c78   0x00000004   Code   RO          598    .text.mcu_get_dp_download_bool  mcu_api.o
    0x08002c7c   0x08002c7c   0x00000004   Code   RO          600    .text.mcu_get_dp_download_enum  mcu_api.o
    0x08002c80   0x08002c80   0x00000016   Code   RO          602    .text.mcu_get_dp_download_value  mcu_api.o
    0x08002c96   0x08002c96   0x00000040   Code   RO          574    .text.my_memcpy     mcu_api.o
    0x08002cd6   0x08002cd6   0x0000001c   Code   RO          570    .text.my_strlen     mcu_api.o
    0x08002cf2   0x08002cf2   0x00000002   PAD
    0x08002cf4   0x08002cf4   0x00000018   Code   RO          638    .text.set_bt_uart_buffer  system.o
    0x08002d0c   0x08002d0c   0x00000010   Code   RO          636    .text.set_bt_uart_byte  system.o
    0x08002d1c   0x08002d1c   0x00000038   Code   RO          604    .text.uart_receive_input  mcu_api.o
    0x08002d54   0x08002d54   0x00000018   Code   RO          619    .text.uart_transmit_output  protocol.o
    0x08002d6c   0x08002d6c   0x00000008   Code   RO          739    i.__aeabi_errno_addr  mc_p.l(errno.o)
    0x08002d74   0x08002d74   0x0000000e   Code   RO          754    i.__scatterload_copy  mc_p.l(handlers.o)
    0x08002d82   0x08002d82   0x00000002   Code   RO          755    i.__scatterload_null  mc_p.l(handlers.o)
    0x08002d84   0x08002d84   0x0000000e   Code   RO          756    i.__scatterload_zeroinit  mc_p.l(handlers.o)
    0x08002d92   0x08002d92   0x00000081   Data   RO          712    .constdata          mc_p.l(ctype_o.o)
    0x08002e13   0x08002e13   0x00000001   PAD
    0x08002e14   0x08002e14   0x00000004   Data   RO          713    .constdata          mc_p.l(ctype_o.o)
    0x08002e18   0x08002e18   0x00000040   Data   RO           16    .rodata.AHBPrescTable  system_py32f002b.o
    0x08002e58   0x08002e58   0x00000020   Data   RO           17    .rodata.APBPrescTable  system_py32f002b.o
    0x08002e78   0x08002e78   0x00000020   Data   RO           18    .rodata.HSIFreqTable  system_py32f002b.o
    0x08002e98   0x08002e98   0x00000020   Data   RO          627    .rodata.download_cmd  protocol.o
    0x08002eb8   0x08002eb8   0x0000000f   Data   RO          664    .rodata.str1.1      system.o
    0x08002ec7   0x08002ec7   0x00000001   PAD
    0x08002ec8   0x08002ec8   0x00000020   Data   RO          753    Region$$Table       anon$$obj.o


    Execution Region RW_IRAM1 (Exec base: 0x20000000, Load base: 0x08002ee8, Size: 0x00000670, Max: 0x00000c00, ABSOLUTE)

    Exec Addr    Load Addr    Size         Type   Attr      Idx    E Section Name        Object

    0x20000000   0x08002ee8   0x00000004   Data   RW          742    .data               mc_p.l(errno.o)
    0x20000004   0x08002eec   0x00000004   Data   RW           15    .data.SystemCoreClock  system_py32f002b.o
    0x20000008   0x08002ef0   0x00000004   Data   RW          115    .data.uwTickFreq    py32f002b_hal.o
    0x2000000c   0x08002ef4   0x00000004   PAD
    0x20000010        -       0x0000000a   Zero   RW          389    .bss.Adc            adc.o
    0x2000001a        -       0x00000008   Zero   RW          390    .bss.Bat            adc.o
    0x20000022        -       0x00000001   Zero   RW          393    .bss.BatVolatageToPercent_handle.gear_changetemp  adc.o
    0x20000023        -       0x00000001   Zero   RW          392    .bss.BatVolatageToPercent_handle.last_percent  adc.o
    0x20000024        -       0x00000001   Zero   RW          394    .bss.Bat_StatusCheck_Handle.filter_cnt  adc.o
    0x20000025        -       0x00000001   Zero   RW          395    .bss.Bat_StatusCheck_Handle.filter_cnt1  adc.o
    0x20000026        -       0x00000001   Zero   RW          496    .bss.IR_RGB_MODE_handle.status  led.o
    0x20000027        -       0x00000001   Zero   RW          497    .bss.IR_RGB_MODE_handle.time_cnt  led.o
    0x20000028        -       0x0000000c   Zero   RW          439    .bss.Ir             ir.o
    0x20000034        -       0x00000001   Zero   RW          494    .bss.LED_DisplayBatGear_Handle.charge_flash  led.o
    0x20000035        -       0x00000001   Zero   RW          495    .bss.LED_DisplayBatGear_Handle.flash_cnt  led.o
    0x20000036        -       0x00000001   Zero   RW          493    .bss.LED_DisplayBatGear_Handle.low_flash  led.o
    0x20000037        -       0x00000001   Zero   RW          490    .bss.LED_DisplayTemp  led.o
    0x20000038        -       0x00000001   Zero   RW          492    .bss.LED_Scan_Handle.ScanCount  led.o
    0x20000039   0x08002ef4   0x00000003   PAD
    0x2000003c        -       0x00000038   Zero   RW          491    .bss.RGB            led.o
    0x20000074        -       0x00000001   Zero   RW          498    .bss.RGB_App_Handle.TY_Reset_Mode_Status  led.o
    0x20000075   0x08002ef4   0x00000001   PAD
    0x20000076        -       0x0000000a   Zero   RW          515    .bss.Sys            task.o
    0x20000080        -       0x00000008   Zero   RW          516    .bss.TY             task.o
    0x20000088        -       0x00000004   Zero   RW          552    .bss.TxBuff         usart.o
    0x2000008c        -       0x00000002   Zero   RW          554    .bss.TxCount        usart.o
    0x2000008e        -       0x00000001   Zero   RW          558    .bss.UartReady      usart.o
    0x2000008f        -       0x000000a7   Zero   RW          660    .bss.bt_queue_buf   system.o
    0x20000136        -       0x000000f7   Zero   RW          655    .bss.bt_uart_rx_buf  system.o
    0x2000022d   0x08002ef4   0x00000001   PAD
    0x2000022e        -       0x00000002   Zero   RW          610    .bss.bt_uart_service.rx_in  mcu_api.o
    0x20000230        -       0x0000001f   Zero   RW          654    .bss.bt_uart_tx_buf  system.o
    0x2000024f        -       0x00000001   Zero   RW          656    .bss.bt_work_state  system.o
    0x20000250        -       0x00000001   Zero   RW          663    .bss.heat_beat_check.mcu_reset_state  system.o
    0x20000251   0x08002ef4   0x00000003   PAD
    0x20000254        -       0x0000000a   Zero   RW          391    .bss.percent_temp   adc.o
    0x2000025e   0x08002ef4   0x00000002   PAD
    0x20000260        -       0x00000004   Zero   RW          658    .bss.queue_in       system.o
    0x20000264        -       0x00000004   Zero   RW          659    .bss.queue_out      system.o
    0x20000268        -       0x00000001   Zero   RW          657    .bss.reset_bt_flag  system.o
    0x20000269        -       0x00000001   Zero   RW          661    .bss.stop_update_flag  system.o
    0x2000026a   0x08002ef4   0x00000002   PAD
    0x2000026c        -       0x00000004   Zero   RW          116    .bss.uwTick         py32f002b_hal.o
    0x20000270        -       0x00000400   Zero   RW            1    STACK               startup_py32f002bxx.o


==============================================================================

Image component sizes


      Code (inc. data)   RO Data    RW Data    ZI Data      Debug   Object Name

      1176        140          0          0         32      10071   adc.o
      1212        388          0          0         12       7784   ir.o
      2232        188          0          0         64      14258   led.o
       310         28          0          0          0       3230   main.o
       730         32          0          0          2       6340   mcu_api.o
      1432        308         32          0          0       7684   protocol.o
        32          8          0          4          4       4332   py32f002b_hal.o
       256         44          0          0          0       4973   py32f002b_it.o
        92          8          0          0          0       4787   py32f002b_ll_adc.o
       168         12          0          0          0       2605   py32f002b_ll_exti.o
       176          0          0          0          0       3974   py32f002b_ll_gpio.o
        36          4          0          0          0       2810   py32f002b_ll_lptim.o
       108         20          0          0          0       5955   py32f002b_ll_rcc.o
       600         20          0          0          0      10595   py32f002b_ll_tim.o
       248          8          0          0          0       4843   py32f002b_ll_usart.o
        84         12          0          0          0       2912   py32f002b_ll_utils.o
        28          8        192          0       1024        640   startup_py32f002bxx.o
       970         64         15          0        457       7431   system.o
        60         20        128          4          0       1986   system_py32f002b.o
       428         56          0          0         18       5328   task.o
       164         20          0          0          0       4327   time.o
       364         28          0          0          7       8217   usart.o

    ----------------------------------------------------------------------
     10916       1416        400          8       1636     125082   Object Totals
         0          0         32          0          0          0   (incl. Generated)
        10          0          1          0         16          0   (incl. Padding)

    ----------------------------------------------------------------------

      Code (inc. data)   RO Data    RW Data    ZI Data      Debug   Library Member Name

        30          0          0          0          0         60   _chval.o
       166          0          0          0          0         84   _strtoul.o
         8          4        133          0          0         60   ctype_o.o
         0          0          0          0          0          0   entry.o
         0          0          0          0          0          0   entry10a.o
         0          0          0          0          0          0   entry11a.o
         8          4          0          0          0          0   entry2.o
         4          0          0          0          0          0   entry5.o
         0          0          0          0          0          0   entry7b.o
         0          0          0          0          0          0   entry8b.o
         8          4          0          0          0          0   entry9a.o
         8          4          0          4          0         60   errno.o
        30          0          0          0          0          0   handlers.o
        80          6          0          0          0         72   idiv_div0.o
        36          8          0          0          0         68   init.o
       112          4          0          0          0         76   strtol.o
        62          0          0          0          0         72   uidiv_div0.o

    ----------------------------------------------------------------------
       558         34        134          4          0        552   Library Totals
         6          0          1          0          0          0   (incl. Padding)

    ----------------------------------------------------------------------

      Code (inc. data)   RO Data    RW Data    ZI Data      Debug   Library Name

       552         34        133          4          0        552   mc_p.l

    ----------------------------------------------------------------------
       558         34        134          4          0        552   Library Totals

    ----------------------------------------------------------------------

==============================================================================


      Code (inc. data)   RO Data    RW Data    ZI Data      Debug   

     11474       1450        534         12       1636     125290   Grand Totals
     11474       1450        534         12       1636     125290   ELF Image Totals
     11474       1450        534         12          0          0   ROM Totals

==============================================================================

    Total RO  Size (Code + RO Data)                12008 (  11.73kB)
    Total RW  Size (RW Data + ZI Data)              1648 (   1.61kB)
    Total ROM Size (Code + RO Data + RW Data)      12020 (  11.74kB)

==============================================================================

