Component: ARM Compiler 6.16 Tool: armlink [5dfeaa00]

==============================================================================

Section Cross References

    startup_py32f002bxx.o(RESET) refers to startup_py32f002bxx.o(STACK) for __initial_sp
    startup_py32f002bxx.o(RESET) refers to startup_py32f002bxx.o(.text) for Reset_Handler
    startup_py32f002bxx.o(RESET) refers to py32f002b_it.o(.text.NMI_Handler) for NMI_Handler
    startup_py32f002bxx.o(RESET) refers to py32f002b_it.o(.text.HardFault_Handler) for HardFault_Handler
    startup_py32f002bxx.o(RESET) refers to py32f002b_it.o(.text.SVC_Handler) for SVC_Handler
    startup_py32f002bxx.o(RESET) refers to py32f002b_it.o(.text.PendSV_Handler) for PendSV_Handler
    startup_py32f002bxx.o(RESET) refers to py32f002b_it.o(.text.SysTick_Handler) for SysTick_Handler
    startup_py32f002bxx.o(RESET) refers to py32f002b_it.o(.text.EXTI0_1_IRQHandler) for EXTI0_1_IRQHandler
    startup_py32f002bxx.o(RESET) refers to py32f002b_it.o(.text.EXTI2_3_IRQHandler) for EXTI2_3_IRQHandler
    startup_py32f002bxx.o(RESET) refers to py32f002b_it.o(.text.EXTI4_15_IRQHandler) for EXTI4_15_IRQHandler
    startup_py32f002bxx.o(RESET) refers to py32f002b_it.o(.text.ADC_COMP_IRQHandler) for ADC_COMP_IRQHandler
    startup_py32f002bxx.o(RESET) refers to py32f002b_it.o(.text.TIM1_BRK_UP_TRG_COM_IRQHandler) for TIM1_BRK_UP_TRG_COM_IRQHandler
    startup_py32f002bxx.o(RESET) refers to py32f002b_it.o(.text.LPTIM1_IRQHandler) for LPTIM1_IRQHandler
    startup_py32f002bxx.o(RESET) refers to py32f002b_it.o(.text.TIM14_IRQHandler) for TIM14_IRQHandler
    startup_py32f002bxx.o(RESET) refers to py32f002b_it.o(.text.USART1_IRQHandler) for USART1_IRQHandler
    startup_py32f002bxx.o(.text) refers to system_py32f002b.o(.text.SystemInit) for SystemInit
    startup_py32f002bxx.o(.text) refers to entry.o(.ARM.Collect$$$$00000000) for __main
    system_py32f002b.o(.text.SystemCoreClockUpdate) refers to system_py32f002b.o(.rodata.HSIFreqTable) for HSIFreqTable
    system_py32f002b.o(.text.SystemCoreClockUpdate) refers to system_py32f002b.o(.data.SystemCoreClock) for SystemCoreClock
    system_py32f002b.o(.text.SystemCoreClockUpdate) refers to system_py32f002b.o(.rodata.AHBPrescTable) for AHBPrescTable
    system_py32f002b.o(.ARM.exidx.text.SystemCoreClockUpdate) refers to system_py32f002b.o(.text.SystemCoreClockUpdate) for [Anonymous Symbol]
    system_py32f002b.o(.ARM.exidx.text.SystemInit) refers to system_py32f002b.o(.text.SystemInit) for [Anonymous Symbol]
    py32f002b_it.o(.ARM.exidx.text.NMI_Handler) refers to py32f002b_it.o(.text.NMI_Handler) for [Anonymous Symbol]
    py32f002b_it.o(.ARM.exidx.text.HardFault_Handler) refers to py32f002b_it.o(.text.HardFault_Handler) for [Anonymous Symbol]
    py32f002b_it.o(.ARM.exidx.text.SVC_Handler) refers to py32f002b_it.o(.text.SVC_Handler) for [Anonymous Symbol]
    py32f002b_it.o(.ARM.exidx.text.PendSV_Handler) refers to py32f002b_it.o(.text.PendSV_Handler) for [Anonymous Symbol]
    py32f002b_it.o(.text.SysTick_Handler) refers to py32f002b_hal.o(.text.HAL_IncTick) for HAL_IncTick
    py32f002b_it.o(.text.SysTick_Handler) refers to led.o(.text.LED_Scan_Handle) for LED_Scan_Handle
    py32f002b_it.o(.text.SysTick_Handler) refers to task.o(.text.Sys_Timer1ms_Handle) for Sys_Timer1ms_Handle
    py32f002b_it.o(.ARM.exidx.text.SysTick_Handler) refers to py32f002b_it.o(.text.SysTick_Handler) for [Anonymous Symbol]
    py32f002b_it.o(.text.USART1_IRQHandler) refers to usart.o(.text.APP_UsartIRQCallback) for APP_UsartIRQCallback
    py32f002b_it.o(.ARM.exidx.text.USART1_IRQHandler) refers to py32f002b_it.o(.text.USART1_IRQHandler) for [Anonymous Symbol]
    py32f002b_it.o(.ARM.exidx.text.TIM1_BRK_UP_TRG_COM_IRQHandler) refers to py32f002b_it.o(.text.TIM1_BRK_UP_TRG_COM_IRQHandler) for [Anonymous Symbol]
    py32f002b_it.o(.text.TIM14_IRQHandler) refers to ir.o(.text.Ir_Time14IRQCallback) for Ir_Time14IRQCallback
    py32f002b_it.o(.ARM.exidx.text.TIM14_IRQHandler) refers to py32f002b_it.o(.text.TIM14_IRQHandler) for [Anonymous Symbol]
    py32f002b_it.o(.text.ADC_COMP_IRQHandler) refers to adc.o(.text.APP_AdcGrpRegularUnitaryConvCompleteCallback) for APP_AdcGrpRegularUnitaryConvCompleteCallback
    py32f002b_it.o(.ARM.exidx.text.ADC_COMP_IRQHandler) refers to py32f002b_it.o(.text.ADC_COMP_IRQHandler) for [Anonymous Symbol]
    py32f002b_it.o(.text.LPTIM1_IRQHandler) refers to task.o(.bss.Sys) for Sys
    py32f002b_it.o(.ARM.exidx.text.LPTIM1_IRQHandler) refers to py32f002b_it.o(.text.LPTIM1_IRQHandler) for [Anonymous Symbol]
    py32f002b_it.o(.ARM.exidx.text.EXTI0_1_IRQHandler) refers to py32f002b_it.o(.text.EXTI0_1_IRQHandler) for [Anonymous Symbol]
    py32f002b_it.o(.text.EXTI4_15_IRQHandler) refers to ir.o(.text.Ir_ExtiCallback) for Ir_ExtiCallback
    py32f002b_it.o(.text.EXTI4_15_IRQHandler) refers to task.o(.bss.Sys) for Sys
[...]
    __arm_cp.0_1                             0x080009b0   Number         4  ir.o(.text.APP_ConfigTIM14)
    __arm_cp.0_2                             0x080009b4   Number         4  ir.o(.text.APP_ConfigTIM14)
    __arm_cp.0_4                             0x080009b8   Number         4  ir.o(.text.APP_ConfigTIM14)
    [Anonymous Symbol]                       0x080009bc   Section        0  usart.o(.text.APP_ConfigUsart)
    __arm_cp.0_0                             0x08000a9c   Number         4  usart.o(.text.APP_ConfigUsart)
    __arm_cp.0_1                             0x08000aa0   Number         4  usart.o(.text.APP_ConfigUsart)
    __arm_cp.0_2                             0x08000aa4   Number         4  usart.o(.text.APP_ConfigUsart)
    __arm_cp.0_3                             0x08000aa8   Number         4  usart.o(.text.APP_ConfigUsart)
    __arm_cp.0_4                             0x08000aac   Number         4  usart.o(.text.APP_ConfigUsart)
    __arm_cp.0_5                             0x08000ab0   Number         4  usart.o(.text.APP_ConfigUsart)
    __arm_cp.0_6                             0x08000ab4   Number         4  usart.o(.text.APP_ConfigUsart)
    [Anonymous Symbol]                       0x08000ab8   Section        0  main.o(.text.APP_ErrorHandler)
    [Anonymous Symbol]                       0x08000aba   Section        0  flash.o(.text.APP_FlashOBProgram)
    [Anonymous Symbol]                       0x08000aec   Section        0  usart.o(.text.APP_UsartIRQCallback)
    __arm_cp.3_0                             0x08000b58   Number         4  usart.o(.text.APP_UsartIRQCallback)
    __arm_cp.3_1                             0x08000b5c   Number         4  usart.o(.text.APP_UsartIRQCallback)
    __arm_cp.3_2                             0x08000b60   Number         4  usart.o(.text.APP_UsartIRQCallback)
    [Anonymous Symbol]                       0x08000b64   Section        0  adc.o(.text.Adc_BatVolatageCollection_handle)
    __arm_cp.6_0                             0x08000bb0   Number         4  adc.o(.text.Adc_BatVolatageCollection_handle)
    __arm_cp.6_1                             0x08000bb4   Number         4  adc.o(.text.Adc_BatVolatageCollection_handle)
    __arm_cp.6_3                             0x08000bb8   Number         4  adc.o(.text.Adc_BatVolatageCollection_handle)
    __arm_cp.6_4                             0x08000bbc   Number         4  adc.o(.text.Adc_BatVolatageCollection_handle)
    [Anonymous Symbol]                       0x08000bc0   Section        0  task.o(.text.Adc_RefVoltage_ON)
    __arm_cp.10_0                            0x08000c08   Number         4  task.o(.text.Adc_RefVoltage_ON)
    __arm_cp.10_1                            0x08000c0c   Number         4  task.o(.text.Adc_RefVoltage_ON)
    __arm_cp.10_2                            0x08000c10   Number         4  task.o(.text.Adc_RefVoltage_ON)
    __arm_cp.10_3                            0x08000c14   Number         4  task.o(.text.Adc_RefVoltage_ON)
    __arm_cp.10_4                            0x08000c18   Number         4  task.o(.text.Adc_RefVoltage_ON)
    [Anonymous Symbol]                       0x08000c1c   Section        0  task.o(.text.BLE_Power_OFF)
    __arm_cp.7_0                             0x08000c60   Number         4  task.o(.text.BLE_Power_OFF)
    __arm_cp.7_1                             0x08000c64   Number         4  task.o(.text.BLE_Power_OFF)
    [Anonymous Symbol]                       0x08000c68   Section        0  task.o(.text.BLE_Power_ON)
    __arm_cp.8_0                             0x08000ca8   Number         4  task.o(.text.BLE_Power_ON)
    __arm_cp.8_1                             0x08000cac   Number         4  task.o(.text.BLE_Power_ON)
    [Anonymous Symbol]                       0x08000cb0   Section        0  adc.o(.text.BatVolatageToPercent_handle)
    __arm_cp.7_0                             0x08000db4   Number         4  adc.o(.text.BatVolatageToPercent_handle)
    __arm_cp.7_1                             0x08000db8   Number         4  adc.o(.text.BatVolatageToPercent_handle)
    __arm_cp.7_2                             0x08000dbc   Number         4  adc.o(.text.BatVolatageToPercent_handle)
    __arm_cp.7_3                             0x08000dc0   Number         4  adc.o(.text.BatVolatageToPercent_handle)
    __arm_cp.7_4                             0x08000dc4   Number         4  adc.o(.text.BatVolatageToPercent_handle)
    __arm_cp.7_5                             0x08000dc8   Number         4  adc.o(.text.BatVolatageToPercent_handle)
    __arm_cp.7_6                             0x08000dcc   Number         4  adc.o(.text.BatVolatageToPercent_handle)
    __arm_cp.7_7                             0x08000dd0   Number         4  adc.o(.text.BatVolatageToPercent_handle)
    __arm_cp.7_8                             0x08000dd4   Number         4  adc.o(.text.BatVolatageToPercent_handle)
    __arm_cp.7_9                             0x08000dd8   Number         4  adc.o(.text.BatVolatageToPercent_handle)
    __arm_cp.7_12                            0x08000dec   Number         4  adc.o(.text.BatVolatageToPercent_handle)
    [Anonymous Symbol]                       0x08000df0   Section        0  adc.o(.text.Bat_GpioInit)
    __arm_cp.1_0                             0x08000e44   Number         4  adc.o(.text.Bat_GpioInit)
    __arm_cp.1_1                             0x08000e48   Number         4  adc.o(.text.Bat_GpioInit)
    __arm_cp.1_2                             0x08000e4c   Number         4  adc.o(.text.Bat_GpioInit)
    __arm_cp.1_3                             0x08000e50   Number         4  adc.o(.text.Bat_GpioInit)
    [Anonymous Symbol]                       0x08000e54   Section        0  adc.o(.text.Bat_StatusCheck_Handle)
    __arm_cp.8_0                             0x08000f50   Number         4  adc.o(.text.Bat_StatusCheck_Handle)
    __arm_cp.8_1                             0x08000f54   Number         4  adc.o(.text.Bat_StatusCheck_Handle)
    __arm_cp.8_2                             0x08000f58   Number         4  adc.o(.text.Bat_StatusCheck_Handle)
    __arm_cp.8_4                             0x08000f5c   Number         4  adc.o(.text.Bat_StatusCheck_Handle)
    __arm_cp.8_5                             0x08000f60   Number         4  adc.o(.text.Bat_StatusCheck_Handle)
    __arm_cp.8_6                             0x08000f64   Number         4  adc.o(.text.Bat_StatusCheck_Handle)
    __arm_cp.8_7                             0x08000f68   Number         4  adc.o(.text.Bat_StatusCheck_Handle)
    __arm_cp.8_8                             0x08000f6c   Number         4  adc.o(.text.Bat_StatusCheck_Handle)
    __arm_cp.8_9                             0x08000f70   Number         4  adc.o(.text.Bat_StatusCheck_Handle)
    [Anonymous Symbol]                       0x08000f74   Section        0  py32f002b_it.o(.text.EXTI0_1_IRQHandler)
    [Anonymous Symbol]                       0x08000f78   Section        0  py32f002b_it.o(.text.EXTI2_3_IRQHandler)
    [Anonymous Symbol]                       0x08000f8c   Section        0  py32f002b_it.o(.text.EXTI4_15_IRQHandler)
    __arm_cp.11_0                            0x08000fb8   Number         4  py32f002b_it.o(.text.EXTI4_15_IRQHandler)
    __arm_cp.11_1                            0x08000fbc   Number         4  py32f002b_it.o(.text.EXTI4_15_IRQHandler)
    [Anonymous Symbol]                       0x08000fc0   Section        0  py32f002b_hal_flash.o(.text.FLASH_WaitForLastOperation)
    __arm_cp.6_0                             0x08000fe8   Number         4  py32f002b_hal_flash.o(.text.FLASH_WaitForLastOperation)
    __arm_cp.6_1                             0x08000fec   Number         4  py32f002b_hal_flash.o(.text.FLASH_WaitForLastOperation)
    [Anonymous Symbol]                       0x08000ff0   Section        0  flash.o(.text.Flash_Data_Write)
    [Anonymous Symbol]                       0x0800104c   Section        0  flash.o(.text.Flash_Init_Rdata)
    [Anonymous Symbol]                       0x080010b4   Section        0  flash.o(.text.Flash_Write)
    __arm_cp.2_0                             0x0800114c   Number         4  flash.o(.text.Flash_Write)
    __arm_cp.2_1                             0x08001150   Number         4  flash.o(.text.Flash_Write)
    __arm_cp.2_2                             0x08001154   Number         4  flash.o(.text.Flash_Write)
    [Anonymous Symbol]                       0x08001158   Section        0  py32f002b_hal_flash.o(.text.HAL_FLASH_Erase)
    __arm_cp.7_9                             0x0800134c   Number         4  py32f002b_hal_flash.o(.text.HAL_FLASH_Erase)
    [Anonymous Symbol]                       0x08001350   Section        0  py32f002b_hal_flash.o(.text.HAL_FLASH_Lock)
    [Anonymous Symbol]                       0x08001364   Section        0  py32f002b_hal_flash.o(.text.HAL_FLASH_OBProgram)
    __arm_cp.14_0                            0x080014a0   Number         4  py32f002b_hal_flash.o(.text.HAL_FLASH_OBProgram)
    __arm_cp.14_1                            0x080014a4   Number         4  py32f002b_hal_flash.o(.text.HAL_FLASH_OBProgram)
    __arm_cp.14_2                            0x080014a8   Number         4  py32f002b_hal_flash.o(.text.HAL_FLASH_OBProgram)
    __arm_cp.14_3                            0x080014ac   Number         4  py32f002b_hal_flash.o(.text.HAL_FLASH_OBProgram)
    __arm_cp.14_4                            0x080014b0   Number         4  py32f002b_hal_flash.o(.text.HAL_FLASH_OBProgram)
    __arm_cp.14_5                            0x080014b4   Number         4  py32f002b_hal_flash.o(.text.HAL_FLASH_OBProgram)
    __arm_cp.14_6                            0x080014b8   Number         4  py32f002b_hal_flash.o(.text.HAL_FLASH_OBProgram)
    __arm_cp.14_7                            0x080014bc   Number         4  py32f002b_hal_flash.o(.text.HAL_FLASH_OBProgram)
    __arm_cp.14_9                            0x080014c0   Number         4  py32f002b_hal_flash.o(.text.HAL_FLASH_OBProgram)
    [Anonymous Symbol]                       0x080014c4   Section        0  py32f002b_hal_flash.o(.text.HAL_FLASH_OB_Launch)
    [Anonymous Symbol]                       0x080014d4   Section        0  py32f002b_hal_flash.o(.text.HAL_FLASH_OB_Lock)
    __arm_cp.3_0                             0x080014e8   Number         4  py32f002b_hal_flash.o(.text.HAL_FLASH_OB_Lock)
    [Anonymous Symbol]                       0x080014ec   Section        0  py32f002b_hal_flash.o(.text.HAL_FLASH_OB_Unlock)
    __arm_cp.2_0                             0x08001508   Number         4  py32f002b_hal_flash.o(.text.HAL_FLASH_OB_Unlock)
    __arm_cp.2_1                             0x0800150c   Number         4  py32f002b_hal_flash.o(.text.HAL_FLASH_OB_Unlock)
    __arm_cp.2_2                             0x08001510   Number         4  py32f002b_hal_flash.o(.text.HAL_FLASH_OB_Unlock)
    [Anonymous Symbol]                       0x08001514   Section        0  py32f002b_hal_flash.o(.text.HAL_FLASH_Program)
    __arm_cp.10_0                            0x08001630   Number         4  py32f002b_hal_flash.o(.text.HAL_FLASH_Program)
    __arm_cp.10_1                            0x08001634   Number         4  py32f002b_hal_flash.o(.text.HAL_FLASH_Program)
    __arm_cp.10_2                            0x08001638   Number         4  py32f002b_hal_flash.o(.text.HAL_FLASH_Program)
    __arm_cp.10_3                            0x0800163c   Number         4  py32f002b_hal_flash.o(.text.HAL_FLASH_Program)
    __arm_cp.10_4                            0x08001640   Number         4  py32f002b_hal_flash.o(.text.HAL_FLASH_Program)
    __arm_cp.10_5                            0x08001644   Number         4  py32f002b_hal_flash.o(.text.HAL_FLASH_Program)
    __arm_cp.10_6                            0x08001648   Number         4  py32f002b_hal_flash.o(.text.HAL_FLASH_Program)
    __arm_cp.10_7                            0x0800164c   Number         4  py32f002b_hal_flash.o(.text.HAL_FLASH_Program)
    __arm_cp.10_8                            0x08001650   Number         4  py32f002b_hal_flash.o(.text.HAL_FLASH_Program)
    [Anonymous Symbol]                       0x08001654   Section        0  py32f002b_hal_flash.o(.text.HAL_FLASH_Unlock)
    __arm_cp.0_0                             0x08001670   Number         4  py32f002b_hal_flash.o(.text.HAL_FLASH_Unlock)
    __arm_cp.0_1                             0x08001674   Number         4  py32f002b_hal_flash.o(.text.HAL_FLASH_Unlock)
    __arm_cp.0_2                             0x08001678   Number         4  py32f002b_hal_flash.o(.text.HAL_FLASH_Unlock)
    [Anonymous Symbol]                       0x0800167c   Section        0  py32f002b_hal.o(.text.HAL_GetTick)
    [Anonymous Symbol]                       0x08001684   Section        0  py32f002b_hal.o(.text.HAL_IncTick)
    __arm_cp.5_0                             0x08001694   Number         4  py32f002b_hal.o(.text.HAL_IncTick)
    __arm_cp.5_1                             0x08001698   Number         4  py32f002b_hal.o(.text.HAL_IncTick)
    [Anonymous Symbol]                       0x0800169c   Section        0  py32f002b_it.o(.text.HardFault_Handler)
    [Anonymous Symbol]                       0x080016a0   Section        0  led.o(.text.IR_RGB_MODE_handle)
    __arm_cp.16_0                            0x08001704   Number         4  led.o(.text.IR_RGB_MODE_handle)
    __arm_cp.16_1                            0x08001708   Number         4  led.o(.text.IR_RGB_MODE_handle)
    [Anonymous Symbol]                       0x0800170c   Section        0  ir.o(.text.Ir_CommandReceiv)
    __arm_cp.6_0                             0x080019bc   Number         4  ir.o(.text.Ir_CommandReceiv)
    __arm_cp.6_1                             0x080019c0   Number         4  ir.o(.text.Ir_CommandReceiv)
    __arm_cp.6_2                             0x080019c4   Number         4  ir.o(.text.Ir_CommandReceiv)
    __arm_cp.6_3                             0x080019c8   Number         4  ir.o(.text.Ir_CommandReceiv)
    __arm_cp.6_4                             0x080019cc   Number         4  ir.o(.text.Ir_CommandReceiv)
    __arm_cp.6_6                             0x080019d0   Number         4  ir.o(.text.Ir_CommandReceiv)
    __arm_cp.6_7                             0x080019d4   Number         4  ir.o(.text.Ir_CommandReceiv)
    __arm_cp.6_8                             0x080019d8   Number         4  ir.o(.text.Ir_CommandReceiv)
    __arm_cp.6_9                             0x080019dc   Number         4  ir.o(.text.Ir_CommandReceiv)
    [Anonymous Symbol]                       0x080019e0   Section        0  ir.o(.text.Ir_ExtiCallback)
    __arm_cp.2_0                             0x08001a40   Number         4  ir.o(.text.Ir_ExtiCallback)
    __arm_cp.2_1                             0x08001a44   Number         4  ir.o(.text.Ir_ExtiCallback)
    [Anonymous Symbol]                       0x08001a48   Section        0  ir.o(.text.Ir_Init)
    __arm_cp.1_0                             0x08001abc   Number         4  ir.o(.text.Ir_Init)
    __arm_cp.1_1                             0x08001ac0   Number         4  ir.o(.text.Ir_Init)
    __arm_cp.1_2                             0x08001ac4   Number         4  ir.o(.text.Ir_Init)
    [Anonymous Symbol]                       0x08001ac8   Section        0  task.o(.text.Ir_Power_OFF)
    __arm_cp.5_0                             0x08001ad0   Number         4  task.o(.text.Ir_Power_OFF)
    [Anonymous Symbol]                       0x08001ad4   Section        0  task.o(.text.Ir_Power_ON)
    __arm_cp.6_0                             0x08001adc   Number         4  task.o(.text.Ir_Power_ON)
    [Anonymous Symbol]                       0x08001ae0   Section        0  ir.o(.text.Ir_Scan)
    __arm_cp.5_0                             0x08001b20   Number         4  ir.o(.text.Ir_Scan)
    [Anonymous Symbol]                       0x08001b24   Section        0  ir.o(.text.Ir_Time14IRQCallback)
    __arm_cp.3_0                             0x08001b4c   Number         4  ir.o(.text.Ir_Time14IRQCallback)
    [Anonymous Symbol]                       0x08001b50   Section        0  led.o(.text.LED_DisplayBatGear_Handle)
    __arm_cp.15_0                            0x08001bac   Number         4  led.o(.text.LED_DisplayBatGear_Handle)
    __arm_cp.15_1                            0x08001bb0   Number         4  led.o(.text.LED_DisplayBatGear_Handle)
    __arm_cp.15_2                            0x08001bb4   Number         4  led.o(.text.LED_DisplayBatGear_Handle)
    __arm_cp.15_3                            0x08001bb8   Number         4  led.o(.text.LED_DisplayBatGear_Handle)
    [Anonymous Symbol]                       0x08001bbc   Section        0  led.o(.text.LED_Init)
    __arm_cp.6_0                             0x08001c30   Number         4  led.o(.text.LED_Init)
    [Anonymous Symbol]                       0x08001c34   Section        0  led.o(.text.LED_RGB_HSVdisplay)
    __arm_cp.3_0                             0x08001c5c   Number         4  led.o(.text.LED_RGB_HSVdisplay)
    [Anonymous Symbol]                       0x08001c60   Section        0  led.o(.text.LED_RGB_Off_Handle)
    __arm_cp.12_0                            0x08001c88   Number         4  led.o(.text.LED_RGB_Off_Handle)
    [Anonymous Symbol]                       0x08001c8c   Section        0  led.o(.text.LED_RGB_On_Handle)
    __arm_cp.14_0                            0x08001cbc   Number         4  led.o(.text.LED_RGB_On_Handle)
    __arm_cp.14_1                            0x08001cc0   Number         4  led.o(.text.LED_RGB_On_Handle)
    [Anonymous Symbol]                       0x08001cc4   Section        0  led.o(.text.LED_RGB_SetDisplayHSV)
    [Anonymous Symbol]                       0x08001cd0   Section        0  led.o(.text.LED_RGB_SetHSV)
    [Anonymous Symbol]                       0x08001cdc   Section        0  led.o(.text.LED_RGB_To_OnStatus)
    __arm_cp.13_0                            0x08001d00   Number         4  led.o(.text.LED_RGB_To_OnStatus)
    [Anonymous Symbol]                       0x08001d04   Section        0  led.o(.text.LED_RGB_W_display)
    __arm_cp.5_4                             0x08001d30   Number         4  led.o(.text.LED_RGB_W_display)
    __arm_cp.5_5                             0x08001d34   Number         4  led.o(.text.LED_RGB_W_display)
    [Anonymous Symbol]                       0x08001d38   Section        0  led.o(.text.LED_RGB_display)
    __arm_cp.4_0                             0x08001dd0   Number         4  led.o(.text.LED_RGB_display)
    __arm_cp.4_1                             0x08001dd4   Number         4  led.o(.text.LED_RGB_display)
    __arm_cp.4_2                             0x08001dd8   Number         4  led.o(.text.LED_RGB_display)
    __arm_cp.4_3                             0x08001ddc   Number         4  led.o(.text.LED_RGB_display)
    __arm_cp.4_4                             0x08001de0   Number         4  led.o(.text.LED_RGB_display)
    [Anonymous Symbol]                       0x08001de4   Section        0  led.o(.text.LED_RGB_init)
    __arm_cp.11_0                            0x08001e04   Number         4  led.o(.text.LED_RGB_init)
    [Anonymous Symbol]                       0x08001e08   Section        0  led.o(.text.LED_Scan_Handle)
    __arm_cp.7_0                             0x08001f20   Number         4  led.o(.text.LED_Scan_Handle)
    __arm_cp.7_1                             0x08001f24   Number         4  led.o(.text.LED_Scan_Handle)
    __arm_cp.7_2                             0x08001f28   Number         4  led.o(.text.LED_Scan_Handle)
    [Anonymous Symbol]                       0x08001f2c   Section        0  py32f002b_ll_adc.o(.text.LL_ADC_Init)
    __arm_cp.2_0                             0x08001f5c   Number         4  py32f002b_ll_adc.o(.text.LL_ADC_Init)
    [Anonymous Symbol]                       0x08001f60   Section        0  py32f002b_ll_adc.o(.text.LL_ADC_REG_Init)
    __arm_cp.4_0                             0x08001f84   Number         4  py32f002b_ll_adc.o(.text.LL_ADC_REG_Init)
    [Anonymous Symbol]                       0x08001f88   Section        0  py32f002b_ll_exti.o(.text.LL_EXTI_Init)
    __arm_cp.1_0                             0x08002024   Number         4  py32f002b_ll_exti.o(.text.LL_EXTI_Init)
    __arm_cp.1_1                             0x08002028   Number         4  py32f002b_ll_exti.o(.text.LL_EXTI_Init)
    [Anonymous Symbol]                       0x0800202c   Section        0  py32f002b_ll_gpio.o(.text.LL_GPIO_Init)
    [Anonymous Symbol]                       0x080020dc   Section        0  py32f002b_ll_utils.o(.text.LL_Init1msTick)
    __arm_cp.0_0                             0x080020f8   Number         4  py32f002b_ll_utils.o(.text.LL_Init1msTick)
    [Anonymous Symbol]                       0x080020fc   Section        0  py32f002b_ll_lptim.o(.text.LL_LPTIM_Init)
    __arm_cp.2_0                             0x0800211c   Number         4  py32f002b_ll_lptim.o(.text.LL_LPTIM_Init)
    [Anonymous Symbol]                       0x08002120   Section        0  py32f002b_ll_rcc.o(.text.LL_RCC_GetSystemClocksFreq)
    __arm_cp.1_0                             0x08002170   Number         4  py32f002b_ll_rcc.o(.text.LL_RCC_GetSystemClocksFreq)
    __arm_cp.1_1                             0x08002174   Number         4  py32f002b_ll_rcc.o(.text.LL_RCC_GetSystemClocksFreq)
    __arm_cp.1_2                             0x08002178   Number         4  py32f002b_ll_rcc.o(.text.LL_RCC_GetSystemClocksFreq)
    __arm_cp.1_3                             0x0800217c   Number         4  py32f002b_ll_rcc.o(.text.LL_RCC_GetSystemClocksFreq)
    __arm_cp.1_4                             0x08002180   Number         4  py32f002b_ll_rcc.o(.text.LL_RCC_GetSystemClocksFreq)
    [Anonymous Symbol]                       0x08002184   Section        0  py32f002b_ll_utils.o(.text.LL_SetSystemCoreClock)
    __arm_cp.2_0                             0x0800218c   Number         4  py32f002b_ll_utils.o(.text.LL_SetSystemCoreClock)
    [Anonymous Symbol]                       0x08002190   Section        0  py32f002b_ll_tim.o(.text.LL_TIM_Init)
    [Anonymous Symbol]                       0x080021e4   Section        0  py32f002b_ll_tim.o(.text.LL_TIM_OC_Init)
    __arm_cp.4_0                             0x080023c4   Number         4  py32f002b_ll_tim.o(.text.LL_TIM_OC_Init)
    __arm_cp.4_1                             0x080023c8   Number         4  py32f002b_ll_tim.o(.text.LL_TIM_OC_Init)
    __arm_cp.4_2                             0x080023cc   Number         4  py32f002b_ll_tim.o(.text.LL_TIM_OC_Init)
    __arm_cp.4_3                             0x080023d0   Number         4  py32f002b_ll_tim.o(.text.LL_TIM_OC_Init)
    __arm_cp.4_4                             0x080023d4   Number         4  py32f002b_ll_tim.o(.text.LL_TIM_OC_Init)
    [Anonymous Symbol]                       0x080023d8   Section        0  py32f002b_ll_usart.o(.text.LL_USART_Init)
    __arm_cp.1_0                             0x080024b4   Number         4  py32f002b_ll_usart.o(.text.LL_USART_Init)
    __arm_cp.1_1                             0x080024b8   Number         4  py32f002b_ll_usart.o(.text.LL_USART_Init)
    [Anonymous Symbol]                       0x080024bc   Section        0  py32f002b_ll_utils.o(.text.LL_mDelay)
    __arm_cp.1_0                             0x080024e0   Number         4  py32f002b_ll_utils.o(.text.LL_mDelay)
    [Anonymous Symbol]                       0x080024e4   Section        0  py32f002b_it.o(.text.LPTIM1_IRQHandler)
    __arm_cp.9_0                             0x080024f8   Number         4  py32f002b_it.o(.text.LPTIM1_IRQHandler)
    __arm_cp.9_1                             0x080024fc   Number         4  py32f002b_it.o(.text.LPTIM1_IRQHandler)
    [Anonymous Symbol]                       0x08002500   Section        0  led.o(.text.Led_Off)
    __arm_cp.8_0                             0x08002538   Number         4  led.o(.text.Led_Off)
    [Anonymous Symbol]                       0x0800253c   Section        0  time.o(.text.Lptim_Init)
    __arm_cp.0_0                             0x080025cc   Number         4  time.o(.text.Lptim_Init)
    __arm_cp.0_1                             0x080025d0   Number         4  time.o(.text.Lptim_Init)
    __arm_cp.0_2                             0x080025d4   Number         4  time.o(.text.Lptim_Init)
    __arm_cp.0_3                             0x080025d8   Number         4  time.o(.text.Lptim_Init)
    __arm_cp.0_4                             0x080025dc   Number         4  time.o(.text.Lptim_Init)
    [Anonymous Symbol]                       0x080025e0   Section        0  py32f002b_it.o(.text.NMI_Handler)
    [Anonymous Symbol]                       0x080025e2   Section        0  py32f002b_it.o(.text.PendSV_Handler)
    [Anonymous Symbol]                       0x080025e4   Section        0  system.o(.text.Queue_Read_Byte)
    __arm_cp.8_0                             0x08002608   Number         4  system.o(.text.Queue_Read_Byte)
    __arm_cp.8_1                             0x0800260c   Number         4  system.o(.text.Queue_Read_Byte)
    __arm_cp.8_2                             0x08002610   Number         4  system.o(.text.Queue_Read_Byte)
    [Anonymous Symbol]                       0x08002614   Section        0  led.o(.text.RGB_App_Handle)
    __arm_cp.17_0                            0x08002904   Number         4  led.o(.text.RGB_App_Handle)
    __arm_cp.17_1                            0x08002908   Number         4  led.o(.text.RGB_App_Handle)
    __arm_cp.17_2                            0x0800290c   Number         4  led.o(.text.RGB_App_Handle)
    __arm_cp.17_3                            0x08002910   Number         4  led.o(.text.RGB_App_Handle)
    __arm_cp.17_4                            0x08002914   Number         4  led.o(.text.RGB_App_Handle)
    __arm_cp.17_5                            0x08002918   Number         4  led.o(.text.RGB_App_Handle)
    __arm_cp.17_6                            0x0800291c   Number         4  led.o(.text.RGB_App_Handle)
    __arm_cp.17_7                            0x08002920   Number         4  led.o(.text.RGB_App_Handle)
    __arm_cp.17_8                            0x08002924   Number         4  led.o(.text.RGB_App_Handle)
    __arm_cp.17_9                            0x08002928   Number         4  led.o(.text.RGB_App_Handle)
    __arm_cp.17_12                           0x0800292c   Number         4  led.o(.text.RGB_App_Handle)
    [Anonymous Symbol]                       0x08002930   Section        0  py32f002b_it.o(.text.SVC_Handler)
    [Anonymous Symbol]                       0x08002932   Section        0  py32f002b_it.o(.text.SysTick_Handler)
    [Anonymous Symbol]                       0x08002944   Section        0  task.o(.text.Sys_EnterSleep_Handle)
    __arm_cp.12_0                            0x08002acc   Number         4  task.o(.text.Sys_EnterSleep_Handle)
    __arm_cp.12_1                            0x08002ad0   Number         4  task.o(.text.Sys_EnterSleep_Handle)
    __arm_cp.12_2                            0x08002ad4   Number         4  task.o(.text.Sys_EnterSleep_Handle)
    __arm_cp.12_4                            0x08002ad8   Number         4  task.o(.text.Sys_EnterSleep_Handle)
    __arm_cp.12_5                            0x08002adc   Number         4  task.o(.text.Sys_EnterSleep_Handle)
    __arm_cp.12_7                            0x08002ae0   Number         4  task.o(.text.Sys_EnterSleep_Handle)
    __arm_cp.12_8                            0x08002ae4   Number         4  task.o(.text.Sys_EnterSleep_Handle)
    __arm_cp.12_11                           0x08002ae8   Number         4  task.o(.text.Sys_EnterSleep_Handle)
    __arm_cp.12_14                           0x08002aec   Number         4  task.o(.text.Sys_EnterSleep_Handle)
    __arm_cp.12_15                           0x08002af0   Number         4  task.o(.text.Sys_EnterSleep_Handle)
    __arm_cp.12_16                           0x08002af4   Number         4  task.o(.text.Sys_EnterSleep_Handle)
    __arm_cp.12_17                           0x08002af8   Number         4  task.o(.text.Sys_EnterSleep_Handle)
    [Anonymous Symbol]                       0x08002afc   Section        0  task.o(.text.Sys_EntreSleep)
    [Anonymous Symbol]                       0x08002b04   Section        0  task.o(.text.Sys_Init)
    [Anonymous Symbol]                       0x08002b30   Section        0  task.o(.text.Sys_Timer1ms_Handle)
    __arm_cp.3_0                             0x08002b84   Number         4  task.o(.text.Sys_Timer1ms_Handle)
    __arm_cp.3_3                             0x08002b88   Number         4  task.o(.text.Sys_Timer1ms_Handle)
    __arm_cp.3_4                             0x08002b8c   Number         4  task.o(.text.Sys_Timer1ms_Handle)
    [Anonymous Symbol]                       0x08002b90   Section        0  system_py32f002b.o(.text.SystemInit)
    __arm_cp.1_0                             0x08002bb8   Number         4  system_py32f002b.o(.text.SystemInit)
    __arm_cp.1_1                             0x08002bbc   Number         4  system_py32f002b.o(.text.SystemInit)
    __arm_cp.1_2                             0x08002bc0   Number         4  system_py32f002b.o(.text.SystemInit)
    __arm_cp.1_3                             0x08002bc4   Number         4  system_py32f002b.o(.text.SystemInit)
    __arm_cp.1_4                             0x08002bc8   Number         4  system_py32f002b.o(.text.SystemInit)
    [Anonymous Symbol]                       0x08002bcc   Section        0  py32f002b_it.o(.text.TIM14_IRQHandler)
    __arm_cp.7_0                             0x08002bdc   Number         4  py32f002b_it.o(.text.TIM14_IRQHandler)
    [Anonymous Symbol]                       0x08002be0   Section        0  py32f002b_it.o(.text.TIM1_BRK_UP_TRG_COM_IRQHandler)
    __arm_cp.6_0                             0x08002c18   Number         4  py32f002b_it.o(.text.TIM1_BRK_UP_TRG_COM_IRQHandler)
    __arm_cp.6_1                             0x08002c1c   Number         4  py32f002b_it.o(.text.TIM1_BRK_UP_TRG_COM_IRQHandler)
    __arm_cp.6_2                             0x08002c20   Number         4  py32f002b_it.o(.text.TIM1_BRK_UP_TRG_COM_IRQHandler)
    __arm_cp.6_3                             0x08002c24   Number         4  py32f002b_it.o(.text.TIM1_BRK_UP_TRG_COM_IRQHandler)
    __arm_cp.6_4                             0x08002c28   Number         4  py32f002b_it.o(.text.TIM1_BRK_UP_TRG_COM_IRQHandler)
    [Anonymous Symbol]                       0x08002c2c   Section        0  task.o(.text.TY_Init)
    __arm_cp.2_0                             0x08002c84   Number         4  task.o(.text.TY_Init)
    __arm_cp.2_1                             0x08002c88   Number         4  task.o(.text.TY_Init)
    __arm_cp.2_3                             0x08002c8c   Number         4  task.o(.text.TY_Init)
    [Anonymous Symbol]                       0x08002c90   Section        0  task.o(.text.TY_Updata_Bright)
    __arm_cp.4_0                             0x08002d00   Number         4  task.o(.text.TY_Updata_Bright)
    __arm_cp.4_1                             0x08002d04   Number         4  task.o(.text.TY_Updata_Bright)
    [Anonymous Symbol]                       0x08002d08   Section        0  py32f002b_it.o(.text.USART1_IRQHandler)
    __arm_cp.5_0                             0x08002d14   Number         4  py32f002b_it.o(.text.USART1_IRQHandler)
    [Anonymous Symbol]                       0x08002d18   Section        0  protocol.o(.text.all_data_update)
    __arm_cp.1_0                             0x08002d84   Number         4  protocol.o(.text.all_data_update)
    __arm_cp.1_1                             0x08002d88   Number         4  protocol.o(.text.all_data_update)
    __arm_cp.1_2                             0x08002d8c   Number         4  protocol.o(.text.all_data_update)
    [Anonymous Symbol]                       0x08002d90   Section        0  mcu_api.o(.text.bt_protocol_init)
    __arm_cp.20_0                            0x08002da4   Number         4  mcu_api.o(.text.bt_protocol_init)
    __arm_cp.20_1                            0x08002da8   Number         4  mcu_api.o(.text.bt_protocol_init)
    __arm_cp.20_2                            0x08002dac   Number         4  mcu_api.o(.text.bt_protocol_init)
    [Anonymous Symbol]                       0x08002db0   Section        0  mcu_api.o(.text.bt_uart_service)
    __arm_cp.19_0                            0x08002e60   Number         4  mcu_api.o(.text.bt_uart_service)
    [Anonymous Symbol]                       0x08002e64   Section        0  system.o(.text.bt_uart_write_frame)
    [Anonymous Symbol]                       0x08002eb4   Section        0  system.o(.text.data_handle)
    __arm_cp.6_0                             0x08002fec   Number         4  system.o(.text.data_handle)
    __arm_cp.6_1                             0x08002ff0   Number         4  system.o(.text.data_handle)
    __arm_cp.6_2                             0x08002ff4   Number         4  system.o(.text.data_handle)
    __arm_cp.6_3                             0x08002ff8   Number         4  system.o(.text.data_handle)
    __arm_cp.6_4                             0x08002ffc   Number         4  system.o(.text.data_handle)
    __arm_cp.6_6                             0x08003000   Number         4  system.o(.text.data_handle)
    __arm_cp.6_7                             0x08003004   Number         4  system.o(.text.data_handle)
    [Anonymous Symbol]                       0x08003008   Section        0  system.o(.text.disable_low_power)
    __arm_cp.5_0                             0x0800304c   Number         4  system.o(.text.disable_low_power)
    [Anonymous Symbol]                       0x08003050   Section        0  protocol.o(.text.dp_download_handle)
    __arm_cp.2_0                             0x080033f0   Number         4  protocol.o(.text.dp_download_handle)
    __arm_cp.2_1                             0x080033f4   Number         4  protocol.o(.text.dp_download_handle)
    __arm_cp.2_2                             0x080033f8   Number         4  protocol.o(.text.dp_download_handle)
    __arm_cp.2_3                             0x080033fc   Number         4  protocol.o(.text.dp_download_handle)
    __arm_cp.2_4                             0x08003400   Number         4  protocol.o(.text.dp_download_handle)
    __arm_cp.2_5                             0x08003404   Number         4  protocol.o(.text.dp_download_handle)
    __arm_cp.2_6                             0x08003408   Number         4  protocol.o(.text.dp_download_handle)
    __arm_cp.2_7                             0x0800340c   Number         4  protocol.o(.text.dp_download_handle)
    __arm_cp.2_8                             0x08003410   Number         4  protocol.o(.text.dp_download_handle)
    __arm_cp.2_9                             0x08003414   Number         4  protocol.o(.text.dp_download_handle)
    [Anonymous Symbol]                       0x08003418   Section        0  system.o(.text.enable_low_power)
    __arm_cp.4_0                             0x0800345c   Number         4  system.o(.text.enable_low_power)
    [Anonymous Symbol]                       0x08003460   Section        0  system.o(.text.get_check_sum)
    [Anonymous Symbol]                       0x0800347a   Section        0  protocol.o(.text.get_download_cmd_total)
    [Anonymous Symbol]                       0x08003480   Section        0  system.o(.text.get_queue_total_data)
    __arm_cp.7_0                             0x08003490   Number         4  system.o(.text.get_queue_total_data)
    __arm_cp.7_1                             0x08003494   Number         4  system.o(.text.get_queue_total_data)
    [Anonymous Symbol]                       0x08003498   Section        0  led.o(.text.led_strip_hsv2rgb)
    [Anonymous Symbol]                       0x08003550   Section        0  main.o(.text.main)
    __arm_cp.0_0                             0x080037c8   Number         4  main.o(.text.main)
    __arm_cp.0_1                             0x080037cc   Number         4  main.o(.text.main)
    __arm_cp.0_2                             0x080037d0   Number         4  main.o(.text.main)
    __arm_cp.0_3                             0x080037d4   Number         4  main.o(.text.main)
    __arm_cp.0_4                             0x080037d8   Number         4  main.o(.text.main)
    __arm_cp.0_6                             0x080037dc   Number         4  main.o(.text.main)
    __arm_cp.0_7                             0x080037e0   Number         4  main.o(.text.main)
    __arm_cp.0_8                             0x080037e4   Number         4  main.o(.text.main)
    __arm_cp.0_9                             0x080037e8   Number         4  main.o(.text.main)
    __arm_cp.0_10                            0x080037ec   Number         4  main.o(.text.main)
    __arm_cp.0_11                            0x080037f0   Number         4  main.o(.text.main)
    [Anonymous Symbol]                       0x080037f4   Section        0  mcu_api.o(.text.mcu_dp_bool_update)
    [Anonymous Symbol]                       0x08003834   Section        0  mcu_api.o(.text.mcu_dp_enum_update)
    [Anonymous Symbol]                       0x08003870   Section        0  mcu_api.o(.text.mcu_dp_raw_update)
    [Anonymous Symbol]                       0x080038b0   Section        0  mcu_api.o(.text.mcu_dp_string_update)
    [Anonymous Symbol]                       0x080038ec   Section        0  mcu_api.o(.text.mcu_dp_value_update)
    __arm_cp.11_0                            0x0800393c   Number         4  mcu_api.o(.text.mcu_dp_value_update)
    [Anonymous Symbol]                       0x08003940   Section        0  mcu_api.o(.text.mcu_get_dp_download_bool)
    [Anonymous Symbol]                       0x08003944   Section        0  mcu_api.o(.text.mcu_get_dp_download_enum)
    [Anonymous Symbol]                       0x08003948   Section        0  mcu_api.o(.text.mcu_get_dp_download_value)
    [Anonymous Symbol]                       0x0800395e   Section        0  mcu_api.o(.text.my_memcpy)
    [Anonymous Symbol]                       0x0800399e   Section        0  mcu_api.o(.text.my_strlen)
    [Anonymous Symbol]                       0x080039bc   Section        0  system.o(.text.set_bt_uart_buffer)
    [Anonymous Symbol]                       0x080039d4   Section        0  system.o(.text.set_bt_uart_byte)
    __arm_cp.0_0                             0x080039e0   Number         4  system.o(.text.set_bt_uart_byte)
    [Anonymous Symbol]                       0x080039e4   Section        0  mcu_api.o(.text.uart_receive_input)
    __arm_cp.18_0                            0x08003a0c   Number         4  mcu_api.o(.text.uart_receive_input)
    __arm_cp.18_1                            0x08003a10   Number         4  mcu_api.o(.text.uart_receive_input)
    __arm_cp.18_2                            0x08003a14   Number         4  mcu_api.o(.text.uart_receive_input)
    [Anonymous Symbol]                       0x08003a18   Section        0  protocol.o(.text.uart_transmit_output)
    __arm_cp.0_0                             0x08003a2c   Number         4  protocol.o(.text.uart_transmit_output)
    i.__ARM_clz                              0x08003a30   Section        0  depilogue.o(i.__ARM_clz)
    i.__aeabi_errno_addr                     0x08003a60   Section        0  errno.o(i.__aeabi_errno_addr)
    i.__scatterload_copy                     0x08003a68   Section       14  handlers.o(i.__scatterload_copy)
    i.__scatterload_null                     0x08003a76   Section        2  handlers.o(i.__scatterload_null)
    i.__scatterload_zeroinit                 0x08003a78   Section       14  handlers.o(i.__scatterload_zeroinit)
    .constdata                               0x08003a86   Section      129  ctype_o.o(.constdata)
    table                                    0x08003b08   Data           4  ctype_o.o(.constdata)
    .constdata                               0x08003b08   Section        4  ctype_o.o(.constdata)
    [Anonymous Symbol]                       0x08003bcc   Section        0  system.o(.rodata.str1.1)
    _errno                                   0x20000000   Data           4  errno.o(.data)
    .data                                    0x20000000   Section        4  errno.o(.data)
    BatVolatageToPercent_handle.gear_changetemp 0x20000034   Data           1  adc.o(.bss.BatVolatageToPercent_handle.gear_changetemp)
    [Anonymous Symbol]                       0x20000034   Section        0  adc.o(.bss.BatVolatageToPercent_handle.gear_changetemp)
    BatVolatageToPercent_handle.last_percent 0x20000035   Data           1  adc.o(.bss.BatVolatageToPercent_handle.last_percent)
    [Anonymous Symbol]                       0x20000035   Section        0  adc.o(.bss.BatVolatageToPercent_handle.last_percent)
    Bat_StatusCheck_Handle.filter_cnt        0x20000036   Data           2  adc.o(.bss.Bat_StatusCheck_Handle.filter_cnt)
    [Anonymous Symbol]                       0x20000036   Section        0  adc.o(.bss.Bat_StatusCheck_Handle.filter_cnt)
    Bat_StatusCheck_Handle.filter_cnt1       0x20000038   Data           2  adc.o(.bss.Bat_StatusCheck_Handle.filter_cnt1)
    [Anonymous Symbol]                       0x20000038   Section        0  adc.o(.bss.Bat_StatusCheck_Handle.filter_cnt1)
    Bat_StatusCheck_Handle.low_voltage_cnt   0x2000003a   Data           2  adc.o(.bss.Bat_StatusCheck_Handle.low_voltage_cnt)
    [Anonymous Symbol]                       0x2000003a   Section        0  adc.o(.bss.Bat_StatusCheck_Handle.low_voltage_cnt)
    IR_RGB_MODE_handle.status                0x2000003c   Data           1  led.o(.bss.IR_RGB_MODE_handle.status)
    [Anonymous Symbol]                       0x2000003c   Section        0  led.o(.bss.IR_RGB_MODE_handle.status)
    IR_RGB_MODE_handle.time_cnt              0x2000003d   Data           1  led.o(.bss.IR_RGB_MODE_handle.time_cnt)
    [Anonymous Symbol]                       0x2000003d   Section        0  led.o(.bss.IR_RGB_MODE_handle.time_cnt)
    LED_DisplayBatGear_Handle.charge_flash   0x2000004c   Data           1  led.o(.bss.LED_DisplayBatGear_Handle.charge_flash)
    [Anonymous Symbol]                       0x2000004c   Section        0  led.o(.bss.LED_DisplayBatGear_Handle.charge_flash)
    LED_DisplayBatGear_Handle.flash_cnt      0x2000004d   Data           1  led.o(.bss.LED_DisplayBatGear_Handle.flash_cnt)
    [Anonymous Symbol]                       0x2000004d   Section        0  led.o(.bss.LED_DisplayBatGear_Handle.flash_cnt)
    LED_DisplayBatGear_Handle.low_flash      0x2000004e   Data           1  led.o(.bss.LED_DisplayBatGear_Handle.low_flash)
    [Anonymous Symbol]                       0x2000004e   Section        0  led.o(.bss.LED_DisplayBatGear_Handle.low_flash)
    LED_Scan_Handle.ScanCount                0x20000050   Data           1  led.o(.bss.LED_Scan_Handle.ScanCount)
    [Anonymous Symbol]                       0x20000050   Section        0  led.o(.bss.LED_Scan_Handle.ScanCount)
    RGB_App_Handle.TY_Reset_Mode_Status      0x20000094   Data           1  led.o(.bss.RGB_App_Handle.TY_Reset_Mode_Status)
    [Anonymous Symbol]                       0x20000094   Section        0  led.o(.bss.RGB_App_Handle.TY_Reset_Mode_Status)
    bt_uart_service.rx_in                    0x20000262   Data           2  mcu_api.o(.bss.bt_uart_service.rx_in)
    [Anonymous Symbol]                       0x20000262   Section        0  mcu_api.o(.bss.bt_uart_service.rx_in)
    heat_beat_check.mcu_reset_state          0x20000284   Data           1  system.o(.bss.heat_beat_check.mcu_reset_state)
    [Anonymous Symbol]                       0x20000284   Section        0  system.o(.bss.heat_beat_check.mcu_reset_state)
    percent_temp                             0x200002a0   Data          10  adc.o(.bss.percent_temp)
    [Anonymous Symbol]                       0x200002a0   Section        0  adc.o(.bss.percent_temp)
    STACK                                    0x200002c0   Section     1024  startup_py32f002bxx.o(STACK)

    Global Symbols

    Symbol Name                              Value     Ov Type        Size  Object(Section)

    BuildAttributes$$THM_ISAv3M$S$PE$A:L22$X:L11$S22$IEEE1$IW$~IW$USESV6$~STKCKD$USESV7$~SHL$OSPACE$ROPI$EBA8$MICROLIB$REQ8$PRES8$EABIv2 0x00000000   Number         0  anon$$obj.o ABSOLUTE
    __cpp_initialize__aeabi_                  - Undefined Weak Reference
    __cxa_finalize                            - Undefined Weak Reference
    __decompress                              - Undefined Weak Reference
    _clock_init                               - Undefined Weak Reference
    _microlib_exit                            - Undefined Weak Reference
    __Vectors_Size                           0x000000c0   Number         0  startup_py32f002bxx.o ABSOLUTE
    __Vectors                                0x08000000   Data           4  startup_py32f002bxx.o(RESET)
    __Vectors_End                            0x080000c0   Data           0  startup_py32f002bxx.o(RESET)
    __main                                   0x080000c1   Thumb Code     0  entry.o(.ARM.Collect$$$$00000000)
    _main_stk                                0x080000c1   Thumb Code     0  entry2.o(.ARM.Collect$$$$00000001)
    _main_scatterload                        0x080000c5   Thumb Code     0  entry5.o(.ARM.Collect$$$$00000004)
    __main_after_scatterload                 0x080000c9   Thumb Code     0  entry5.o(.ARM.Collect$$$$00000004)
    _main_clock                              0x080000c9   Thumb Code     0  entry7b.o(.ARM.Collect$$$$00000008)
    _main_cpp_init                           0x080000c9   Thumb Code     0  entry8b.o(.ARM.Collect$$$$0000000A)
    _main_init                               0x080000c9   Thumb Code     0  entry9a.o(.ARM.Collect$$$$0000000B)
    __rt_final_cpp                           0x080000d1   Thumb Code     0  entry10a.o(.ARM.Collect$$$$0000000D)
    __rt_final_exit                          0x080000d1   Thumb Code     0  entry11a.o(.ARM.Collect$$$$0000000F)
    Reset_Handler                            0x08000115   Thumb Code     8  startup_py32f002bxx.o(.text)
    FLASH_IRQHandler                         0x08000127   Thumb Code     0  startup_py32f002bxx.o(.text)
    I2C1_IRQHandler                          0x08000127   Thumb Code     0  startup_py32f002bxx.o(.text)
    RCC_IRQHandler                           0x08000127   Thumb Code     0  startup_py32f002bxx.o(.text)
    SPI1_IRQHandler                          0x08000127   Thumb Code     0  startup_py32f002bxx.o(.text)
    TIM1_CC_IRQHandler                       0x08000127   Thumb Code     0  startup_py32f002bxx.o(.text)
    __aeabi_memcpy                           0x08000131   Thumb Code    36  memcpya.o(.text)
    __aeabi_memcpy4                          0x08000131   Thumb Code     0  memcpya.o(.text)
    __aeabi_memcpy8                          0x08000131   Thumb Code     0  memcpya.o(.text)
    __aeabi_memset                           0x08000155   Thumb Code    14  memseta.o(.text)
    __aeabi_memset4                          0x08000155   Thumb Code     0  memseta.o(.text)
    __aeabi_memset8                          0x08000155   Thumb Code     0  memseta.o(.text)
    __aeabi_memclr                           0x08000163   Thumb Code     4  memseta.o(.text)
    __aeabi_memclr4                          0x08000163   Thumb Code     0  memseta.o(.text)
    __aeabi_memclr8                          0x08000163   Thumb Code     0  memseta.o(.text)
    _memset$wrapper                          0x08000167   Thumb Code    18  memseta.o(.text)
    strtol                                   0x08000179   Thumb Code   108  strtol.o(.text)
    __aeabi_dmul                             0x080001e9   Thumb Code   202  dmul.o(.text)
    __aeabi_ddiv                             0x080002b9   Thumb Code   234  ddiv.o(.text)
    __aeabi_i2d                              0x080003a9   Thumb Code    34  dflti.o(.text)
    __aeabi_d2iz                             0x080003d1   Thumb Code    62  dfixi.o(.text)
    __aeabi_uidiv                            0x08000419   Thumb Code     0  uidiv_div0.o(.text)
    __aeabi_uidivmod                         0x08000419   Thumb Code    62  uidiv_div0.o(.text)
    __aeabi_idiv                             0x08000459   Thumb Code     0  idiv_div0.o(.text)
    __aeabi_idivmod$div0                     0x08000459   Thumb Code    74  idiv_div0.o(.text)
    __aeabi_llsr                             0x080004a9   Thumb Code    34  llushr.o(.text)
    _ll_ushift_r                             0x080004a9   Thumb Code     0  llushr.o(.text)
    __rt_ctype_table                         0x080004cd   Thumb Code     4  ctype_o.o(.text)
    _strtoul                                 0x080004d5   Thumb Code   166  _strtoul.o(.text)
    __I$use$fp                               0x0800057b   Thumb Code     0  iusefp.o(.text)
    _double_round                            0x0800057b   Thumb Code    26  depilogue.o(.text)
    _double_epilogue                         0x08000595   Thumb Code   164  depilogue.o(.text)
    __scatterload                            0x08000639   Thumb Code    28  init.o(.text)
    __scatterload_rt2                        0x08000639   Thumb Code     0  init.o(.text)
    __aeabi_llsl                             0x0800065d   Thumb Code    32  llshl.o(.text)
    _ll_shift_l                              0x0800065d   Thumb Code     0  llshl.o(.text)
    _chval                                   0x0800067d   Thumb Code    30  _chval.o(.text)
    ADC_COMP_IRQHandler                      0x0800069d   Thumb Code    16  py32f002b_it.o(.text.ADC_COMP_IRQHandler)
    APP_AdcCalibrate                         0x080006ad   Thumb Code    44  adc.o(.text.APP_AdcCalibrate)
    APP_AdcConfig                            0x080006dd   Thumb Code   252  adc.o(.text.APP_AdcConfig)
    APP_AdcGrpRegularUnitaryConvCompleteCallback 0x080007fd   Thumb Code    48  adc.o(.text.APP_AdcGrpRegularUnitaryConvCompleteCallback)
    APP_ConfigPWMChannel                     0x08000835   Thumb Code   164  led.o(.text.APP_ConfigPWMChannel)
    APP_ConfigTIM1                           0x080008d9   Thumb Code   100  led.o(.text.APP_ConfigTIM1)
    APP_ConfigTIM14                          0x08000949   Thumb Code   100  ir.o(.text.APP_ConfigTIM14)
    APP_ConfigUsart                          0x080009bd   Thumb Code   224  usart.o(.text.APP_ConfigUsart)
    APP_ErrorHandler                         0x08000ab9   Thumb Code     2  main.o(.text.APP_ErrorHandler)
    APP_FlashOBProgram                       0x08000abb   Thumb Code    50  flash.o(.text.APP_FlashOBProgram)
    APP_UsartIRQCallback                     0x08000aed   Thumb Code   108  usart.o(.text.APP_UsartIRQCallback)
    Adc_BatVolatageCollection_handle         0x08000b65   Thumb Code    76  adc.o(.text.Adc_BatVolatageCollection_handle)
    Adc_RefVoltage_ON                        0x08000bc1   Thumb Code    72  task.o(.text.Adc_RefVoltage_ON)
    BLE_Power_OFF                            0x08000c1d   Thumb Code    68  task.o(.text.BLE_Power_OFF)
    BLE_Power_ON                             0x08000c69   Thumb Code    64  task.o(.text.BLE_Power_ON)
    BatVolatageToPercent_handle              0x08000cb1   Thumb Code   260  adc.o(.text.BatVolatageToPercent_handle)
    Bat_GpioInit                             0x08000df1   Thumb Code    84  adc.o(.text.Bat_GpioInit)
    Bat_StatusCheck_Handle                   0x08000e55   Thumb Code   252  adc.o(.text.Bat_StatusCheck_Handle)
    EXTI0_1_IRQHandler                       0x08000f75   Thumb Code     2  py32f002b_it.o(.text.EXTI0_1_IRQHandler)
    EXTI2_3_IRQHandler                       0x08000f79   Thumb Code    20  py32f002b_it.o(.text.EXTI2_3_IRQHandler)
    EXTI4_15_IRQHandler                      0x08000f8d   Thumb Code    44  py32f002b_it.o(.text.EXTI4_15_IRQHandler)
    FLASH_WaitForLastOperation               0x08000fc1   Thumb Code    40  py32f002b_hal_flash.o(.text.FLASH_WaitForLastOperation)
    Flash_Data_Write                         0x08000ff1   Thumb Code    92  flash.o(.text.Flash_Data_Write)
    Flash_Init_Rdata                         0x0800104d   Thumb Code   104  flash.o(.text.Flash_Init_Rdata)
    Flash_Write                              0x080010b5   Thumb Code   152  flash.o(.text.Flash_Write)
    HAL_FLASH_Erase                          0x08001159   Thumb Code   500  py32f002b_hal_flash.o(.text.HAL_FLASH_Erase)
    HAL_FLASH_Lock                           0x08001351   Thumb Code    20  py32f002b_hal_flash.o(.text.HAL_FLASH_Lock)
    HAL_FLASH_OBProgram                      0x08001365   Thumb Code   316  py32f002b_hal_flash.o(.text.HAL_FLASH_OBProgram)
    HAL_FLASH_OB_Launch                      0x080014c5   Thumb Code    16  py32f002b_hal_flash.o(.text.HAL_FLASH_OB_Launch)
    HAL_FLASH_OB_Lock                        0x080014d5   Thumb Code    20  py32f002b_hal_flash.o(.text.HAL_FLASH_OB_Lock)
    HAL_FLASH_OB_Unlock                      0x080014ed   Thumb Code    28  py32f002b_hal_flash.o(.text.HAL_FLASH_OB_Unlock)
    HAL_FLASH_Program                        0x08001515   Thumb Code   284  py32f002b_hal_flash.o(.text.HAL_FLASH_Program)
    HAL_FLASH_Unlock                         0x08001655   Thumb Code    28  py32f002b_hal_flash.o(.text.HAL_FLASH_Unlock)
    HAL_GetTick                              0x0800167d   Thumb Code     8  py32f002b_hal.o(.text.HAL_GetTick)
    HAL_IncTick                              0x08001685   Thumb Code    16  py32f002b_hal.o(.text.HAL_IncTick)
    HardFault_Handler                        0x0800169d   Thumb Code     2  py32f002b_it.o(.text.HardFault_Handler)
    IR_RGB_MODE_handle                       0x080016a1   Thumb Code   100  led.o(.text.IR_RGB_MODE_handle)
    Ir_CommandReceiv                         0x0800170d   Thumb Code   688  ir.o(.text.Ir_CommandReceiv)
    Ir_ExtiCallback                          0x080019e1   Thumb Code    96  ir.o(.text.Ir_ExtiCallback)
    Ir_Init                                  0x08001a49   Thumb Code   116  ir.o(.text.Ir_Init)
    Ir_Power_OFF                             0x08001ac9   Thumb Code     8  task.o(.text.Ir_Power_OFF)
    Ir_Power_ON                              0x08001ad5   Thumb Code     8  task.o(.text.Ir_Power_ON)
    Ir_Scan                                  0x08001ae1   Thumb Code    64  ir.o(.text.Ir_Scan)
    Ir_Time14IRQCallback                     0x08001b25   Thumb Code    40  ir.o(.text.Ir_Time14IRQCallback)
    LED_DisplayBatGear_Handle                0x08001b51   Thumb Code    92  led.o(.text.LED_DisplayBatGear_Handle)
    LED_Init                                 0x08001bbd   Thumb Code   116  led.o(.text.LED_Init)
    LED_RGB_HSVdisplay                       0x08001c35   Thumb Code    40  led.o(.text.LED_RGB_HSVdisplay)
    LED_RGB_Off_Handle                       0x08001c61   Thumb Code    40  led.o(.text.LED_RGB_Off_Handle)
    LED_RGB_On_Handle                        0x08001c8d   Thumb Code    48  led.o(.text.LED_RGB_On_Handle)
    LED_RGB_SetDisplayHSV                    0x08001cc5   Thumb Code    12  led.o(.text.LED_RGB_SetDisplayHSV)
    LED_RGB_SetHSV                           0x08001cd1   Thumb Code    12  led.o(.text.LED_RGB_SetHSV)
    LED_RGB_To_OnStatus                      0x08001cdd   Thumb Code    36  led.o(.text.LED_RGB_To_OnStatus)
    LED_RGB_W_display                        0x08001d05   Thumb Code    44  led.o(.text.LED_RGB_W_display)
    LED_RGB_display                          0x08001d39   Thumb Code   152  led.o(.text.LED_RGB_display)
    LED_RGB_init                             0x08001de5   Thumb Code    32  led.o(.text.LED_RGB_init)
    LED_Scan_Handle                          0x08001e09   Thumb Code   280  led.o(.text.LED_Scan_Handle)
    LL_ADC_Init                              0x08001f2d   Thumb Code    48  py32f002b_ll_adc.o(.text.LL_ADC_Init)
    LL_ADC_REG_Init                          0x08001f61   Thumb Code    36  py32f002b_ll_adc.o(.text.LL_ADC_REG_Init)
    LL_EXTI_Init                             0x08001f89   Thumb Code   156  py32f002b_ll_exti.o(.text.LL_EXTI_Init)
    LL_GPIO_Init                             0x0800202d   Thumb Code   176  py32f002b_ll_gpio.o(.text.LL_GPIO_Init)
    LL_Init1msTick                           0x080020dd   Thumb Code    28  py32f002b_ll_utils.o(.text.LL_Init1msTick)
    LL_LPTIM_Init                            0x080020fd   Thumb Code    32  py32f002b_ll_lptim.o(.text.LL_LPTIM_Init)
    LL_RCC_GetSystemClocksFreq               0x08002121   Thumb Code    80  py32f002b_ll_rcc.o(.text.LL_RCC_GetSystemClocksFreq)
    LL_SetSystemCoreClock                    0x08002185   Thumb Code     8  py32f002b_ll_utils.o(.text.LL_SetSystemCoreClock)
    LL_TIM_Init                              0x08002191   Thumb Code    84  py32f002b_ll_tim.o(.text.LL_TIM_Init)
    LL_TIM_OC_Init                           0x080021e5   Thumb Code   480  py32f002b_ll_tim.o(.text.LL_TIM_OC_Init)
    LL_USART_Init                            0x080023d9   Thumb Code   220  py32f002b_ll_usart.o(.text.LL_USART_Init)
    LL_mDelay                                0x080024bd   Thumb Code    36  py32f002b_ll_utils.o(.text.LL_mDelay)
    LPTIM1_IRQHandler                        0x080024e5   Thumb Code    20  py32f002b_it.o(.text.LPTIM1_IRQHandler)
    Led_Off                                  0x08002501   Thumb Code    56  led.o(.text.Led_Off)
    Lptim_Init                               0x0800253d   Thumb Code   144  time.o(.text.Lptim_Init)
    NMI_Handler                              0x080025e1   Thumb Code     2  py32f002b_it.o(.text.NMI_Handler)
    PendSV_Handler                           0x080025e3   Thumb Code     2  py32f002b_it.o(.text.PendSV_Handler)
    Queue_Read_Byte                          0x080025e5   Thumb Code    36  system.o(.text.Queue_Read_Byte)
    RGB_App_Handle                           0x08002615   Thumb Code   752  led.o(.text.RGB_App_Handle)
    SVC_Handler                              0x08002931   Thumb Code     2  py32f002b_it.o(.text.SVC_Handler)
    SysTick_Handler                          0x08002933   Thumb Code    16  py32f002b_it.o(.text.SysTick_Handler)
    Sys_EnterSleep_Handle                    0x08002945   Thumb Code   392  task.o(.text.Sys_EnterSleep_Handle)
    Sys_EntreSleep                           0x08002afd   Thumb Code     8  task.o(.text.Sys_EntreSleep)
    Sys_Init                                 0x08002b05   Thumb Code    44  task.o(.text.Sys_Init)
    Sys_Timer1ms_Handle                      0x08002b31   Thumb Code    84  task.o(.text.Sys_Timer1ms_Handle)
    SystemInit                               0x08002b91   Thumb Code    40  system_py32f002b.o(.text.SystemInit)
    TIM14_IRQHandler                         0x08002bcd   Thumb Code    16  py32f002b_it.o(.text.TIM14_IRQHandler)
    TIM1_BRK_UP_TRG_COM_IRQHandler           0x08002be1   Thumb Code    56  py32f002b_it.o(.text.TIM1_BRK_UP_TRG_COM_IRQHandler)
    TY_Init                                  0x08002c2d   Thumb Code    88  task.o(.text.TY_Init)
    TY_Updata_Bright                         0x08002c91   Thumb Code   112  task.o(.text.TY_Updata_Bright)
    USART1_IRQHandler                        0x08002d09   Thumb Code    12  py32f002b_it.o(.text.USART1_IRQHandler)
    all_data_update                          0x08002d19   Thumb Code   108  protocol.o(.text.all_data_update)
    bt_protocol_init                         0x08002d91   Thumb Code    20  mcu_api.o(.text.bt_protocol_init)
    bt_uart_service                          0x08002db1   Thumb Code   176  mcu_api.o(.text.bt_uart_service)
    bt_uart_write_frame                      0x08002e65   Thumb Code    80  system.o(.text.bt_uart_write_frame)
    data_handle                              0x08002eb5   Thumb Code   312  system.o(.text.data_handle)
    disable_low_power                        0x08003009   Thumb Code    68  system.o(.text.disable_low_power)
    dp_download_handle                       0x08003051   Thumb Code   928  protocol.o(.text.dp_download_handle)
    enable_low_power                         0x08003419   Thumb Code    68  system.o(.text.enable_low_power)
    get_check_sum                            0x08003461   Thumb Code    26  system.o(.text.get_check_sum)
    get_download_cmd_total                   0x0800347b   Thumb Code     4  protocol.o(.text.get_download_cmd_total)
    get_queue_total_data                     0x08003481   Thumb Code    16  system.o(.text.get_queue_total_data)
    led_strip_hsv2rgb                        0x08003499   Thumb Code   184  led.o(.text.led_strip_hsv2rgb)
    main                                     0x08003551   Thumb Code   632  main.o(.text.main)
    mcu_dp_bool_update                       0x080037f5   Thumb Code    64  mcu_api.o(.text.mcu_dp_bool_update)
    mcu_dp_enum_update                       0x08003835   Thumb Code    60  mcu_api.o(.text.mcu_dp_enum_update)
    mcu_dp_raw_update                        0x08003871   Thumb Code    64  mcu_api.o(.text.mcu_dp_raw_update)
    mcu_dp_string_update                     0x080038b1   Thumb Code    60  mcu_api.o(.text.mcu_dp_string_update)
    mcu_dp_value_update                      0x080038ed   Thumb Code    80  mcu_api.o(.text.mcu_dp_value_update)
    mcu_get_dp_download_bool                 0x08003941   Thumb Code     4  mcu_api.o(.text.mcu_get_dp_download_bool)
    mcu_get_dp_download_enum                 0x08003945   Thumb Code     4  mcu_api.o(.text.mcu_get_dp_download_enum)
    mcu_get_dp_download_value                0x08003949   Thumb Code    22  mcu_api.o(.text.mcu_get_dp_download_value)
    my_memcpy                                0x0800395f   Thumb Code    64  mcu_api.o(.text.my_memcpy)
    my_strlen                                0x0800399f   Thumb Code    28  mcu_api.o(.text.my_strlen)
    set_bt_uart_buffer                       0x080039bd   Thumb Code    24  system.o(.text.set_bt_uart_buffer)
    set_bt_uart_byte                         0x080039d5   Thumb Code    12  system.o(.text.set_bt_uart_byte)
    uart_receive_input                       0x080039e5   Thumb Code    40  mcu_api.o(.text.uart_receive_input)
    uart_transmit_output                     0x08003a19   Thumb Code    20  protocol.o(.text.uart_transmit_output)
    __ARM_clz                                0x08003a31   Thumb Code    46  depilogue.o(i.__ARM_clz)
    __aeabi_errno_addr                       0x08003a61   Thumb Code     4  errno.o(i.__aeabi_errno_addr)
    __rt_errno_addr                          0x08003a61   Thumb Code     0  errno.o(i.__aeabi_errno_addr)
    __scatterload_copy                       0x08003a69   Thumb Code    14  handlers.o(i.__scatterload_copy)
    __scatterload_null                       0x08003a77   Thumb Code     2  handlers.o(i.__scatterload_null)
    __scatterload_zeroinit                   0x08003a79   Thumb Code    14  handlers.o(i.__scatterload_zeroinit)
    __ctype_table                            0x08003a86   Data         129  ctype_o.o(.constdata)
    AHBPrescTable                            0x08003b0c   Data          64  system_py32f002b.o(.rodata.AHBPrescTable)
    APBPrescTable                            0x08003b4c   Data          32  system_py32f002b.o(.rodata.APBPrescTable)
    HSIFreqTable                             0x08003b6c   Data          32  system_py32f002b.o(.rodata.HSIFreqTable)
    _FlashTimmingParam                       0x08003b8c   Data          32  py32f002b_hal_flash.o(.rodata._FlashTimmingParam)
    download_cmd                             0x08003bac   Data          32  protocol.o(.rodata.download_cmd)
    Region$$Table$$Base                      0x08003bdc   Number         0  anon$$obj.o(Region$$Table)
    Region$$Table$$Limit                     0x08003bfc   Number         0  anon$$obj.o(Region$$Table)
    FlashData                                0x20000004   Data          20  flash.o(.data.FlashData)
    SystemCoreClock                          0x20000018   Data           4  system_py32f002b.o(.data.SystemCoreClock)
    uwTickFreq                               0x2000001c   Data           4  py32f002b_hal.o(.data.uwTickFreq)
    Adc                                      0x20000020   Data          12  adc.o(.bss.Adc)
    Bat                                      0x2000002c   Data           8  adc.o(.bss.Bat)
    Ir                                       0x20000040   Data          12  ir.o(.bss.Ir)
    LED_DisplayTemp                          0x2000004f   Data           1  led.o(.bss.LED_DisplayTemp)
    RGB                                      0x20000054   Data          64  led.o(.bss.RGB)
    Sys                                      0x20000098   Data          10  task.o(.bss.Sys)
    TY                                       0x200000a4   Data          22  task.o(.bss.TY)
    TxBuff                                   0x200000bc   Data           4  usart.o(.bss.TxBuff)
    TxCount                                  0x200000c0   Data           2  usart.o(.bss.TxCount)
    UartReady                                0x200000c2   Data           1  usart.o(.bss.UartReady)
    bt_queue_buf                             0x200000c3   Data         167  system.o(.bss.bt_queue_buf)
    bt_uart_rx_buf                           0x2000016a   Data         247  system.o(.bss.bt_uart_rx_buf)
    bt_uart_tx_buf                           0x20000264   Data          31  system.o(.bss.bt_uart_tx_buf)
    bt_work_state                            0x20000283   Data           1  system.o(.bss.bt_work_state)
    pFlash                                   0x20000288   Data          24  py32f002b_hal_flash.o(.bss.pFlash)
    queue_in                                 0x200002ac   Data           4  system.o(.bss.queue_in)
    queue_out                                0x200002b0   Data           4  system.o(.bss.queue_out)
    reset_bt_flag                            0x200002b4   Data           1  system.o(.bss.reset_bt_flag)
    stop_update_flag                         0x200002b5   Data           1  system.o(.bss.stop_update_flag)
    uwTick                                   0x200002b8   Data           4  py32f002b_hal.o(.bss.uwTick)
    __initial_sp                             0x200006c0   Data           0  startup_py32f002bxx.o(STACK)



==============================================================================

Memory Map of the image

  Image Entry point : 0x080000c1

  Load Region LR_IROM1 (Base: 0x08000000, Size: 0x00003c20, Max: 0x00006000, ABSOLUTE)

    Execution Region ER_IROM1 (Exec base: 0x08000000, Load base: 0x08000000, Size: 0x00003bfc, Max: 0x00006000, ABSOLUTE)

    Exec Addr    Load Addr    Size         Type   Attr      Idx    E Section Name        Object

    0x08000000   0x08000000   0x000000c0   Data   RO            3    RESET               startup_py32f002bxx.o
    0x080000c0   0x080000c0   0x00000000   Code   RO          702  * .ARM.Collect$$$$00000000  mc_p.l(entry.o)
    0x080000c0   0x080000c0   0x00000004   Code   RO          727    .ARM.Collect$$$$00000001  mc_p.l(entry2.o)
    0x080000c4   0x080000c4   0x00000004   Code   RO          730    .ARM.Collect$$$$00000004  mc_p.l(entry5.o)
    0x080000c8   0x080000c8   0x00000000   Code   RO          732    .ARM.Collect$$$$00000008  mc_p.l(entry7b.o)
    0x080000c8   0x080000c8   0x00000000   Code   RO          734    .ARM.Collect$$$$0000000A  mc_p.l(entry8b.o)
    0x080000c8   0x080000c8   0x00000008   Code   RO          735    .ARM.Collect$$$$0000000B  mc_p.l(entry9a.o)
    0x080000d0   0x080000d0   0x00000000   Code   RO          737    .ARM.Collect$$$$0000000D  mc_p.l(entry10a.o)
    0x080000d0   0x080000d0   0x00000000   Code   RO          739    .ARM.Collect$$$$0000000F  mc_p.l(entry11a.o)
    0x080000d0   0x080000d0   0x00000004   Code   RO          728    .ARM.Collect$$$$00002712  mc_p.l(entry2.o)
    0x080000d4   0x080000d4   0x00000040   Code   RO          181    .RamFunc            py32f002b_hal_flash.o
    0x08000114   0x08000114   0x0000001c   Code   RO            4    .text               startup_py32f002bxx.o
    0x08000130   0x08000130   0x00000024   Code   RO          711    .text               mc_p.l(memcpya.o)
    0x08000154   0x08000154   0x00000024   Code   RO          713    .text               mc_p.l(memseta.o)
    0x08000178   0x08000178   0x00000070   Code   RO          717    .text               mc_p.l(strtol.o)
    0x080001e8   0x080001e8   0x000000d0   Code   RO          719    .text               mf_p.l(dmul.o)
    0x080002b8   0x080002b8   0x000000f0   Code   RO          721    .text               mf_p.l(ddiv.o)
    0x080003a8   0x080003a8   0x00000028   Code   RO          723    .text               mf_p.l(dflti.o)
    0x080003d0   0x080003d0   0x00000048   Code   RO          725    .text               mf_p.l(dfixi.o)
    0x08000418   0x08000418   0x0000003e   Code   RO          743    .text               mc_p.l(uidiv_div0.o)
    0x08000456   0x08000456   0x00000002   PAD
    0x08000458   0x08000458   0x00000050   Code   RO          745    .text               mc_p.l(idiv_div0.o)
    0x080004a8   0x080004a8   0x00000022   Code   RO          749    .text               mc_p.l(llushr.o)
    0x080004ca   0x080004ca   0x00000002   PAD
    0x080004cc   0x080004cc   0x00000008   Code   RO          751    .text               mc_p.l(ctype_o.o)
    0x080004d4   0x080004d4   0x000000a6   Code   RO          786    .text               mc_p.l(_strtoul.o)
    0x0800057a   0x0800057a   0x00000000   Code   RO          788    .text               mc_p.l(iusefp.o)
    0x0800057a   0x0800057a   0x000000be   Code   RO          789    .text               mf_p.l(depilogue.o)
    0x08000638   0x08000638   0x00000024   Code   RO          793    .text               mc_p.l(init.o)
    0x0800065c   0x0800065c   0x00000020   Code   RO          795    .text               mc_p.l(llshl.o)
    0x0800067c   0x0800067c   0x0000001e   Code   RO          797    .text               mc_p.l(_chval.o)
    0x0800069a   0x0800069a   0x00000002   PAD
    0x0800069c   0x0800069c   0x00000010   Code   RO           43    .text.ADC_COMP_IRQHandler  py32f002b_it.o
    0x080006ac   0x080006ac   0x00000030   Code   RO          379    .text.APP_AdcCalibrate  adc.o
    0x080006dc   0x080006dc   0x00000120   Code   RO          383    .text.APP_AdcConfig  adc.o
    0x080007fc   0x080007fc   0x00000038   Code   RO          385    .text.APP_AdcGrpRegularUnitaryConvCompleteCallback  adc.o
    0x08000834   0x08000834   0x000000a4   Code   RO          485    .text.APP_ConfigPWMChannel  led.o
    0x080008d8   0x080008d8   0x00000070   Code   RO          483    .text.APP_ConfigTIM1  led.o
    0x08000948   0x08000948   0x00000074   Code   RO          434    .text.APP_ConfigTIM14  ir.o
    0x080009bc   0x080009bc   0x000000fc   Code   RO          569    .text.APP_ConfigUsart  usart.o
    0x08000ab8   0x08000ab8   0x00000002   Code   RO           63    .text.APP_ErrorHandler  main.o
    0x08000aba   0x08000aba   0x00000032   Code   RO          415    .text.APP_FlashOBProgram  flash.o
    0x08000aec   0x08000aec   0x00000078   Code   RO          575    .text.APP_UsartIRQCallback  usart.o
    0x08000b64   0x08000b64   0x0000005c   Code   RO          387    .text.Adc_BatVolatageCollection_handle  adc.o
    0x08000bc0   0x08000bc0   0x0000005c   Code   RO          538    .text.Adc_RefVoltage_ON  task.o
    0x08000c1c   0x08000c1c   0x0000004c   Code   RO          532    .text.BLE_Power_OFF  task.o
    0x08000c68   0x08000c68   0x00000048   Code   RO          534    .text.BLE_Power_ON  task.o
    0x08000cb0   0x08000cb0   0x00000140   Code   RO          389    .text.BatVolatageToPercent_handle  adc.o
    0x08000df0   0x08000df0   0x00000064   Code   RO          377    .text.Bat_GpioInit  adc.o
    0x08000e54   0x08000e54   0x00000120   Code   RO          391    .text.Bat_StatusCheck_Handle  adc.o
    0x08000f74   0x08000f74   0x00000002   Code   RO           47    .text.EXTI0_1_IRQHandler  py32f002b_it.o
    0x08000f76   0x08000f76   0x00000002   PAD
    0x08000f78   0x08000f78   0x00000014   Code   RO           51    .text.EXTI2_3_IRQHandler  py32f002b_it.o
    0x08000f8c   0x08000f8c   0x00000034   Code   RO           49    .text.EXTI4_15_IRQHandler  py32f002b_it.o
    0x08000fc0   0x08000fc0   0x00000030   Code   RO          171    .text.FLASH_WaitForLastOperation  py32f002b_hal_flash.o
    0x08000ff0   0x08000ff0   0x0000005c   Code   RO          411    .text.Flash_Data_Write  flash.o
    0x0800104c   0x0800104c   0x00000068   Code   RO          409    .text.Flash_Init_Rdata  flash.o
    0x080010b4   0x080010b4   0x000000a4   Code   RO          413    .text.Flash_Write   flash.o
    0x08001158   0x08001158   0x000001f8   Code   RO          173    .text.HAL_FLASH_Erase  py32f002b_hal_flash.o
    0x08001350   0x08001350   0x00000014   Code   RO          161    .text.HAL_FLASH_Lock  py32f002b_hal_flash.o
    0x08001364   0x08001364   0x00000160   Code   RO          187    .text.HAL_FLASH_OBProgram  py32f002b_hal_flash.o
    0x080014c4   0x080014c4   0x00000010   Code   RO          167    .text.HAL_FLASH_OB_Launch  py32f002b_hal_flash.o
    0x080014d4   0x080014d4   0x00000018   Code   RO          165    .text.HAL_FLASH_OB_Lock  py32f002b_hal_flash.o
    0x080014ec   0x080014ec   0x00000028   Code   RO          163    .text.HAL_FLASH_OB_Unlock  py32f002b_hal_flash.o
    0x08001514   0x08001514   0x00000140   Code   RO          179    .text.HAL_FLASH_Program  py32f002b_hal_flash.o
    0x08001654   0x08001654   0x00000028   Code   RO          159    .text.HAL_FLASH_Unlock  py32f002b_hal_flash.o
    0x0800167c   0x0800167c   0x00000008   Code   RO           86    .text.HAL_GetTick   py32f002b_hal.o
    0x08001684   0x08001684   0x00000018   Code   RO           84    .text.HAL_IncTick   py32f002b_hal.o
    0x0800169c   0x0800169c   0x00000002   Code   RO           29    .text.HardFault_Handler  py32f002b_it.o
    0x0800169e   0x0800169e   0x00000002   PAD
    0x080016a0   0x080016a0   0x0000006c   Code   RO          497    .text.IR_RGB_MODE_handle  led.o
    0x0800170c   0x0800170c   0x000002d4   Code   RO          446    .text.Ir_CommandReceiv  ir.o
    0x080019e0   0x080019e0   0x00000068   Code   RO          438    .text.Ir_ExtiCallback  ir.o
    0x08001a48   0x08001a48   0x00000080   Code   RO          436    .text.Ir_Init       ir.o
    0x08001ac8   0x08001ac8   0x0000000c   Code   RO          528    .text.Ir_Power_OFF  task.o
    0x08001ad4   0x08001ad4   0x0000000c   Code   RO          530    .text.Ir_Power_ON   task.o
    0x08001ae0   0x08001ae0   0x00000044   Code   RO          444    .text.Ir_Scan       ir.o
    0x08001b24   0x08001b24   0x0000002c   Code   RO          440    .text.Ir_Time14IRQCallback  ir.o
    0x08001b50   0x08001b50   0x0000006c   Code   RO          495    .text.LED_DisplayBatGear_Handle  led.o
    0x08001bbc   0x08001bbc   0x00000078   Code   RO          477    .text.LED_Init      led.o
    0x08001c34   0x08001c34   0x0000002c   Code   RO          471    .text.LED_RGB_HSVdisplay  led.o
    0x08001c60   0x08001c60   0x0000002c   Code   RO          489    .text.LED_RGB_Off_Handle  led.o
    0x08001c8c   0x08001c8c   0x00000038   Code   RO          493    .text.LED_RGB_On_Handle  led.o
    0x08001cc4   0x08001cc4   0x0000000c   Code   RO          467    .text.LED_RGB_SetDisplayHSV  led.o
    0x08001cd0   0x08001cd0   0x0000000c   Code   RO          465    .text.LED_RGB_SetHSV  led.o
    0x08001cdc   0x08001cdc   0x00000028   Code   RO          491    .text.LED_RGB_To_OnStatus  led.o
    0x08001d04   0x08001d04   0x00000034   Code   RO          475    .text.LED_RGB_W_display  led.o
    0x08001d38   0x08001d38   0x000000ac   Code   RO          473    .text.LED_RGB_display  led.o
    0x08001de4   0x08001de4   0x00000024   Code   RO          487    .text.LED_RGB_init  led.o
    0x08001e08   0x08001e08   0x00000124   Code   RO          479    .text.LED_Scan_Handle  led.o
    0x08001f2c   0x08001f2c   0x00000034   Code   RO          215    .text.LL_ADC_Init   py32f002b_ll_adc.o
    0x08001f60   0x08001f60   0x00000028   Code   RO          219    .text.LL_ADC_REG_Init  py32f002b_ll_adc.o
    0x08001f88   0x08001f88   0x000000a4   Code   RO          233    .text.LL_EXTI_Init  py32f002b_ll_exti.o
    0x0800202c   0x0800202c   0x000000b0   Code   RO          247    .text.LL_GPIO_Init  py32f002b_ll_gpio.o
    0x080020dc   0x080020dc   0x00000020   Code   RO          311    .text.LL_Init1msTick  py32f002b_ll_utils.o
    0x080020fc   0x080020fc   0x00000024   Code   RO          365    .text.LL_LPTIM_Init  py32f002b_ll_lptim.o
    0x08002120   0x08002120   0x00000064   Code   RO          337    .text.LL_RCC_GetSystemClocksFreq  py32f002b_ll_rcc.o
    0x08002184   0x08002184   0x0000000c   Code   RO          315    .text.LL_SetSystemCoreClock  py32f002b_ll_utils.o
    0x08002190   0x08002190   0x00000054   Code   RO          263    .text.LL_TIM_Init   py32f002b_ll_tim.o
    0x080021e4   0x080021e4   0x000001f4   Code   RO          267    .text.LL_TIM_OC_Init  py32f002b_ll_tim.o
    0x080023d8   0x080023d8   0x000000e4   Code   RO          295    .text.LL_USART_Init  py32f002b_ll_usart.o
    0x080024bc   0x080024bc   0x00000028   Code   RO          313    .text.LL_mDelay     py32f002b_ll_utils.o
    0x080024e4   0x080024e4   0x0000001c   Code   RO           45    .text.LPTIM1_IRQHandler  py32f002b_it.o
    0x08002500   0x08002500   0x0000003c   Code   RO          481    .text.Led_Off       led.o
    0x0800253c   0x0800253c   0x000000a4   Code   RO          554    .text.Lptim_Init    time.o
    0x080025e0   0x080025e0   0x00000002   Code   RO           27    .text.NMI_Handler   py32f002b_it.o
    0x080025e2   0x080025e2   0x00000002   Code   RO           33    .text.PendSV_Handler  py32f002b_it.o
    0x080025e4   0x080025e4   0x00000030   Code   RO          682    .text.Queue_Read_Byte  system.o
    0x08002614   0x08002614   0x0000031c   Code   RO          499    .text.RGB_App_Handle  led.o
    0x08002930   0x08002930   0x00000002   Code   RO           31    .text.SVC_Handler   py32f002b_it.o
    0x08002932   0x08002932   0x00000010   Code   RO           35    .text.SysTick_Handler  py32f002b_it.o
    0x08002942   0x08002942   0x00000002   PAD
    0x08002944   0x08002944   0x000001b8   Code   RO          542    .text.Sys_EnterSleep_Handle  task.o
    0x08002afc   0x08002afc   0x00000008   Code   RO          536    .text.Sys_EntreSleep  task.o
    0x08002b04   0x08002b04   0x0000002c   Code   RO          520    .text.Sys_Init      task.o
    0x08002b30   0x08002b30   0x00000060   Code   RO          524    .text.Sys_Timer1ms_Handle  task.o
    0x08002b90   0x08002b90   0x0000003c   Code   RO           13    .text.SystemInit    system_py32f002b.o
    0x08002bcc   0x08002bcc   0x00000014   Code   RO           41    .text.TIM14_IRQHandler  py32f002b_it.o
    0x08002be0   0x08002be0   0x0000004c   Code   RO           39    .text.TIM1_BRK_UP_TRG_COM_IRQHandler  py32f002b_it.o
    0x08002c2c   0x08002c2c   0x00000064   Code   RO          522    .text.TY_Init       task.o
    0x08002c90   0x08002c90   0x00000078   Code   RO          526    .text.TY_Updata_Bright  task.o
    0x08002d08   0x08002d08   0x00000010   Code   RO           37    .text.USART1_IRQHandler  py32f002b_it.o
    0x08002d18   0x08002d18   0x00000078   Code   RO          651    .text.all_data_update  protocol.o
    0x08002d90   0x08002d90   0x00000020   Code   RO          638    .text.bt_protocol_init  mcu_api.o
    0x08002db0   0x08002db0   0x000000b4   Code   RO          636    .text.bt_uart_service  mcu_api.o
    0x08002e64   0x08002e64   0x00000050   Code   RO          672    .text.bt_uart_write_frame  system.o
    0x08002eb4   0x08002eb4   0x00000154   Code   RO          678    .text.data_handle   system.o
    0x08003008   0x08003008   0x00000048   Code   RO          676    .text.disable_low_power  system.o
    0x08003050   0x08003050   0x000003c8   Code   RO          653    .text.dp_download_handle  protocol.o
    0x08003418   0x08003418   0x00000048   Code   RO          674    .text.enable_low_power  system.o
    0x08003460   0x08003460   0x0000001a   Code   RO          670    .text.get_check_sum  system.o
    0x0800347a   0x0800347a   0x00000004   Code   RO          655    .text.get_download_cmd_total  protocol.o
    0x0800347e   0x0800347e   0x00000002   PAD
    0x08003480   0x08003480   0x00000018   Code   RO          680    .text.get_queue_total_data  system.o
    0x08003498   0x08003498   0x000000b8   Code   RO          469    .text.led_strip_hsv2rgb  led.o
    0x08003550   0x08003550   0x000002a4   Code   RO           61    .text.main          main.o
    0x080037f4   0x080037f4   0x00000040   Code   RO          618    .text.mcu_dp_bool_update  mcu_api.o
    0x08003834   0x08003834   0x0000003c   Code   RO          624    .text.mcu_dp_enum_update  mcu_api.o
    0x08003870   0x08003870   0x00000040   Code   RO          616    .text.mcu_dp_raw_update  mcu_api.o
    0x080038b0   0x080038b0   0x0000003c   Code   RO          622    .text.mcu_dp_string_update  mcu_api.o
    0x080038ec   0x080038ec   0x00000054   Code   RO          620    .text.mcu_dp_value_update  mcu_api.o
    0x08003940   0x08003940   0x00000004   Code   RO          628    .text.mcu_get_dp_download_bool  mcu_api.o
    0x08003944   0x08003944   0x00000004   Code   RO          630    .text.mcu_get_dp_download_enum  mcu_api.o
    0x08003948   0x08003948   0x00000016   Code   RO          632    .text.mcu_get_dp_download_value  mcu_api.o
    0x0800395e   0x0800395e   0x00000040   Code   RO          604    .text.my_memcpy     mcu_api.o
    0x0800399e   0x0800399e   0x0000001c   Code   RO          600    .text.my_strlen     mcu_api.o
    0x080039ba   0x080039ba   0x00000002   PAD
    0x080039bc   0x080039bc   0x00000018   Code   RO          668    .text.set_bt_uart_buffer  system.o
    0x080039d4   0x080039d4   0x00000010   Code   RO          666    .text.set_bt_uart_byte  system.o
    0x080039e4   0x080039e4   0x00000034   Code   RO          634    .text.uart_receive_input  mcu_api.o
    0x08003a18   0x08003a18   0x00000018   Code   RO          649    .text.uart_transmit_output  protocol.o
    0x08003a30   0x08003a30   0x0000002e   Code   RO          791    i.__ARM_clz         mf_p.l(depilogue.o)
    0x08003a5e   0x08003a5e   0x00000002   PAD
    0x08003a60   0x08003a60   0x00000008   Code   RO          779    i.__aeabi_errno_addr  mc_p.l(errno.o)
    0x08003a68   0x08003a68   0x0000000e   Code   RO          801    i.__scatterload_copy  mc_p.l(handlers.o)
    0x08003a76   0x08003a76   0x00000002   Code   RO          802    i.__scatterload_null  mc_p.l(handlers.o)
    0x08003a78   0x08003a78   0x0000000e   Code   RO          803    i.__scatterload_zeroinit  mc_p.l(handlers.o)
    0x08003a86   0x08003a86   0x00000081   Data   RO          752    .constdata          mc_p.l(ctype_o.o)
    0x08003b07   0x08003b07   0x00000001   PAD
    0x08003b08   0x08003b08   0x00000004   Data   RO          753    .constdata          mc_p.l(ctype_o.o)
    0x08003b0c   0x08003b0c   0x00000040   Data   RO           16    .rodata.AHBPrescTable  system_py32f002b.o
    0x08003b4c   0x08003b4c   0x00000020   Data   RO           17    .rodata.APBPrescTable  system_py32f002b.o
    0x08003b6c   0x08003b6c   0x00000020   Data   RO           18    .rodata.HSIFreqTable  system_py32f002b.o
    0x08003b8c   0x08003b8c   0x00000020   Data   RO          202    .rodata._FlashTimmingParam  py32f002b_hal_flash.o
    0x08003bac   0x08003bac   0x00000020   Data   RO          657    .rodata.download_cmd  protocol.o
    0x08003bcc   0x08003bcc   0x0000000f   Data   RO          694    .rodata.str1.1      system.o
    0x08003bdb   0x08003bdb   0x00000001   PAD
    0x08003bdc   0x08003bdc   0x00000020   Data   RO          800    Region$$Table       anon$$obj.o


    Execution Region RW_IRAM1 (Exec base: 0x20000000, Load base: 0x08003c00, Size: 0x000006c0, Max: 0x00000c00, ABSOLUTE)

    Exec Addr    Load Addr    Size         Type   Attr      Idx    E Section Name        Object

    0x20000000   0x08003c00   0x00000004   Data   RW          782    .data               mc_p.l(errno.o)
    0x20000004   0x08003c04   0x00000014   Data   RW          417    .data.FlashData     flash.o
    0x20000018   0x08003c18   0x00000004   Data   RW           15    .data.SystemCoreClock  system_py32f002b.o
    0x2000001c   0x08003c1c   0x00000004   Data   RW          117    .data.uwTickFreq    py32f002b_hal.o
    0x20000020        -       0x0000000c   Zero   RW          393    .bss.Adc            adc.o
    0x2000002c        -       0x00000008   Zero   RW          394    .bss.Bat            adc.o
    0x20000034        -       0x00000001   Zero   RW          397    .bss.BatVolatageToPercent_handle.gear_changetemp  adc.o
    0x20000035        -       0x00000001   Zero   RW          396    .bss.BatVolatageToPercent_handle.last_percent  adc.o
    0x20000036        -       0x00000002   Zero   RW          398    .bss.Bat_StatusCheck_Handle.filter_cnt  adc.o
    0x20000038        -       0x00000002   Zero   RW          399    .bss.Bat_StatusCheck_Handle.filter_cnt1  adc.o
    0x2000003a        -       0x00000002   Zero   RW          400    .bss.Bat_StatusCheck_Handle.low_voltage_cnt  adc.o
    0x2000003c        -       0x00000001   Zero   RW          507    .bss.IR_RGB_MODE_handle.status  led.o
    0x2000003d        -       0x00000001   Zero   RW          508    .bss.IR_RGB_MODE_handle.time_cnt  led.o
    0x2000003e   0x08003c20   0x00000002   PAD
    0x20000040        -       0x0000000c   Zero   RW          448    .bss.Ir             ir.o
    0x2000004c        -       0x00000001   Zero   RW          505    .bss.LED_DisplayBatGear_Handle.charge_flash  led.o
    0x2000004d        -       0x00000001   Zero   RW          506    .bss.LED_DisplayBatGear_Handle.flash_cnt  led.o
    0x2000004e        -       0x00000001   Zero   RW          504    .bss.LED_DisplayBatGear_Handle.low_flash  led.o
    0x2000004f        -       0x00000001   Zero   RW          501    .bss.LED_DisplayTemp  led.o
    0x20000050        -       0x00000001   Zero   RW          503    .bss.LED_Scan_Handle.ScanCount  led.o
    0x20000051   0x08003c20   0x00000003   PAD
    0x20000054        -       0x00000040   Zero   RW          502    .bss.RGB            led.o
    0x20000094        -       0x00000001   Zero   RW          509    .bss.RGB_App_Handle.TY_Reset_Mode_Status  led.o
    0x20000095   0x08003c20   0x00000003   PAD
    0x20000098        -       0x0000000a   Zero   RW          544    .bss.Sys            task.o
    0x200000a2   0x08003c20   0x00000002   PAD
    0x200000a4        -       0x00000016   Zero   RW          545    .bss.TY             task.o
    0x200000ba   0x08003c20   0x00000002   PAD
    0x200000bc        -       0x00000004   Zero   RW          582    .bss.TxBuff         usart.o
    0x200000c0        -       0x00000002   Zero   RW          584    .bss.TxCount        usart.o
    0x200000c2        -       0x00000001   Zero   RW          588    .bss.UartReady      usart.o
    0x200000c3        -       0x000000a7   Zero   RW          690    .bss.bt_queue_buf   system.o
    0x2000016a        -       0x000000f7   Zero   RW          685    .bss.bt_uart_rx_buf  system.o
    0x20000261   0x08003c20   0x00000001   PAD
    0x20000262        -       0x00000002   Zero   RW          640    .bss.bt_uart_service.rx_in  mcu_api.o
    0x20000264        -       0x0000001f   Zero   RW          684    .bss.bt_uart_tx_buf  system.o
    0x20000283        -       0x00000001   Zero   RW          686    .bss.bt_work_state  system.o
    0x20000284        -       0x00000001   Zero   RW          693    .bss.heat_beat_check.mcu_reset_state  system.o
    0x20000285   0x08003c20   0x00000003   PAD
    0x20000288        -       0x00000018   Zero   RW          201    .bss.pFlash         py32f002b_hal_flash.o
    0x200002a0        -       0x0000000a   Zero   RW          395    .bss.percent_temp   adc.o
    0x200002aa   0x08003c20   0x00000002   PAD
    0x200002ac        -       0x00000004   Zero   RW          688    .bss.queue_in       system.o
    0x200002b0        -       0x00000004   Zero   RW          689    .bss.queue_out      system.o
    0x200002b4        -       0x00000001   Zero   RW          687    .bss.reset_bt_flag  system.o
    0x200002b5        -       0x00000001   Zero   RW          691    .bss.stop_update_flag  system.o
    0x200002b6   0x08003c20   0x00000002   PAD
    0x200002b8        -       0x00000004   Zero   RW          118    .bss.uwTick         py32f002b_hal.o
    0x200002bc   0x08003c20   0x00000004   PAD
    0x200002c0        -       0x00000400   Zero   RW            1    STACK               startup_py32f002bxx.o


==============================================================================

Image component sizes


      Code (inc. data)   RO Data    RW Data    ZI Data      Debug   Object Name

      1192        176          0          0         38       9831   adc.o
       410         12          0         20          0       3012   flash.o
      1184         80          0          0         12       7987   ir.o
      2412        184          0          0         72      13047   led.o
       678         44          0          0          0       6035   main.o
       718         32          0          0          2       6234   mcu_api.o
      1116        100         32          0          0       7421   protocol.o
        32          8          0          4          4       4313   py32f002b_hal.o
      1428        116         32          0         24       9874   py32f002b_hal_flash.o
       254         44          0          0          0       5261   py32f002b_it.o
        92          8          0          0          0       4784   py32f002b_ll_adc.o
       164         12          0          0          0       2588   py32f002b_ll_exti.o
       176          0          0          0          0       3972   py32f002b_ll_gpio.o
        36          4          0          0          0       2824   py32f002b_ll_lptim.o
       100         20          0          0          0       5631   py32f002b_ll_rcc.o
       584         20          0          0          0      10662   py32f002b_ll_tim.o
       228          8          0          0          0       4857   py32f002b_ll_usart.o
        84         12          0          0          0       2918   py32f002b_ll_utils.o
        28          8        192          0       1024        644   startup_py32f002bxx.o
       702         76         15          0        457       6136   system.o
        60         20        128          4          0       1979   system_py32f002b.o
      1072        124          0          0         32       9488   task.o
       164         20          0          0          0       4346   time.o
       372         40          0          0          7       8247   usart.o

    ----------------------------------------------------------------------
     13296       1168        432         28       1696     142091   Object Totals
         0          0         32          0          0          0   (incl. Generated)
        10          0          1          0         24          0   (incl. Padding)

    ----------------------------------------------------------------------

      Code (inc. data)   RO Data    RW Data    ZI Data      Debug   Library Member Name

        30          0          0          0          0         60   _chval.o
       166          0          0          0          0         84   _strtoul.o
         8          4        133          0          0         60   ctype_o.o
         0          0          0          0          0          0   entry.o
         0          0          0          0          0          0   entry10a.o
         0          0          0          0          0          0   entry11a.o
         8          4          0          0          0          0   entry2.o
         4          0          0          0          0          0   entry5.o
         0          0          0          0          0          0   entry7b.o
         0          0          0          0          0          0   entry8b.o
         8          4          0          0          0          0   entry9a.o
         8          4          0          4          0         60   errno.o
        30          0          0          0          0          0   handlers.o
        80          6          0          0          0         72   idiv_div0.o
        36          8          0          0          0         68   init.o
         0          0          0          0          0          0   iusefp.o
        32          0          0          0          0         68   llshl.o
        34          0          0          0          0         68   llushr.o
        36          0          0          0          0         60   memcpya.o
        36          0          0          0          0        100   memseta.o
       112          4          0          0          0         76   strtol.o
        62          0          0          0          0         72   uidiv_div0.o
       240          6          0          0          0         84   ddiv.o
       236          0          0          0          0        216   depilogue.o
        72         10          0          0          0         72   dfixi.o
        40          6          0          0          0         68   dflti.o
       208          6          0          0          0         88   dmul.o

    ----------------------------------------------------------------------
      1494         62        134          4          0       1376   Library Totals
         8          0          1          0          0          0   (incl. Padding)

    ----------------------------------------------------------------------

      Code (inc. data)   RO Data    RW Data    ZI Data      Debug   Library Name

       690         34        133          4          0        848   mc_p.l
       796         28          0          0          0        528   mf_p.l

    ----------------------------------------------------------------------
      1494         62        134          4          0       1376   Library Totals

    ----------------------------------------------------------------------

==============================================================================


      Code (inc. data)   RO Data    RW Data    ZI Data      Debug   

     14790       1230        566         32       1696     142519   Grand Totals
     14790       1230        566         32       1696     142519   ELF Image Totals
     14790       1230        566         32          0          0   ROM Totals

==============================================================================

    Total RO  Size (Code + RO Data)                15356 (  15.00kB)
    Total RW  Size (RW Data + ZI Data)              1728 (   1.69kB)
    Total ROM Size (Code + RO Data + RW Data)      15388 (  15.03kB)

==============================================================================

