Component: ARM Compiler 6.16 Tool: armlink [5dfeaa00]

==============================================================================

Section Cross References

    startup_py32f002bxx.o(RESET) refers to startup_py32f002bxx.o(STACK) for __initial_sp
    startup_py32f002bxx.o(RESET) refers to startup_py32f002bxx.o(.text) for Reset_Handler
    startup_py32f002bxx.o(RESET) refers to py32f002b_it.o(.text.NMI_Handler) for NMI_Handler
    startup_py32f002bxx.o(RESET) refers to py32f002b_it.o(.text.HardFault_Handler) for HardFault_Handler
    startup_py32f002bxx.o(RESET) refers to py32f002b_it.o(.text.SVC_Handler) for SVC_Handler
    startup_py32f002bxx.o(RESET) refers to py32f002b_it.o(.text.PendSV_Handler) for PendSV_Handler
    startup_py32f002bxx.o(RESET) refers to py32f002b_it.o(.text.SysTick_Handler) for SysTick_Handler
    startup_py32f002bxx.o(RESET) refers to py32f002b_it.o(.text.EXTI0_1_IRQHandler) for EXTI0_1_IRQHandler
    startup_py32f002bxx.o(RESET) refers to py32f002b_it.o(.text.EXTI2_3_IRQHandler) for EXTI2_3_IRQHandler
    startup_py32f002bxx.o(RESET) refers to py32f002b_it.o(.text.EXTI4_15_IRQHandler) for EXTI4_15_IRQHandler
    startup_py32f002bxx.o(RESET) refers to py32f002b_it.o(.text.ADC_COMP_IRQHandler) for ADC_COMP_IRQHandler
    startup_py32f002bxx.o(RESET) refers to py32f002b_it.o(.text.TIM1_BRK_UP_TRG_COM_IRQHandler) for TIM1_BRK_UP_TRG_COM_IRQHandler
    startup_py32f002bxx.o(RESET) refers to py32f002b_it.o(.text.LPTIM1_IRQHandler) for LPTIM1_IRQHandler
    startup_py32f002bxx.o(RESET) refers to py32f002b_it.o(.text.TIM14_IRQHandler) for TIM14_IRQHandler
    startup_py32f002bxx.o(RESET) refers to py32f002b_it.o(.text.USART1_IRQHandler) for USART1_IRQHandler
    startup_py32f002bxx.o(.text) refers to system_py32f002b.o(.text.SystemInit) for SystemInit
    startup_py32f002bxx.o(.text) refers to entry.o(.ARM.Collect$$$$00000000) for __main
    system_py32f002b.o(.text.SystemCoreClockUpdate) refers to system_py32f002b.o(.rodata.HSIFreqTable) for HSIFreqTable
    system_py32f002b.o(.text.SystemCoreClockUpdate) refers to system_py32f002b.o(.data.SystemCoreClock) for SystemCoreClock
    system_py32f002b.o(.text.SystemCoreClockUpdate) refers to system_py32f002b.o(.rodata.AHBPrescTable) for AHBPrescTable
    system_py32f002b.o(.ARM.exidx.text.SystemCoreClockUpdate) refers to system_py32f002b.o(.text.SystemCoreClockUpdate) for [Anonymous Symbol]
    system_py32f002b.o(.ARM.exidx.text.SystemInit) refers to system_py32f002b.o(.text.SystemInit) for [Anonymous Symbol]
    py32f002b_it.o(.ARM.exidx.text.NMI_Handler) refers to py32f002b_it.o(.text.NMI_Handler) for [Anonymous Symbol]
    py32f002b_it.o(.ARM.exidx.text.HardFault_Handler) refers to py32f002b_it.o(.text.HardFault_Handler) for [Anonymous Symbol]
    py32f002b_it.o(.ARM.exidx.text.SVC_Handler) refers to py32f002b_it.o(.text.SVC_Handler) for [Anonymous Symbol]
    py32f002b_it.o(.ARM.exidx.text.PendSV_Handler) refers to py32f002b_it.o(.text.PendSV_Handler) for [Anonymous Symbol]
    py32f002b_it.o(.text.SysTick_Handler) refers to py32f002b_hal.o(.text.HAL_IncTick) for HAL_IncTick
    py32f002b_it.o(.text.SysTick_Handler) refers to led.o(.text.LED_Scan_Handle) for LED_Scan_Handle
    py32f002b_it.o(.text.SysTick_Handler) refers to task.o(.text.Sys_Timer1ms_Handle) for Sys_Timer1ms_Handle
    py32f002b_it.o(.ARM.exidx.text.SysTick_Handler) refers to py32f002b_it.o(.text.SysTick_Handler) for [Anonymous Symbol]
    py32f002b_it.o(.text.USART1_IRQHandler) refers to usart.o(.text.APP_UsartIRQCallback) for APP_UsartIRQCallback
    py32f002b_it.o(.ARM.exidx.text.USART1_IRQHandler) refers to py32f002b_it.o(.text.USART1_IRQHandler) for [Anonymous Symbol]
    py32f002b_it.o(.ARM.exidx.text.TIM1_BRK_UP_TRG_COM_IRQHandler) refers to py32f002b_it.o(.text.TIM1_BRK_UP_TRG_COM_IRQHandler) for [Anonymous Symbol]
    py32f002b_it.o(.text.TIM14_IRQHandler) refers to ir.o(.text.Ir_Time14IRQCallback) for Ir_Time14IRQCallback
    py32f002b_it.o(.ARM.exidx.text.TIM14_IRQHandler) refers to py32f002b_it.o(.text.TIM14_IRQHandler) for [Anonymous Symbol]
    py32f002b_it.o(.text.ADC_COMP_IRQHandler) refers to adc.o(.text.APP_AdcGrpRegularUnitaryConvCompleteCallback) for APP_AdcGrpRegularUnitaryConvCompleteCallback
    py32f002b_it.o(.ARM.exidx.text.ADC_COMP_IRQHandler) refers to py32f002b_it.o(.text.ADC_COMP_IRQHandler) for [Anonymous Symbol]
    py32f002b_it.o(.text.LPTIM1_IRQHandler) refers to task.o(.bss.Sys) for Sys
    py32f002b_it.o(.ARM.exidx.text.LPTIM1_IRQHandler) refers to py32f002b_it.o(.text.LPTIM1_IRQHandler) for [Anonymous Symbol]
    py32f002b_it.o(.text.EXTI0_1_IRQHandler) refers to ir.o(.text.Ir_ExtiCallback) for Ir_ExtiCallback
    py32f002b_it.o(.text.EXTI0_1_IRQHandler) refers to task.o(.bss.Sys) for Sys
    py32f002b_it.o(.ARM.exidx.text.EXTI0_1_IRQHandler) refers to py32f002b_it.o(.text.EXTI0_1_IRQHandler) for [Anonymous Symbol]
    py32f002b_it.o(.text.EXTI4_15_IRQHandler) refers to task.o(.bss.Sys) for Sys
[...]
    __arm_cp.0_1                             0x08000674   Number         4  usart.o(.text.APP_ConfigUsart)
    __arm_cp.0_2                             0x08000678   Number         4  usart.o(.text.APP_ConfigUsart)
    __arm_cp.0_4                             0x0800067c   Number         4  usart.o(.text.APP_ConfigUsart)
    [Anonymous Symbol]                       0x08000680   Section        0  main.o(.text.APP_ErrorHandler)
    [Anonymous Symbol]                       0x08000682   Section        0  flash.o(.text.APP_FlashOBProgram)
    [Anonymous Symbol]                       0x080006b4   Section        0  usart.o(.text.APP_UsartIRQCallback)
    __arm_cp.3_0                             0x08000720   Number         4  usart.o(.text.APP_UsartIRQCallback)
    __arm_cp.3_1                             0x08000724   Number         4  usart.o(.text.APP_UsartIRQCallback)
    __arm_cp.3_2                             0x08000728   Number         4  usart.o(.text.APP_UsartIRQCallback)
    [Anonymous Symbol]                       0x0800072c   Section        0  adc.o(.text.Adc_BatVolatageCollection_handle)
    __arm_cp.6_0                             0x08000778   Number         4  adc.o(.text.Adc_BatVolatageCollection_handle)
    __arm_cp.6_1                             0x0800077c   Number         4  adc.o(.text.Adc_BatVolatageCollection_handle)
    __arm_cp.6_3                             0x08000780   Number         4  adc.o(.text.Adc_BatVolatageCollection_handle)
    __arm_cp.6_4                             0x08000784   Number         4  adc.o(.text.Adc_BatVolatageCollection_handle)
    [Anonymous Symbol]                       0x08000788   Section        0  task.o(.text.BLE_Power_OFF)
    __arm_cp.7_0                             0x08000790   Number         4  task.o(.text.BLE_Power_OFF)
    [Anonymous Symbol]                       0x08000794   Section        0  task.o(.text.BLE_Power_ON)
    __arm_cp.8_0                             0x0800079c   Number         4  task.o(.text.BLE_Power_ON)
    [Anonymous Symbol]                       0x080007a0   Section        0  adc.o(.text.BatVolatageToPercent_handle)
    __arm_cp.7_1                             0x080008fc   Number         4  adc.o(.text.BatVolatageToPercent_handle)
    __arm_cp.7_2                             0x08000900   Number         4  adc.o(.text.BatVolatageToPercent_handle)
    __arm_cp.7_3                             0x08000904   Number         4  adc.o(.text.BatVolatageToPercent_handle)
    __arm_cp.7_4                             0x08000908   Number         4  adc.o(.text.BatVolatageToPercent_handle)
    __arm_cp.7_5                             0x0800090c   Number         4  adc.o(.text.BatVolatageToPercent_handle)
    __arm_cp.7_6                             0x08000910   Number         4  adc.o(.text.BatVolatageToPercent_handle)
    __arm_cp.7_7                             0x08000914   Number         4  adc.o(.text.BatVolatageToPercent_handle)
    __arm_cp.7_9                             0x08000918   Number         4  adc.o(.text.BatVolatageToPercent_handle)
    __arm_cp.7_10                            0x0800091c   Number         4  adc.o(.text.BatVolatageToPercent_handle)
    [Anonymous Symbol]                       0x08000920   Section        0  adc.o(.text.Bat_GpioInit)
    __arm_cp.1_0                             0x08000970   Number         4  adc.o(.text.Bat_GpioInit)
    __arm_cp.1_1                             0x08000974   Number         4  adc.o(.text.Bat_GpioInit)
    __arm_cp.1_2                             0x08000978   Number         4  adc.o(.text.Bat_GpioInit)
    __arm_cp.1_3                             0x0800097c   Number         4  adc.o(.text.Bat_GpioInit)
    [Anonymous Symbol]                       0x08000980   Section        0  adc.o(.text.Bat_StatusCheck_Handle)
    __arm_cp.8_0                             0x08000a68   Number         4  adc.o(.text.Bat_StatusCheck_Handle)
    __arm_cp.8_1                             0x08000a6c   Number         4  adc.o(.text.Bat_StatusCheck_Handle)
    __arm_cp.8_2                             0x08000a70   Number         4  adc.o(.text.Bat_StatusCheck_Handle)
    __arm_cp.8_3                             0x08000a74   Number         4  adc.o(.text.Bat_StatusCheck_Handle)
    __arm_cp.8_4                             0x08000a78   Number         4  adc.o(.text.Bat_StatusCheck_Handle)
    __arm_cp.8_5                             0x08000a7c   Number         4  adc.o(.text.Bat_StatusCheck_Handle)
    __arm_cp.8_6                             0x08000a80   Number         4  adc.o(.text.Bat_StatusCheck_Handle)
    __arm_cp.8_7                             0x08000a84   Number         4  adc.o(.text.Bat_StatusCheck_Handle)
    [Anonymous Symbol]                       0x08000a88   Section        0  py32f002b_it.o(.text.EXTI0_1_IRQHandler)
    [Anonymous Symbol]                       0x08000aa4   Section        0  py32f002b_it.o(.text.EXTI2_3_IRQHandler)
    [Anonymous Symbol]                       0x08000ab8   Section        0  py32f002b_it.o(.text.EXTI4_15_IRQHandler)
    __arm_cp.11_0                            0x08000acc   Number         4  py32f002b_it.o(.text.EXTI4_15_IRQHandler)
    __arm_cp.11_1                            0x08000ad0   Number         4  py32f002b_it.o(.text.EXTI4_15_IRQHandler)
    [Anonymous Symbol]                       0x08000ad4   Section        0  py32f002b_hal_flash.o(.text.HAL_FLASH_Lock)
    [Anonymous Symbol]                       0x08000ae8   Section        0  py32f002b_hal_flash.o(.text.HAL_FLASH_OBProgram)
    __arm_cp.13_0                            0x08000c50   Number         4  py32f002b_hal_flash.o(.text.HAL_FLASH_OBProgram)
    __arm_cp.13_1                            0x08000c54   Number         4  py32f002b_hal_flash.o(.text.HAL_FLASH_OBProgram)
    __arm_cp.13_2                            0x08000c58   Number         4  py32f002b_hal_flash.o(.text.HAL_FLASH_OBProgram)
    __arm_cp.13_3                            0x08000c5c   Number         4  py32f002b_hal_flash.o(.text.HAL_FLASH_OBProgram)
    __arm_cp.13_4                            0x08000c60   Number         4  py32f002b_hal_flash.o(.text.HAL_FLASH_OBProgram)
    __arm_cp.13_5                            0x08000c64   Number         4  py32f002b_hal_flash.o(.text.HAL_FLASH_OBProgram)
    __arm_cp.13_6                            0x08000c68   Number         4  py32f002b_hal_flash.o(.text.HAL_FLASH_OBProgram)
    __arm_cp.13_7                            0x08000c6c   Number         4  py32f002b_hal_flash.o(.text.HAL_FLASH_OBProgram)
    __arm_cp.13_8                            0x08000c70   Number         4  py32f002b_hal_flash.o(.text.HAL_FLASH_OBProgram)
    __arm_cp.13_9                            0x08000c74   Number         4  py32f002b_hal_flash.o(.text.HAL_FLASH_OBProgram)
    __arm_cp.13_11                           0x08000c78   Number         4  py32f002b_hal_flash.o(.text.HAL_FLASH_OBProgram)
    [Anonymous Symbol]                       0x08000c7c   Section        0  py32f002b_hal_flash.o(.text.HAL_FLASH_OB_Launch)
    [Anonymous Symbol]                       0x08000c8c   Section        0  py32f002b_hal_flash.o(.text.HAL_FLASH_OB_Lock)
    __arm_cp.3_0                             0x08000ca0   Number         4  py32f002b_hal_flash.o(.text.HAL_FLASH_OB_Lock)
    [Anonymous Symbol]                       0x08000ca4   Section        0  py32f002b_hal_flash.o(.text.HAL_FLASH_OB_Unlock)
    __arm_cp.2_0                             0x08000cc0   Number         4  py32f002b_hal_flash.o(.text.HAL_FLASH_OB_Unlock)
    __arm_cp.2_1                             0x08000cc4   Number         4  py32f002b_hal_flash.o(.text.HAL_FLASH_OB_Unlock)
    __arm_cp.2_2                             0x08000cc8   Number         4  py32f002b_hal_flash.o(.text.HAL_FLASH_OB_Unlock)
    [Anonymous Symbol]                       0x08000ccc   Section        0  py32f002b_hal_flash.o(.text.HAL_FLASH_Unlock)
    __arm_cp.0_0                             0x08000ce8   Number         4  py32f002b_hal_flash.o(.text.HAL_FLASH_Unlock)
    __arm_cp.0_1                             0x08000cec   Number         4  py32f002b_hal_flash.o(.text.HAL_FLASH_Unlock)
    __arm_cp.0_2                             0x08000cf0   Number         4  py32f002b_hal_flash.o(.text.HAL_FLASH_Unlock)
    [Anonymous Symbol]                       0x08000cf4   Section        0  py32f002b_hal.o(.text.HAL_GetTick)
    [Anonymous Symbol]                       0x08000cfc   Section        0  py32f002b_hal.o(.text.HAL_IncTick)
    __arm_cp.5_0                             0x08000d0c   Number         4  py32f002b_hal.o(.text.HAL_IncTick)
    __arm_cp.5_1                             0x08000d10   Number         4  py32f002b_hal.o(.text.HAL_IncTick)
    [Anonymous Symbol]                       0x08000d14   Section        0  py32f002b_it.o(.text.HardFault_Handler)
    [Anonymous Symbol]                       0x08000d18   Section        0  led.o(.text.IR_RGB_MODE_handle)
    __arm_cp.15_0                            0x08000da8   Number         4  led.o(.text.IR_RGB_MODE_handle)
    __arm_cp.15_1                            0x08000dac   Number         4  led.o(.text.IR_RGB_MODE_handle)
    __arm_cp.15_2                            0x08000db0   Number         4  led.o(.text.IR_RGB_MODE_handle)
    __arm_cp.15_3                            0x08000db4   Number         4  led.o(.text.IR_RGB_MODE_handle)
    __arm_cp.15_4                            0x08000db8   Number         4  led.o(.text.IR_RGB_MODE_handle)
    [Anonymous Symbol]                       0x08000dbc   Section        0  ir.o(.text.Ir_CommandReceiv)
    __arm_cp.6_0                             0x08001184   Number         4  ir.o(.text.Ir_CommandReceiv)
    __arm_cp.6_9                             0x08001218   Number         4  ir.o(.text.Ir_CommandReceiv)
    __arm_cp.6_10                            0x0800121c   Number         4  ir.o(.text.Ir_CommandReceiv)
    __arm_cp.6_11                            0x08001220   Number         4  ir.o(.text.Ir_CommandReceiv)
    __arm_cp.6_12                            0x08001224   Number         4  ir.o(.text.Ir_CommandReceiv)
    __arm_cp.6_13                            0x08001228   Number         4  ir.o(.text.Ir_CommandReceiv)
    __arm_cp.6_14                            0x0800122c   Number         4  ir.o(.text.Ir_CommandReceiv)
    [Anonymous Symbol]                       0x08001230   Section        0  ir.o(.text.Ir_ExtiCallback)
    __arm_cp.2_0                             0x08001294   Number         4  ir.o(.text.Ir_ExtiCallback)
    __arm_cp.2_1                             0x08001298   Number         4  ir.o(.text.Ir_ExtiCallback)
    [Anonymous Symbol]                       0x0800129c   Section        0  ir.o(.text.Ir_Init)
    __arm_cp.1_0                             0x08001360   Number         4  ir.o(.text.Ir_Init)
    __arm_cp.1_1                             0x08001364   Number         4  ir.o(.text.Ir_Init)
    __arm_cp.1_2                             0x08001368   Number         4  ir.o(.text.Ir_Init)
    __arm_cp.1_3                             0x0800136c   Number         4  ir.o(.text.Ir_Init)
    __arm_cp.1_4                             0x08001370   Number         4  ir.o(.text.Ir_Init)
    __arm_cp.1_6                             0x08001374   Number         4  ir.o(.text.Ir_Init)
    [Anonymous Symbol]                       0x08001378   Section        0  task.o(.text.Ir_Power_OFF)
    __arm_cp.5_0                             0x08001380   Number         4  task.o(.text.Ir_Power_OFF)
    [Anonymous Symbol]                       0x08001384   Section        0  task.o(.text.Ir_Power_ON)
    __arm_cp.6_0                             0x0800138c   Number         4  task.o(.text.Ir_Power_ON)
    [Anonymous Symbol]                       0x08001390   Section        0  ir.o(.text.Ir_Scan)
    __arm_cp.5_0                             0x080013d0   Number         4  ir.o(.text.Ir_Scan)
    [Anonymous Symbol]                       0x080013d4   Section        0  ir.o(.text.Ir_Time14IRQCallback)
    __arm_cp.3_0                             0x080013fc   Number         4  ir.o(.text.Ir_Time14IRQCallback)
    [Anonymous Symbol]                       0x08001400   Section        0  led.o(.text.LED_DisplayBatGear_Handle)
    __arm_cp.14_0                            0x08001454   Number         4  led.o(.text.LED_DisplayBatGear_Handle)
    __arm_cp.14_1                            0x08001458   Number         4  led.o(.text.LED_DisplayBatGear_Handle)
    __arm_cp.14_2                            0x0800145c   Number         4  led.o(.text.LED_DisplayBatGear_Handle)
    __arm_cp.14_3                            0x08001460   Number         4  led.o(.text.LED_DisplayBatGear_Handle)
    __arm_cp.14_4                            0x08001464   Number         4  led.o(.text.LED_DisplayBatGear_Handle)
    [Anonymous Symbol]                       0x08001468   Section        0  led.o(.text.LED_Init)
    __arm_cp.5_0                             0x080014dc   Number         4  led.o(.text.LED_Init)
    __arm_cp.5_1                             0x080014e0   Number         4  led.o(.text.LED_Init)
    __arm_cp.5_2                             0x080014e4   Number         4  led.o(.text.LED_Init)
    [Anonymous Symbol]                       0x080014e8   Section        0  led.o(.text.LED_RGB_HSVdisplay)
    __arm_cp.3_1                             0x080015f8   Number         4  led.o(.text.LED_RGB_HSVdisplay)
    __arm_cp.3_2                             0x080015fc   Number         4  led.o(.text.LED_RGB_HSVdisplay)
    [Anonymous Symbol]                       0x08001600   Section        0  led.o(.text.LED_RGB_Off_Handle)
    [Anonymous Symbol]                       0x08001624   Section        0  led.o(.text.LED_RGB_On_Handle)
    __arm_cp.13_1                            0x08001660   Number         4  led.o(.text.LED_RGB_On_Handle)
    [Anonymous Symbol]                       0x08001664   Section        0  led.o(.text.LED_RGB_SetDisplayHSV)
    [Anonymous Symbol]                       0x08001670   Section        0  led.o(.text.LED_RGB_SetHSV)
    [Anonymous Symbol]                       0x0800167c   Section        0  led.o(.text.LED_RGB_To_OnStatus)
    [Anonymous Symbol]                       0x080016a0   Section        0  led.o(.text.LED_RGB_init)
    __arm_cp.10_0                            0x080017bc   Number         4  led.o(.text.LED_RGB_init)
    __arm_cp.10_1                            0x080017c0   Number         4  led.o(.text.LED_RGB_init)
    __arm_cp.10_2                            0x080017c4   Number         4  led.o(.text.LED_RGB_init)
    __arm_cp.10_3                            0x080017c8   Number         4  led.o(.text.LED_RGB_init)
    __arm_cp.10_4                            0x080017cc   Number         4  led.o(.text.LED_RGB_init)
    __arm_cp.10_5                            0x080017d0   Number         4  led.o(.text.LED_RGB_init)
    __arm_cp.10_6                            0x080017d4   Number         4  led.o(.text.LED_RGB_init)
    __arm_cp.10_7                            0x080017d8   Number         4  led.o(.text.LED_RGB_init)
    __arm_cp.10_8                            0x080017dc   Number         4  led.o(.text.LED_RGB_init)
    __arm_cp.10_9                            0x080017e0   Number         4  led.o(.text.LED_RGB_init)
    __arm_cp.10_10                           0x080017e4   Number         4  led.o(.text.LED_RGB_init)
    __arm_cp.10_11                           0x080017e8   Number         4  led.o(.text.LED_RGB_init)
    [Anonymous Symbol]                       0x080017ec   Section        0  led.o(.text.LED_Scan_Handle)
    __arm_cp.6_0                             0x08001914   Number         4  led.o(.text.LED_Scan_Handle)
    __arm_cp.6_1                             0x08001918   Number         4  led.o(.text.LED_Scan_Handle)
    __arm_cp.6_2                             0x0800191c   Number         4  led.o(.text.LED_Scan_Handle)
    __arm_cp.6_3                             0x08001920   Number         4  led.o(.text.LED_Scan_Handle)
    __arm_cp.6_4                             0x08001924   Number         4  led.o(.text.LED_Scan_Handle)
    [Anonymous Symbol]                       0x08001928   Section        0  py32f002b_ll_adc.o(.text.LL_ADC_Init)
    __arm_cp.2_0                             0x08001958   Number         4  py32f002b_ll_adc.o(.text.LL_ADC_Init)
    [Anonymous Symbol]                       0x0800195c   Section        0  py32f002b_ll_adc.o(.text.LL_ADC_REG_Init)
    __arm_cp.4_0                             0x08001980   Number         4  py32f002b_ll_adc.o(.text.LL_ADC_REG_Init)
    [Anonymous Symbol]                       0x08001984   Section        0  py32f002b_ll_exti.o(.text.LL_EXTI_Init)
    __arm_cp.1_0                             0x08001a24   Number         4  py32f002b_ll_exti.o(.text.LL_EXTI_Init)
    __arm_cp.1_1                             0x08001a28   Number         4  py32f002b_ll_exti.o(.text.LL_EXTI_Init)
    [Anonymous Symbol]                       0x08001a2c   Section        0  py32f002b_ll_gpio.o(.text.LL_GPIO_Init)
    [Anonymous Symbol]                       0x08001adc   Section        0  py32f002b_ll_utils.o(.text.LL_Init1msTick)
    __arm_cp.0_0                             0x08001af8   Number         4  py32f002b_ll_utils.o(.text.LL_Init1msTick)
    [Anonymous Symbol]                       0x08001afc   Section        0  py32f002b_ll_lptim.o(.text.LL_LPTIM_Init)
    __arm_cp.2_0                             0x08001b1c   Number         4  py32f002b_ll_lptim.o(.text.LL_LPTIM_Init)
    [Anonymous Symbol]                       0x08001b20   Section        0  py32f002b_ll_rcc.o(.text.LL_RCC_GetSystemClocksFreq)
    __arm_cp.1_0                             0x08001b78   Number         4  py32f002b_ll_rcc.o(.text.LL_RCC_GetSystemClocksFreq)
    __arm_cp.1_1                             0x08001b7c   Number         4  py32f002b_ll_rcc.o(.text.LL_RCC_GetSystemClocksFreq)
    __arm_cp.1_2                             0x08001b80   Number         4  py32f002b_ll_rcc.o(.text.LL_RCC_GetSystemClocksFreq)
    __arm_cp.1_3                             0x08001b84   Number         4  py32f002b_ll_rcc.o(.text.LL_RCC_GetSystemClocksFreq)
    __arm_cp.1_4                             0x08001b88   Number         4  py32f002b_ll_rcc.o(.text.LL_RCC_GetSystemClocksFreq)
    [Anonymous Symbol]                       0x08001b8c   Section        0  py32f002b_ll_utils.o(.text.LL_SetSystemCoreClock)
    __arm_cp.2_0                             0x08001b94   Number         4  py32f002b_ll_utils.o(.text.LL_SetSystemCoreClock)
    [Anonymous Symbol]                       0x08001b98   Section        0  py32f002b_ll_tim.o(.text.LL_TIM_Init)
    [Anonymous Symbol]                       0x08001bf0   Section        0  py32f002b_ll_tim.o(.text.LL_TIM_OC_Init)
    __arm_cp.4_0                             0x08001ddc   Number         4  py32f002b_ll_tim.o(.text.LL_TIM_OC_Init)
    __arm_cp.4_1                             0x08001de0   Number         4  py32f002b_ll_tim.o(.text.LL_TIM_OC_Init)
    __arm_cp.4_2                             0x08001de4   Number         4  py32f002b_ll_tim.o(.text.LL_TIM_OC_Init)
    __arm_cp.4_3                             0x08001de8   Number         4  py32f002b_ll_tim.o(.text.LL_TIM_OC_Init)
    __arm_cp.4_4                             0x08001dec   Number         4  py32f002b_ll_tim.o(.text.LL_TIM_OC_Init)
    [Anonymous Symbol]                       0x08001df0   Section        0  py32f002b_ll_usart.o(.text.LL_USART_Init)
    __arm_cp.1_0                             0x08001ee0   Number         4  py32f002b_ll_usart.o(.text.LL_USART_Init)
    __arm_cp.1_1                             0x08001ee4   Number         4  py32f002b_ll_usart.o(.text.LL_USART_Init)
    [Anonymous Symbol]                       0x08001ee8   Section        0  py32f002b_ll_utils.o(.text.LL_mDelay)
    __arm_cp.1_0                             0x08001f0c   Number         4  py32f002b_ll_utils.o(.text.LL_mDelay)
    [Anonymous Symbol]                       0x08001f10   Section        0  py32f002b_it.o(.text.LPTIM1_IRQHandler)
    __arm_cp.9_0                             0x08001f24   Number         4  py32f002b_it.o(.text.LPTIM1_IRQHandler)
    __arm_cp.9_1                             0x08001f28   Number         4  py32f002b_it.o(.text.LPTIM1_IRQHandler)
    [Anonymous Symbol]                       0x08001f2c   Section        0  led.o(.text.Led_Off)
    __arm_cp.7_0                             0x08001f64   Number         4  led.o(.text.Led_Off)
    __arm_cp.7_1                             0x08001f68   Number         4  led.o(.text.Led_Off)
    __arm_cp.7_2                             0x08001f6c   Number         4  led.o(.text.Led_Off)
    [Anonymous Symbol]                       0x08001f70   Section        0  time.o(.text.Lptim_Init)
    __arm_cp.0_0                             0x08001ffc   Number         4  time.o(.text.Lptim_Init)
    __arm_cp.0_1                             0x08002000   Number         4  time.o(.text.Lptim_Init)
    __arm_cp.0_2                             0x08002004   Number         4  time.o(.text.Lptim_Init)
    __arm_cp.0_3                             0x08002008   Number         4  time.o(.text.Lptim_Init)
    __arm_cp.0_4                             0x0800200c   Number         4  time.o(.text.Lptim_Init)
    [Anonymous Symbol]                       0x08002010   Section        0  py32f002b_it.o(.text.NMI_Handler)
    [Anonymous Symbol]                       0x08002012   Section        0  py32f002b_it.o(.text.PendSV_Handler)
    [Anonymous Symbol]                       0x08002014   Section        0  system.o(.text.Queue_Read_Byte)
    __arm_cp.8_0                             0x0800203c   Number         4  system.o(.text.Queue_Read_Byte)
    __arm_cp.8_1                             0x08002040   Number         4  system.o(.text.Queue_Read_Byte)
    __arm_cp.8_2                             0x08002044   Number         4  system.o(.text.Queue_Read_Byte)
    [Anonymous Symbol]                       0x08002048   Section        0  led.o(.text.RGB_App_Handle)
    __arm_cp.16_0                            0x080022d8   Number         4  led.o(.text.RGB_App_Handle)
    __arm_cp.16_1                            0x080022dc   Number         4  led.o(.text.RGB_App_Handle)
    __arm_cp.16_2                            0x080022e0   Number         4  led.o(.text.RGB_App_Handle)
    __arm_cp.16_3                            0x080022e4   Number         4  led.o(.text.RGB_App_Handle)
    __arm_cp.16_4                            0x080022e8   Number         4  led.o(.text.RGB_App_Handle)
    __arm_cp.16_5                            0x080022ec   Number         4  led.o(.text.RGB_App_Handle)
    __arm_cp.16_6                            0x080022f0   Number         4  led.o(.text.RGB_App_Handle)
    __arm_cp.16_7                            0x080022f4   Number         4  led.o(.text.RGB_App_Handle)
    __arm_cp.16_8                            0x080022f8   Number         4  led.o(.text.RGB_App_Handle)
    __arm_cp.16_11                           0x08002330   Number         4  led.o(.text.RGB_App_Handle)
    __arm_cp.16_12                           0x08002334   Number         4  led.o(.text.RGB_App_Handle)
    [Anonymous Symbol]                       0x08002338   Section        0  py32f002b_it.o(.text.SVC_Handler)
    [Anonymous Symbol]                       0x0800233a   Section        0  py32f002b_it.o(.text.SysTick_Handler)
    [Anonymous Symbol]                       0x0800234c   Section        0  task.o(.text.Sys_EnterSleep_Handle)
    __arm_cp.12_1                            0x08002560   Number         4  task.o(.text.Sys_EnterSleep_Handle)
    __arm_cp.12_2                            0x08002564   Number         4  task.o(.text.Sys_EnterSleep_Handle)
    __arm_cp.12_3                            0x08002568   Number         4  task.o(.text.Sys_EnterSleep_Handle)
    __arm_cp.12_4                            0x0800256c   Number         4  task.o(.text.Sys_EnterSleep_Handle)
    __arm_cp.12_5                            0x08002570   Number         4  task.o(.text.Sys_EnterSleep_Handle)
    __arm_cp.12_6                            0x08002574   Number         4  task.o(.text.Sys_EnterSleep_Handle)
    __arm_cp.12_7                            0x08002578   Number         4  task.o(.text.Sys_EnterSleep_Handle)
    __arm_cp.12_8                            0x0800257c   Number         4  task.o(.text.Sys_EnterSleep_Handle)
    __arm_cp.12_9                            0x08002580   Number         4  task.o(.text.Sys_EnterSleep_Handle)
    __arm_cp.12_10                           0x08002584   Number         4  task.o(.text.Sys_EnterSleep_Handle)
    __arm_cp.12_11                           0x08002588   Number         4  task.o(.text.Sys_EnterSleep_Handle)
    __arm_cp.12_12                           0x0800258c   Number         4  task.o(.text.Sys_EnterSleep_Handle)
    __arm_cp.12_13                           0x08002590   Number         4  task.o(.text.Sys_EnterSleep_Handle)
    __arm_cp.12_14                           0x08002594   Number         4  task.o(.text.Sys_EnterSleep_Handle)
    __arm_cp.12_15                           0x08002598   Number         4  task.o(.text.Sys_EnterSleep_Handle)
    __arm_cp.12_16                           0x0800259c   Number         4  task.o(.text.Sys_EnterSleep_Handle)
    __arm_cp.12_17                           0x080025a0   Number         4  task.o(.text.Sys_EnterSleep_Handle)
    __arm_cp.12_18                           0x080025a4   Number         4  task.o(.text.Sys_EnterSleep_Handle)
    __arm_cp.12_19                           0x080025a8   Number         4  task.o(.text.Sys_EnterSleep_Handle)
    __arm_cp.12_22                           0x080025e4   Number         4  task.o(.text.Sys_EnterSleep_Handle)
    __arm_cp.12_23                           0x080025e8   Number         4  task.o(.text.Sys_EnterSleep_Handle)
    [Anonymous Symbol]                       0x080025ec   Section        0  task.o(.text.Sys_EntreSleep)
    [Anonymous Symbol]                       0x080025f4   Section        0  task.o(.text.Sys_Init)
    [Anonymous Symbol]                       0x08002600   Section        0  task.o(.text.Sys_Timer1ms_Handle)
    __arm_cp.3_2                             0x08002648   Number         4  task.o(.text.Sys_Timer1ms_Handle)
    __arm_cp.3_3                             0x0800264c   Number         4  task.o(.text.Sys_Timer1ms_Handle)
    [Anonymous Symbol]                       0x08002650   Section        0  system_py32f002b.o(.text.SystemInit)
    __arm_cp.1_0                             0x08002678   Number         4  system_py32f002b.o(.text.SystemInit)
    __arm_cp.1_1                             0x0800267c   Number         4  system_py32f002b.o(.text.SystemInit)
    __arm_cp.1_2                             0x08002680   Number         4  system_py32f002b.o(.text.SystemInit)
    __arm_cp.1_3                             0x08002684   Number         4  system_py32f002b.o(.text.SystemInit)
    __arm_cp.1_4                             0x08002688   Number         4  system_py32f002b.o(.text.SystemInit)
    [Anonymous Symbol]                       0x0800268c   Section        0  py32f002b_it.o(.text.TIM14_IRQHandler)
    __arm_cp.7_0                             0x0800269c   Number         4  py32f002b_it.o(.text.TIM14_IRQHandler)
    [Anonymous Symbol]                       0x080026a0   Section        0  py32f002b_it.o(.text.TIM1_BRK_UP_TRG_COM_IRQHandler)
    __arm_cp.6_0                             0x080026e0   Number         4  py32f002b_it.o(.text.TIM1_BRK_UP_TRG_COM_IRQHandler)
    __arm_cp.6_1                             0x080026e4   Number         4  py32f002b_it.o(.text.TIM1_BRK_UP_TRG_COM_IRQHandler)
    __arm_cp.6_2                             0x080026e8   Number         4  py32f002b_it.o(.text.TIM1_BRK_UP_TRG_COM_IRQHandler)
    __arm_cp.6_3                             0x080026ec   Number         4  py32f002b_it.o(.text.TIM1_BRK_UP_TRG_COM_IRQHandler)
    [Anonymous Symbol]                       0x080026f0   Section        0  task.o(.text.TY_Init)
    __arm_cp.2_0                             0x08002748   Number         4  task.o(.text.TY_Init)
    __arm_cp.2_2                             0x0800274c   Number         4  task.o(.text.TY_Init)
    [Anonymous Symbol]                       0x08002750   Section        0  task.o(.text.TY_Updata_Bright)
    __arm_cp.4_0                             0x080027e8   Number         4  task.o(.text.TY_Updata_Bright)
    __arm_cp.4_1                             0x080027ec   Number         4  task.o(.text.TY_Updata_Bright)
    __arm_cp.4_2                             0x080027f0   Number         4  task.o(.text.TY_Updata_Bright)
    [Anonymous Symbol]                       0x08002818   Section        0  py32f002b_it.o(.text.USART1_IRQHandler)
    __arm_cp.5_0                             0x08002824   Number         4  py32f002b_it.o(.text.USART1_IRQHandler)
    [Anonymous Symbol]                       0x08002828   Section        0  protocol.o(.text.all_data_update)
    __arm_cp.1_0                             0x08002894   Number         4  protocol.o(.text.all_data_update)
    __arm_cp.1_1                             0x08002898   Number         4  protocol.o(.text.all_data_update)
    __arm_cp.1_2                             0x0800289c   Number         4  protocol.o(.text.all_data_update)
    [Anonymous Symbol]                       0x080028a0   Section        0  mcu_api.o(.text.bt_protocol_init)
    __arm_cp.20_0                            0x080028b4   Number         4  mcu_api.o(.text.bt_protocol_init)
    __arm_cp.20_1                            0x080028b8   Number         4  mcu_api.o(.text.bt_protocol_init)
    __arm_cp.20_2                            0x080028bc   Number         4  mcu_api.o(.text.bt_protocol_init)
    [Anonymous Symbol]                       0x080028c0   Section        0  mcu_api.o(.text.bt_uart_service)
    __arm_cp.19_0                            0x08002978   Number         4  mcu_api.o(.text.bt_uart_service)
    [Anonymous Symbol]                       0x0800297c   Section        0  system.o(.text.bt_uart_write_frame)
    [Anonymous Symbol]                       0x080029d0   Section        0  system.o(.text.data_handle)
    __arm_cp.6_0                             0x08002c44   Number         4  system.o(.text.data_handle)
    __arm_cp.6_2                             0x08002c64   Number         4  system.o(.text.data_handle)
    __arm_cp.6_3                             0x08002c68   Number         4  system.o(.text.data_handle)
    __arm_cp.6_4                             0x08002c6c   Number         4  system.o(.text.data_handle)
    __arm_cp.6_5                             0x08002c70   Number         4  system.o(.text.data_handle)
    __arm_cp.6_6                             0x08002c74   Number         4  system.o(.text.data_handle)
    __arm_cp.6_8                             0x08002c98   Number         4  system.o(.text.data_handle)
    __arm_cp.6_9                             0x08002c9c   Number         4  system.o(.text.data_handle)
    __arm_cp.6_10                            0x08002ca0   Number         4  system.o(.text.data_handle)
    [Anonymous Symbol]                       0x08002ca4   Section        0  system.o(.text.disable_low_power)
    __arm_cp.5_0                             0x08002cf4   Number         4  system.o(.text.disable_low_power)
    [Anonymous Symbol]                       0x08002cf8   Section        0  protocol.o(.text.dp_download_handle)
    __arm_cp.2_26                            0x08002f8c   Number         4  protocol.o(.text.dp_download_handle)
    __arm_cp.2_1                             0x0800327c   Number         4  protocol.o(.text.dp_download_handle)
    __arm_cp.2_2                             0x08003280   Number         4  protocol.o(.text.dp_download_handle)
    __arm_cp.2_3                             0x08003284   Number         4  protocol.o(.text.dp_download_handle)
    __arm_cp.2_4                             0x08003288   Number         4  protocol.o(.text.dp_download_handle)
    __arm_cp.2_5                             0x0800328c   Number         4  protocol.o(.text.dp_download_handle)
    __arm_cp.2_6                             0x08003290   Number         4  protocol.o(.text.dp_download_handle)
    __arm_cp.2_7                             0x08003294   Number         4  protocol.o(.text.dp_download_handle)
    __arm_cp.2_8                             0x08003298   Number         4  protocol.o(.text.dp_download_handle)
    __arm_cp.2_10                            0x080032b4   Number         4  protocol.o(.text.dp_download_handle)
    __arm_cp.2_16                            0x0800331c   Number         4  protocol.o(.text.dp_download_handle)
    __arm_cp.2_17                            0x08003320   Number         4  protocol.o(.text.dp_download_handle)
    __arm_cp.2_18                            0x08003324   Number         4  protocol.o(.text.dp_download_handle)
    __arm_cp.2_19                            0x08003328   Number         4  protocol.o(.text.dp_download_handle)
    [Anonymous Symbol]                       0x0800332c   Section        0  system.o(.text.enable_low_power)
    __arm_cp.4_0                             0x0800337c   Number         4  system.o(.text.enable_low_power)
    [Anonymous Symbol]                       0x08003380   Section        0  usart.o(.text.fputc)
    [Anonymous Symbol]                       0x08003394   Section        0  system.o(.text.get_check_sum)
    [Anonymous Symbol]                       0x080033ae   Section        0  protocol.o(.text.get_download_cmd_total)
    [Anonymous Symbol]                       0x080033b4   Section        0  system.o(.text.get_queue_total_data)
    __arm_cp.7_0                             0x080033c4   Number         4  system.o(.text.get_queue_total_data)
    __arm_cp.7_1                             0x080033c8   Number         4  system.o(.text.get_queue_total_data)
    [Anonymous Symbol]                       0x080033cc   Section        0  main.o(.text.main)
    __arm_cp.0_0                             0x08003574   Number         4  main.o(.text.main)
    __arm_cp.0_1                             0x08003578   Number         4  main.o(.text.main)
    __arm_cp.0_2                             0x0800357c   Number         4  main.o(.text.main)
    __arm_cp.0_3                             0x08003580   Number         4  main.o(.text.main)
    __arm_cp.0_5                             0x08003588   Number         4  main.o(.text.main)
    __arm_cp.0_6                             0x0800358c   Number         4  main.o(.text.main)
    __arm_cp.0_7                             0x08003590   Number         4  main.o(.text.main)
    __arm_cp.0_9                             0x080035ac   Number         4  main.o(.text.main)
    __arm_cp.0_10                            0x080035b0   Number         4  main.o(.text.main)
    __arm_cp.0_13                            0x08003600   Number         4  main.o(.text.main)
    __arm_cp.0_14                            0x08003604   Number         4  main.o(.text.main)
    __arm_cp.0_15                            0x08003608   Number         4  main.o(.text.main)
    __arm_cp.0_16                            0x0800360c   Number         4  main.o(.text.main)
    [Anonymous Symbol]                       0x08003610   Section        0  mcu_api.o(.text.mcu_dp_bool_update)
    [Anonymous Symbol]                       0x08003650   Section        0  mcu_api.o(.text.mcu_dp_enum_update)
    [Anonymous Symbol]                       0x0800368c   Section        0  mcu_api.o(.text.mcu_dp_raw_update)
    [Anonymous Symbol]                       0x080036cc   Section        0  mcu_api.o(.text.mcu_dp_string_update)
    [Anonymous Symbol]                       0x08003708   Section        0  mcu_api.o(.text.mcu_dp_value_update)
    __arm_cp.11_0                            0x08003758   Number         4  mcu_api.o(.text.mcu_dp_value_update)
    [Anonymous Symbol]                       0x0800375c   Section        0  mcu_api.o(.text.mcu_get_dp_download_bool)
    [Anonymous Symbol]                       0x08003760   Section        0  mcu_api.o(.text.mcu_get_dp_download_enum)
    [Anonymous Symbol]                       0x08003764   Section        0  mcu_api.o(.text.mcu_get_dp_download_value)
    [Anonymous Symbol]                       0x0800377a   Section        0  mcu_api.o(.text.my_memcpy)
    [Anonymous Symbol]                       0x080037ba   Section        0  mcu_api.o(.text.my_strlen)
    [Anonymous Symbol]                       0x080037d8   Section        0  system.o(.text.set_bt_uart_buffer)
    [Anonymous Symbol]                       0x080037f0   Section        0  system.o(.text.set_bt_uart_byte)
    __arm_cp.0_0                             0x080037fc   Number         4  system.o(.text.set_bt_uart_byte)
    [Anonymous Symbol]                       0x08003800   Section        0  mcu_api.o(.text.uart_receive_input)
    __arm_cp.18_0                            0x08003828   Number         4  mcu_api.o(.text.uart_receive_input)
    __arm_cp.18_1                            0x0800382c   Number         4  mcu_api.o(.text.uart_receive_input)
    __arm_cp.18_2                            0x08003830   Number         4  mcu_api.o(.text.uart_receive_input)
    [Anonymous Symbol]                       0x08003834   Section        0  protocol.o(.text.uart_transmit_output)
    __arm_cp.0_0                             0x08003848   Number         4  protocol.o(.text.uart_transmit_output)
    i.__0printf$8                            0x0800384c   Section        0  printf8.o(i.__0printf$8)
    i.__aeabi_errno_addr                     0x0800386c   Section        0  errno.o(i.__aeabi_errno_addr)
    i.__scatterload_copy                     0x08003874   Section       14  handlers.o(i.__scatterload_copy)
    i.__scatterload_null                     0x08003882   Section        2  handlers.o(i.__scatterload_null)
    i.__scatterload_zeroinit                 0x08003884   Section       14  handlers.o(i.__scatterload_zeroinit)
    _printf_core                             0x08003895   Thumb Code  1020  printf8.o(i._printf_core)
    i._printf_core                           0x08003894   Section        0  printf8.o(i._printf_core)
    _printf_post_padding                     0x08003cbd   Thumb Code    32  printf8.o(i._printf_post_padding)
    i._printf_post_padding                   0x08003cbc   Section        0  printf8.o(i._printf_post_padding)
    _printf_pre_padding                      0x08003cdd   Thumb Code    44  printf8.o(i._printf_pre_padding)
    i._printf_pre_padding                    0x08003cdc   Section        0  printf8.o(i._printf_pre_padding)
    i.puts                                   0x08003d08   Section        0  puts.o(i.puts)
    .constdata                               0x08003d28   Section      129  ctype_o.o(.constdata)
    table                                    0x08003dac   Data           4  ctype_o.o(.constdata)
    .constdata                               0x08003dac   Section        4  ctype_o.o(.constdata)
    [Anonymous Symbol]                       0x08003e70   Section        0  main.o(.rodata.str1.1)
    [Anonymous Symbol]                       0x08003f7b   Section        0  adc.o(.rodata.str1.1)
    [Anonymous Symbol]                       0x0800401c   Section        0  ir.o(.rodata.str1.1)
    [Anonymous Symbol]                       0x0800409e   Section        0  led.o(.rodata.str1.1)
    [Anonymous Symbol]                       0x0800416b   Section        0  task.o(.rodata.str1.1)
    [Anonymous Symbol]                       0x080041d8   Section        0  protocol.o(.rodata.str1.1)
    [Anonymous Symbol]                       0x08004295   Section        0  system.o(.rodata.str1.1)
    .data                                    0x20000000   Section        4  stdout.o(.data)
    _errno                                   0x20000004   Data           4  errno.o(.data)
    .data                                    0x20000004   Section        4  errno.o(.data)
    BatVolatageToPercent_handle.gear_changetemp 0x20000022   Data           1  adc.o(.bss.BatVolatageToPercent_handle.gear_changetemp)
    [Anonymous Symbol]                       0x20000022   Section        0  adc.o(.bss.BatVolatageToPercent_handle.gear_changetemp)
    BatVolatageToPercent_handle.last_percent 0x20000023   Data           1  adc.o(.bss.BatVolatageToPercent_handle.last_percent)
    [Anonymous Symbol]                       0x20000023   Section        0  adc.o(.bss.BatVolatageToPercent_handle.last_percent)
    Bat_StatusCheck_Handle.filter_cnt        0x20000024   Data           2  adc.o(.bss.Bat_StatusCheck_Handle.filter_cnt)
    [Anonymous Symbol]                       0x20000024   Section        0  adc.o(.bss.Bat_StatusCheck_Handle.filter_cnt)
    Bat_StatusCheck_Handle.filter_cnt1       0x20000026   Data           2  adc.o(.bss.Bat_StatusCheck_Handle.filter_cnt1)
    [Anonymous Symbol]                       0x20000026   Section        0  adc.o(.bss.Bat_StatusCheck_Handle.filter_cnt1)
    IR_RGB_MODE_handle.status                0x20000028   Data           1  led.o(.bss.IR_RGB_MODE_handle.status)
    [Anonymous Symbol]                       0x20000028   Section        0  led.o(.bss.IR_RGB_MODE_handle.status)
    IR_RGB_MODE_handle.time_cnt              0x20000029   Data           1  led.o(.bss.IR_RGB_MODE_handle.time_cnt)
    [Anonymous Symbol]                       0x20000029   Section        0  led.o(.bss.IR_RGB_MODE_handle.time_cnt)
    LED_DisplayBatGear_Handle.charge_flash   0x20000038   Data           1  led.o(.bss.LED_DisplayBatGear_Handle.charge_flash)
    [Anonymous Symbol]                       0x20000038   Section        0  led.o(.bss.LED_DisplayBatGear_Handle.charge_flash)
    LED_DisplayBatGear_Handle.flash_cnt      0x20000039   Data           1  led.o(.bss.LED_DisplayBatGear_Handle.flash_cnt)
    [Anonymous Symbol]                       0x20000039   Section        0  led.o(.bss.LED_DisplayBatGear_Handle.flash_cnt)
    LED_DisplayBatGear_Handle.low_flash      0x2000003a   Data           1  led.o(.bss.LED_DisplayBatGear_Handle.low_flash)
    [Anonymous Symbol]                       0x2000003a   Section        0  led.o(.bss.LED_DisplayBatGear_Handle.low_flash)
    LED_Scan_Handle.ScanCount                0x2000003c   Data           1  led.o(.bss.LED_Scan_Handle.ScanCount)
    [Anonymous Symbol]                       0x2000003c   Section        0  led.o(.bss.LED_Scan_Handle.ScanCount)
    RGB_App_Handle.TY_Reset_Mode_Status      0x20000074   Data           1  led.o(.bss.RGB_App_Handle.TY_Reset_Mode_Status)
    [Anonymous Symbol]                       0x20000074   Section        0  led.o(.bss.RGB_App_Handle.TY_Reset_Mode_Status)
    bt_uart_service.rx_in                    0x20000242   Data           2  mcu_api.o(.bss.bt_uart_service.rx_in)
    [Anonymous Symbol]                       0x20000242   Section        0  mcu_api.o(.bss.bt_uart_service.rx_in)
    heat_beat_check.mcu_reset_state          0x20000264   Data           1  system.o(.bss.heat_beat_check.mcu_reset_state)
    [Anonymous Symbol]                       0x20000264   Section        0  system.o(.bss.heat_beat_check.mcu_reset_state)
    percent_temp                             0x20000280   Data          10  adc.o(.bss.percent_temp)
    [Anonymous Symbol]                       0x20000280   Section        0  adc.o(.bss.percent_temp)
    STACK                                    0x200002a0   Section     1024  startup_py32f002bxx.o(STACK)

    Global Symbols

    Symbol Name                              Value     Ov Type        Size  Object(Section)

    BuildAttributes$$THM_ISAv3M$S$PE$A:L22$X:L11$S22$IEEE1$IW$~IW$USESV6$~STKCKD$USESV7$~SHL$OTIME$ROPI$EBA8$MICROLIB$REQ8$PRES8$EABIv2 0x00000000   Number         0  anon$$obj.o ABSOLUTE
    _printf_a                                0x00000000   Number         0  printfstubs.o ABSOLUTE
    _printf_c                                0x00000000   Number         0  printfstubs.o ABSOLUTE
    _printf_charcount                        0x00000000   Number         0  printfstubs.o ABSOLUTE
    _printf_d                                0x00000000   Number         0  printfstubs.o ABSOLUTE
    _printf_e                                0x00000000   Number         0  printfstubs.o ABSOLUTE
    _printf_f                                0x00000000   Number         0  printfstubs.o ABSOLUTE
    _printf_flags                            0x00000000   Number         0  printfstubs.o ABSOLUTE
    _printf_fp_dec                           0x00000000   Number         0  printfstubs.o ABSOLUTE
    _printf_fp_hex                           0x00000000   Number         0  printfstubs.o ABSOLUTE
    _printf_g                                0x00000000   Number         0  printfstubs.o ABSOLUTE
    _printf_i                                0x00000000   Number         0  printfstubs.o ABSOLUTE
    _printf_int_dec                          0x00000000   Number         0  printfstubs.o ABSOLUTE
    _printf_l                                0x00000000   Number         0  printfstubs.o ABSOLUTE
    _printf_lc                               0x00000000   Number         0  printfstubs.o ABSOLUTE
    _printf_ll                               0x00000000   Number         0  printfstubs.o ABSOLUTE
    _printf_lld                              0x00000000   Number         0  printfstubs.o ABSOLUTE
    _printf_lli                              0x00000000   Number         0  printfstubs.o ABSOLUTE
    _printf_llo                              0x00000000   Number         0  printfstubs.o ABSOLUTE
    _printf_llu                              0x00000000   Number         0  printfstubs.o ABSOLUTE
    _printf_llx                              0x00000000   Number         0  printfstubs.o ABSOLUTE
    _printf_longlong_dec                     0x00000000   Number         0  printfstubs.o ABSOLUTE
    _printf_longlong_hex                     0x00000000   Number         0  printfstubs.o ABSOLUTE
    _printf_longlong_oct                     0x00000000   Number         0  printfstubs.o ABSOLUTE
    _printf_ls                               0x00000000   Number         0  printfstubs.o ABSOLUTE
    _printf_mbtowc                           0x00000000   Number         0  printfstubs.o ABSOLUTE
    _printf_n                                0x00000000   Number         0  printfstubs.o ABSOLUTE
    _printf_o                                0x00000000   Number         0  printfstubs.o ABSOLUTE
    _printf_p                                0x00000000   Number         0  printfstubs.o ABSOLUTE
    _printf_percent                          0x00000000   Number         0  printfstubs.o ABSOLUTE
    _printf_pre_padding                      0x00000000   Number         0  printfstubs.o ABSOLUTE
    _printf_return_value                     0x00000000   Number         0  printfstubs.o ABSOLUTE
    _printf_s                                0x00000000   Number         0  printfstubs.o ABSOLUTE
    _printf_sizespec                         0x00000000   Number         0  printfstubs.o ABSOLUTE
    _printf_str                              0x00000000   Number         0  printfstubs.o ABSOLUTE
    _printf_truncate_signed                  0x00000000   Number         0  printfstubs.o ABSOLUTE
    _printf_truncate_unsigned                0x00000000   Number         0  printfstubs.o ABSOLUTE
    _printf_u                                0x00000000   Number         0  printfstubs.o ABSOLUTE
    _printf_wc                               0x00000000   Number         0  printfstubs.o ABSOLUTE
    _printf_wctomb                           0x00000000   Number         0  printfstubs.o ABSOLUTE
    _printf_widthprec                        0x00000000   Number         0  printfstubs.o ABSOLUTE
    _printf_x                                0x00000000   Number         0  printfstubs.o ABSOLUTE
    __cpp_initialize__aeabi_                  - Undefined Weak Reference
    __cxa_finalize                            - Undefined Weak Reference
    __decompress                              - Undefined Weak Reference
    _clock_init                               - Undefined Weak Reference
    _microlib_exit                            - Undefined Weak Reference
    __Vectors_Size                           0x000000c0   Number         0  startup_py32f002bxx.o ABSOLUTE
    __Vectors                                0x08000000   Data           4  startup_py32f002bxx.o(RESET)
    __Vectors_End                            0x080000c0   Data           0  startup_py32f002bxx.o(RESET)
    __main                                   0x080000c1   Thumb Code     0  entry.o(.ARM.Collect$$$$00000000)
    _main_stk                                0x080000c1   Thumb Code     0  entry2.o(.ARM.Collect$$$$00000001)
    _main_scatterload                        0x080000c5   Thumb Code     0  entry5.o(.ARM.Collect$$$$00000004)
    __main_after_scatterload                 0x080000c9   Thumb Code     0  entry5.o(.ARM.Collect$$$$00000004)
    _main_clock                              0x080000c9   Thumb Code     0  entry7b.o(.ARM.Collect$$$$00000008)
    _main_cpp_init                           0x080000c9   Thumb Code     0  entry8b.o(.ARM.Collect$$$$0000000A)
    _main_init                               0x080000c9   Thumb Code     0  entry9a.o(.ARM.Collect$$$$0000000B)
    __rt_final_cpp                           0x080000d1   Thumb Code     0  entry10a.o(.ARM.Collect$$$$0000000D)
    __rt_final_exit                          0x080000d1   Thumb Code     0  entry11a.o(.ARM.Collect$$$$0000000F)
    Reset_Handler                            0x080000d5   Thumb Code     8  startup_py32f002bxx.o(.text)
    FLASH_IRQHandler                         0x080000e7   Thumb Code     0  startup_py32f002bxx.o(.text)
    I2C1_IRQHandler                          0x080000e7   Thumb Code     0  startup_py32f002bxx.o(.text)
    RCC_IRQHandler                           0x080000e7   Thumb Code     0  startup_py32f002bxx.o(.text)
    SPI1_IRQHandler                          0x080000e7   Thumb Code     0  startup_py32f002bxx.o(.text)
    TIM1_CC_IRQHandler                       0x080000e7   Thumb Code     0  startup_py32f002bxx.o(.text)
    __aeabi_memset                           0x080000f1   Thumb Code    14  memseta.o(.text)
    __aeabi_memset4                          0x080000f1   Thumb Code     0  memseta.o(.text)
    __aeabi_memset8                          0x080000f1   Thumb Code     0  memseta.o(.text)
    __aeabi_memclr                           0x080000ff   Thumb Code     4  memseta.o(.text)
    __aeabi_memclr4                          0x080000ff   Thumb Code     0  memseta.o(.text)
    __aeabi_memclr8                          0x080000ff   Thumb Code     0  memseta.o(.text)
    _memset$wrapper                          0x08000103   Thumb Code    18  memseta.o(.text)
    strtol                                   0x08000115   Thumb Code   108  strtol.o(.text)
    __aeabi_uidiv                            0x08000185   Thumb Code     0  uidiv_div0.o(.text)
    __aeabi_uidivmod                         0x08000185   Thumb Code    62  uidiv_div0.o(.text)
    __aeabi_idiv                             0x080001c5   Thumb Code     0  idiv_div0.o(.text)
    __aeabi_idivmod$div0                     0x080001c5   Thumb Code    74  idiv_div0.o(.text)
    __aeabi_uldivmod                         0x08000215   Thumb Code    96  uldiv.o(.text)
    __rt_ctype_table                         0x08000275   Thumb Code     4  ctype_o.o(.text)
    _strtoul                                 0x0800027d   Thumb Code   166  _strtoul.o(.text)
    __scatterload                            0x08000325   Thumb Code    28  init.o(.text)
    __scatterload_rt2                        0x08000325   Thumb Code     0  init.o(.text)
    __aeabi_llsl                             0x08000349   Thumb Code    32  llshl.o(.text)
    _ll_shift_l                              0x08000349   Thumb Code     0  llshl.o(.text)
    __aeabi_llsr                             0x08000369   Thumb Code    34  llushr.o(.text)
    _ll_ushift_r                             0x08000369   Thumb Code     0  llushr.o(.text)
    _chval                                   0x0800038b   Thumb Code    30  _chval.o(.text)
    ADC_COMP_IRQHandler                      0x080003a9   Thumb Code    16  py32f002b_it.o(.text.ADC_COMP_IRQHandler)
    APP_AdcConfig                            0x080003bd   Thumb Code   304  adc.o(.text.APP_AdcConfig)
    APP_AdcGrpRegularUnitaryConvCompleteCallback 0x08000561   Thumb Code    40  adc.o(.text.APP_AdcGrpRegularUnitaryConvCompleteCallback)
    APP_ConfigUsart                          0x0800058d   Thumb Code   228  usart.o(.text.APP_ConfigUsart)
    APP_ErrorHandler                         0x08000681   Thumb Code     2  main.o(.text.APP_ErrorHandler)
    APP_FlashOBProgram                       0x08000683   Thumb Code    50  flash.o(.text.APP_FlashOBProgram)
    APP_UsartIRQCallback                     0x080006b5   Thumb Code   108  usart.o(.text.APP_UsartIRQCallback)
    Adc_BatVolatageCollection_handle         0x0800072d   Thumb Code    76  adc.o(.text.Adc_BatVolatageCollection_handle)
    BLE_Power_OFF                            0x08000789   Thumb Code     8  task.o(.text.BLE_Power_OFF)
    BLE_Power_ON                             0x08000795   Thumb Code     8  task.o(.text.BLE_Power_ON)
    BatVolatageToPercent_handle              0x080007a1   Thumb Code   348  adc.o(.text.BatVolatageToPercent_handle)
    Bat_GpioInit                             0x08000921   Thumb Code    80  adc.o(.text.Bat_GpioInit)
    Bat_StatusCheck_Handle                   0x08000981   Thumb Code   232  adc.o(.text.Bat_StatusCheck_Handle)
    EXTI0_1_IRQHandler                       0x08000a89   Thumb Code    28  py32f002b_it.o(.text.EXTI0_1_IRQHandler)
    EXTI2_3_IRQHandler                       0x08000aa5   Thumb Code    20  py32f002b_it.o(.text.EXTI2_3_IRQHandler)
    EXTI4_15_IRQHandler                      0x08000ab9   Thumb Code    20  py32f002b_it.o(.text.EXTI4_15_IRQHandler)
    HAL_FLASH_Lock                           0x08000ad5   Thumb Code    20  py32f002b_hal_flash.o(.text.HAL_FLASH_Lock)
    HAL_FLASH_OBProgram                      0x08000ae9   Thumb Code   360  py32f002b_hal_flash.o(.text.HAL_FLASH_OBProgram)
    HAL_FLASH_OB_Launch                      0x08000c7d   Thumb Code    16  py32f002b_hal_flash.o(.text.HAL_FLASH_OB_Launch)
    HAL_FLASH_OB_Lock                        0x08000c8d   Thumb Code    20  py32f002b_hal_flash.o(.text.HAL_FLASH_OB_Lock)
    HAL_FLASH_OB_Unlock                      0x08000ca5   Thumb Code    28  py32f002b_hal_flash.o(.text.HAL_FLASH_OB_Unlock)
    HAL_FLASH_Unlock                         0x08000ccd   Thumb Code    28  py32f002b_hal_flash.o(.text.HAL_FLASH_Unlock)
    HAL_GetTick                              0x08000cf5   Thumb Code     8  py32f002b_hal.o(.text.HAL_GetTick)
    HAL_IncTick                              0x08000cfd   Thumb Code    16  py32f002b_hal.o(.text.HAL_IncTick)
    HardFault_Handler                        0x08000d15   Thumb Code     2  py32f002b_it.o(.text.HardFault_Handler)
    IR_RGB_MODE_handle                       0x08000d19   Thumb Code   144  led.o(.text.IR_RGB_MODE_handle)
    Ir_CommandReceiv                         0x08000dbd   Thumb Code   968  ir.o(.text.Ir_CommandReceiv)
    Ir_ExtiCallback                          0x08001231   Thumb Code   100  ir.o(.text.Ir_ExtiCallback)
    Ir_Init                                  0x0800129d   Thumb Code   196  ir.o(.text.Ir_Init)
    Ir_Power_OFF                             0x08001379   Thumb Code     8  task.o(.text.Ir_Power_OFF)
    Ir_Power_ON                              0x08001385   Thumb Code     8  task.o(.text.Ir_Power_ON)
    Ir_Scan                                  0x08001391   Thumb Code    64  ir.o(.text.Ir_Scan)
    Ir_Time14IRQCallback                     0x080013d5   Thumb Code    40  ir.o(.text.Ir_Time14IRQCallback)
    LED_DisplayBatGear_Handle                0x08001401   Thumb Code    84  led.o(.text.LED_DisplayBatGear_Handle)
    LED_Init                                 0x08001469   Thumb Code   116  led.o(.text.LED_Init)
    LED_RGB_HSVdisplay                       0x080014e9   Thumb Code   272  led.o(.text.LED_RGB_HSVdisplay)
    LED_RGB_Off_Handle                       0x08001601   Thumb Code    36  led.o(.text.LED_RGB_Off_Handle)
    LED_RGB_On_Handle                        0x08001625   Thumb Code    60  led.o(.text.LED_RGB_On_Handle)
    LED_RGB_SetDisplayHSV                    0x08001665   Thumb Code    12  led.o(.text.LED_RGB_SetDisplayHSV)
    LED_RGB_SetHSV                           0x08001671   Thumb Code    12  led.o(.text.LED_RGB_SetHSV)
    LED_RGB_To_OnStatus                      0x0800167d   Thumb Code    36  led.o(.text.LED_RGB_To_OnStatus)
    LED_RGB_init                             0x080016a1   Thumb Code   284  led.o(.text.LED_RGB_init)
    LED_Scan_Handle                          0x080017ed   Thumb Code   296  led.o(.text.LED_Scan_Handle)
    LL_ADC_Init                              0x08001929   Thumb Code    48  py32f002b_ll_adc.o(.text.LL_ADC_Init)
    LL_ADC_REG_Init                          0x0800195d   Thumb Code    36  py32f002b_ll_adc.o(.text.LL_ADC_REG_Init)
    LL_EXTI_Init                             0x08001985   Thumb Code   160  py32f002b_ll_exti.o(.text.LL_EXTI_Init)
    LL_GPIO_Init                             0x08001a2d   Thumb Code   176  py32f002b_ll_gpio.o(.text.LL_GPIO_Init)
    LL_Init1msTick                           0x08001add   Thumb Code    28  py32f002b_ll_utils.o(.text.LL_Init1msTick)
    LL_LPTIM_Init                            0x08001afd   Thumb Code    32  py32f002b_ll_lptim.o(.text.LL_LPTIM_Init)
    LL_RCC_GetSystemClocksFreq               0x08001b21   Thumb Code    88  py32f002b_ll_rcc.o(.text.LL_RCC_GetSystemClocksFreq)
    LL_SetSystemCoreClock                    0x08001b8d   Thumb Code     8  py32f002b_ll_utils.o(.text.LL_SetSystemCoreClock)
    LL_TIM_Init                              0x08001b99   Thumb Code    88  py32f002b_ll_tim.o(.text.LL_TIM_Init)
    LL_TIM_OC_Init                           0x08001bf1   Thumb Code   492  py32f002b_ll_tim.o(.text.LL_TIM_OC_Init)
    LL_USART_Init                            0x08001df1   Thumb Code   240  py32f002b_ll_usart.o(.text.LL_USART_Init)
    LL_mDelay                                0x08001ee9   Thumb Code    36  py32f002b_ll_utils.o(.text.LL_mDelay)
    LPTIM1_IRQHandler                        0x08001f11   Thumb Code    20  py32f002b_it.o(.text.LPTIM1_IRQHandler)
    Led_Off                                  0x08001f2d   Thumb Code    56  led.o(.text.Led_Off)
    Lptim_Init                               0x08001f71   Thumb Code   140  time.o(.text.Lptim_Init)
    NMI_Handler                              0x08002011   Thumb Code     2  py32f002b_it.o(.text.NMI_Handler)
    PendSV_Handler                           0x08002013   Thumb Code     2  py32f002b_it.o(.text.PendSV_Handler)
    Queue_Read_Byte                          0x08002015   Thumb Code    40  system.o(.text.Queue_Read_Byte)
    RGB_App_Handle                           0x08002049   Thumb Code   656  led.o(.text.RGB_App_Handle)
    SVC_Handler                              0x08002339   Thumb Code     2  py32f002b_it.o(.text.SVC_Handler)
    SysTick_Handler                          0x0800233b   Thumb Code    16  py32f002b_it.o(.text.SysTick_Handler)
    Sys_EnterSleep_Handle                    0x0800234d   Thumb Code   504  task.o(.text.Sys_EnterSleep_Handle)
    Sys_EntreSleep                           0x080025ed   Thumb Code     8  task.o(.text.Sys_EntreSleep)
    Sys_Init                                 0x080025f5   Thumb Code    12  task.o(.text.Sys_Init)
    Sys_Timer1ms_Handle                      0x08002601   Thumb Code    72  task.o(.text.Sys_Timer1ms_Handle)
    SystemInit                               0x08002651   Thumb Code    40  system_py32f002b.o(.text.SystemInit)
    TIM14_IRQHandler                         0x0800268d   Thumb Code    16  py32f002b_it.o(.text.TIM14_IRQHandler)
    TIM1_BRK_UP_TRG_COM_IRQHandler           0x080026a1   Thumb Code    64  py32f002b_it.o(.text.TIM1_BRK_UP_TRG_COM_IRQHandler)
    TY_Init                                  0x080026f1   Thumb Code    88  task.o(.text.TY_Init)
    TY_Updata_Bright                         0x08002751   Thumb Code   152  task.o(.text.TY_Updata_Bright)
    USART1_IRQHandler                        0x08002819   Thumb Code    12  py32f002b_it.o(.text.USART1_IRQHandler)
    all_data_update                          0x08002829   Thumb Code   108  protocol.o(.text.all_data_update)
    bt_protocol_init                         0x080028a1   Thumb Code    20  mcu_api.o(.text.bt_protocol_init)
    bt_uart_service                          0x080028c1   Thumb Code   184  mcu_api.o(.text.bt_uart_service)
    bt_uart_write_frame                      0x0800297d   Thumb Code    84  system.o(.text.bt_uart_write_frame)
    data_handle                              0x080029d1   Thumb Code   628  system.o(.text.data_handle)
    disable_low_power                        0x08002ca5   Thumb Code    80  system.o(.text.disable_low_power)
    dp_download_handle                       0x08002cf9   Thumb Code  1408  protocol.o(.text.dp_download_handle)
    enable_low_power                         0x0800332d   Thumb Code    80  system.o(.text.enable_low_power)
    fputc                                    0x08003381   Thumb Code    20  usart.o(.text.fputc)
    get_check_sum                            0x08003395   Thumb Code    26  system.o(.text.get_check_sum)
    get_download_cmd_total                   0x080033af   Thumb Code     4  protocol.o(.text.get_download_cmd_total)
    get_queue_total_data                     0x080033b5   Thumb Code    16  system.o(.text.get_queue_total_data)
    main                                     0x080033cd   Thumb Code   424  main.o(.text.main)
    mcu_dp_bool_update                       0x08003611   Thumb Code    64  mcu_api.o(.text.mcu_dp_bool_update)
    mcu_dp_enum_update                       0x08003651   Thumb Code    60  mcu_api.o(.text.mcu_dp_enum_update)
    mcu_dp_raw_update                        0x0800368d   Thumb Code    64  mcu_api.o(.text.mcu_dp_raw_update)
    mcu_dp_string_update                     0x080036cd   Thumb Code    60  mcu_api.o(.text.mcu_dp_string_update)
    mcu_dp_value_update                      0x08003709   Thumb Code    80  mcu_api.o(.text.mcu_dp_value_update)
    mcu_get_dp_download_bool                 0x0800375d   Thumb Code     4  mcu_api.o(.text.mcu_get_dp_download_bool)
    mcu_get_dp_download_enum                 0x08003761   Thumb Code     4  mcu_api.o(.text.mcu_get_dp_download_enum)
    mcu_get_dp_download_value                0x08003765   Thumb Code    22  mcu_api.o(.text.mcu_get_dp_download_value)
    my_memcpy                                0x0800377b   Thumb Code    64  mcu_api.o(.text.my_memcpy)
    my_strlen                                0x080037bb   Thumb Code    28  mcu_api.o(.text.my_strlen)
    set_bt_uart_buffer                       0x080037d9   Thumb Code    24  system.o(.text.set_bt_uart_buffer)
    set_bt_uart_byte                         0x080037f1   Thumb Code    12  system.o(.text.set_bt_uart_byte)
    uart_receive_input                       0x08003801   Thumb Code    40  mcu_api.o(.text.uart_receive_input)
    uart_transmit_output                     0x08003835   Thumb Code    20  protocol.o(.text.uart_transmit_output)
    __0printf$8                              0x0800384d   Thumb Code    24  printf8.o(i.__0printf$8)
    __1printf$8                              0x0800384d   Thumb Code     0  printf8.o(i.__0printf$8)
    __2printf                                0x0800384d   Thumb Code     0  printf8.o(i.__0printf$8)
    __aeabi_errno_addr                       0x0800386d   Thumb Code     4  errno.o(i.__aeabi_errno_addr)
    __rt_errno_addr                          0x0800386d   Thumb Code     0  errno.o(i.__aeabi_errno_addr)
    __scatterload_copy                       0x08003875   Thumb Code    14  handlers.o(i.__scatterload_copy)
    __scatterload_null                       0x08003883   Thumb Code     2  handlers.o(i.__scatterload_null)
    __scatterload_zeroinit                   0x08003885   Thumb Code    14  handlers.o(i.__scatterload_zeroinit)
    puts                                     0x08003d09   Thumb Code    28  puts.o(i.puts)
    __ctype_table                            0x08003d28   Data         129  ctype_o.o(.constdata)
    AHBPrescTable                            0x08003db0   Data          64  system_py32f002b.o(.rodata.AHBPrescTable)
    APBPrescTable                            0x08003df0   Data          32  system_py32f002b.o(.rodata.APBPrescTable)
    HSIFreqTable                             0x08003e10   Data          32  system_py32f002b.o(.rodata.HSIFreqTable)
    _FlashTimmingParam                       0x08003e30   Data          32  py32f002b_hal_flash.o(.rodata._FlashTimmingParam)
    download_cmd                             0x08003e50   Data          32  protocol.o(.rodata.download_cmd)
    Region$$Table$$Base                      0x080042a4   Number         0  anon$$obj.o(Region$$Table)
    Region$$Table$$Limit                     0x080042c4   Number         0  anon$$obj.o(Region$$Table)
    __stdout                                 0x20000000   Data           4  stdout.o(.data)
    SystemCoreClock                          0x20000008   Data           4  system_py32f002b.o(.data.SystemCoreClock)
    uwTickFreq                               0x2000000c   Data           4  py32f002b_hal.o(.data.uwTickFreq)
    Adc                                      0x20000010   Data          10  adc.o(.bss.Adc)
    Bat                                      0x2000001a   Data           8  adc.o(.bss.Bat)
    Ir                                       0x2000002c   Data          12  ir.o(.bss.Ir)
    LED_DisplayTemp                          0x2000003b   Data           1  led.o(.bss.LED_DisplayTemp)
    RGB                                      0x20000040   Data          52  led.o(.bss.RGB)
    Sys                                      0x20000078   Data          10  task.o(.bss.Sys)
    TY                                       0x20000084   Data          22  task.o(.bss.TY)
    TxBuff                                   0x2000009c   Data           4  usart.o(.bss.TxBuff)
    TxCount                                  0x200000a0   Data           2  usart.o(.bss.TxCount)
    UartReady                                0x200000a2   Data           1  usart.o(.bss.UartReady)
    bt_queue_buf                             0x200000a3   Data         167  system.o(.bss.bt_queue_buf)
    bt_uart_rx_buf                           0x2000014a   Data         247  system.o(.bss.bt_uart_rx_buf)
    bt_uart_tx_buf                           0x20000244   Data          31  system.o(.bss.bt_uart_tx_buf)
    bt_work_state                            0x20000263   Data           1  system.o(.bss.bt_work_state)
    pFlash                                   0x20000268   Data          24  py32f002b_hal_flash.o(.bss.pFlash)
    queue_in                                 0x2000028c   Data           4  system.o(.bss.queue_in)
    queue_out                                0x20000290   Data           4  system.o(.bss.queue_out)
    reset_bt_flag                            0x20000294   Data           1  system.o(.bss.reset_bt_flag)
    stop_update_flag                         0x20000295   Data           1  system.o(.bss.stop_update_flag)
    uwTick                                   0x20000298   Data           4  py32f002b_hal.o(.bss.uwTick)
    __initial_sp                             0x200006a0   Data           0  startup_py32f002bxx.o(STACK)



==============================================================================

Memory Map of the image

  Image Entry point : 0x080000c1

  Load Region LR_IROM1 (Base: 0x08000000, Size: 0x000042d8, Max: 0x00006000, ABSOLUTE)

    Execution Region ER_IROM1 (Exec base: 0x08000000, Load base: 0x08000000, Size: 0x000042c4, Max: 0x00006000, ABSOLUTE)

    Exec Addr    Load Addr    Size         Type   Attr      Idx    E Section Name        Object

    0x08000000   0x08000000   0x000000c0   Data   RO            3    RESET               startup_py32f002bxx.o
    0x080000c0   0x080000c0   0x00000000   Code   RO          700  * .ARM.Collect$$$$00000000  mc_p.l(entry.o)
    0x080000c0   0x080000c0   0x00000004   Code   RO          980    .ARM.Collect$$$$00000001  mc_p.l(entry2.o)
    0x080000c4   0x080000c4   0x00000004   Code   RO          983    .ARM.Collect$$$$00000004  mc_p.l(entry5.o)
    0x080000c8   0x080000c8   0x00000000   Code   RO          985    .ARM.Collect$$$$00000008  mc_p.l(entry7b.o)
    0x080000c8   0x080000c8   0x00000000   Code   RO          987    .ARM.Collect$$$$0000000A  mc_p.l(entry8b.o)
    0x080000c8   0x080000c8   0x00000008   Code   RO          988    .ARM.Collect$$$$0000000B  mc_p.l(entry9a.o)
    0x080000d0   0x080000d0   0x00000000   Code   RO          990    .ARM.Collect$$$$0000000D  mc_p.l(entry10a.o)
    0x080000d0   0x080000d0   0x00000000   Code   RO          992    .ARM.Collect$$$$0000000F  mc_p.l(entry11a.o)
    0x080000d0   0x080000d0   0x00000004   Code   RO          981    .ARM.Collect$$$$00002712  mc_p.l(entry2.o)
    0x080000d4   0x080000d4   0x0000001c   Code   RO            4    .text               startup_py32f002bxx.o
    0x080000f0   0x080000f0   0x00000024   Code   RO          715    .text               mc_p.l(memseta.o)
    0x08000114   0x08000114   0x00000070   Code   RO          978    .text               mc_p.l(strtol.o)
    0x08000184   0x08000184   0x0000003e   Code   RO          999    .text               mc_p.l(uidiv_div0.o)
    0x080001c2   0x080001c2   0x00000002   PAD
    0x080001c4   0x080001c4   0x00000050   Code   RO         1001    .text               mc_p.l(idiv_div0.o)
    0x08000214   0x08000214   0x00000060   Code   RO         1005    .text               mc_p.l(uldiv.o)
    0x08000274   0x08000274   0x00000008   Code   RO         1007    .text               mc_p.l(ctype_o.o)
    0x0800027c   0x0800027c   0x000000a6   Code   RO         1042    .text               mc_p.l(_strtoul.o)
    0x08000322   0x08000322   0x00000002   PAD
    0x08000324   0x08000324   0x00000024   Code   RO         1055    .text               mc_p.l(init.o)
    0x08000348   0x08000348   0x00000020   Code   RO         1057    .text               mc_p.l(llshl.o)
    0x08000368   0x08000368   0x00000022   Code   RO         1059    .text               mc_p.l(llushr.o)
    0x0800038a   0x0800038a   0x0000001e   Code   RO         1063    .text               mc_p.l(_chval.o)
    0x080003a8   0x080003a8   0x00000014   Code   RO           43    .text.ADC_COMP_IRQHandler  py32f002b_it.o
    0x080003bc   0x080003bc   0x000001a4   Code   RO          382    .text.APP_AdcConfig  adc.o
    0x08000560   0x08000560   0x0000002c   Code   RO          384    .text.APP_AdcGrpRegularUnitaryConvCompleteCallback  adc.o
    0x0800058c   0x0800058c   0x000000f4   Code   RO          566    .text.APP_ConfigUsart  usart.o
    0x08000680   0x08000680   0x00000002   Code   RO           63    .text.APP_ErrorHandler  main.o
    0x08000682   0x08000682   0x00000032   Code   RO          410    .text.APP_FlashOBProgram  flash.o
    0x080006b4   0x080006b4   0x00000078   Code   RO          572    .text.APP_UsartIRQCallback  usart.o
    0x0800072c   0x0800072c   0x0000005c   Code   RO          386    .text.Adc_BatVolatageCollection_handle  adc.o
    0x08000788   0x08000788   0x0000000c   Code   RO          528    .text.BLE_Power_OFF  task.o
    0x08000794   0x08000794   0x0000000c   Code   RO          530    .text.BLE_Power_ON  task.o
    0x080007a0   0x080007a0   0x00000180   Code   RO          388    .text.BatVolatageToPercent_handle  adc.o
    0x08000920   0x08000920   0x00000060   Code   RO          376    .text.Bat_GpioInit  adc.o
    0x08000980   0x08000980   0x00000108   Code   RO          390    .text.Bat_StatusCheck_Handle  adc.o
    0x08000a88   0x08000a88   0x0000001c   Code   RO           47    .text.EXTI0_1_IRQHandler  py32f002b_it.o
    0x08000aa4   0x08000aa4   0x00000014   Code   RO           51    .text.EXTI2_3_IRQHandler  py32f002b_it.o
    0x08000ab8   0x08000ab8   0x0000001c   Code   RO           49    .text.EXTI4_15_IRQHandler  py32f002b_it.o
    0x08000ad4   0x08000ad4   0x00000014   Code   RO          162    .text.HAL_FLASH_Lock  py32f002b_hal_flash.o
    0x08000ae8   0x08000ae8   0x00000194   Code   RO          186    .text.HAL_FLASH_OBProgram  py32f002b_hal_flash.o
    0x08000c7c   0x08000c7c   0x00000010   Code   RO          168    .text.HAL_FLASH_OB_Launch  py32f002b_hal_flash.o
    0x08000c8c   0x08000c8c   0x00000018   Code   RO          166    .text.HAL_FLASH_OB_Lock  py32f002b_hal_flash.o
    0x08000ca4   0x08000ca4   0x00000028   Code   RO          164    .text.HAL_FLASH_OB_Unlock  py32f002b_hal_flash.o
    0x08000ccc   0x08000ccc   0x00000028   Code   RO          160    .text.HAL_FLASH_Unlock  py32f002b_hal_flash.o
    0x08000cf4   0x08000cf4   0x00000008   Code   RO           87    .text.HAL_GetTick   py32f002b_hal.o
    0x08000cfc   0x08000cfc   0x00000018   Code   RO           85    .text.HAL_IncTick   py32f002b_hal.o
    0x08000d14   0x08000d14   0x00000002   Code   RO           29    .text.HardFault_Handler  py32f002b_it.o
    0x08000d16   0x08000d16   0x00000002   PAD
    0x08000d18   0x08000d18   0x000000a4   Code   RO          492    .text.IR_RGB_MODE_handle  led.o
    0x08000dbc   0x08000dbc   0x00000474   Code   RO          442    .text.Ir_CommandReceiv  ir.o
    0x08001230   0x08001230   0x0000006c   Code   RO          434    .text.Ir_ExtiCallback  ir.o
    0x0800129c   0x0800129c   0x000000dc   Code   RO          432    .text.Ir_Init       ir.o
    0x08001378   0x08001378   0x0000000c   Code   RO          524    .text.Ir_Power_OFF  task.o
    0x08001384   0x08001384   0x0000000c   Code   RO          526    .text.Ir_Power_ON   task.o
    0x08001390   0x08001390   0x00000044   Code   RO          440    .text.Ir_Scan       ir.o
    0x080013d4   0x080013d4   0x0000002c   Code   RO          436    .text.Ir_Time14IRQCallback  ir.o
    0x08001400   0x08001400   0x00000068   Code   RO          490    .text.LED_DisplayBatGear_Handle  led.o
    0x08001468   0x08001468   0x00000080   Code   RO          472    .text.LED_Init      led.o
    0x080014e8   0x080014e8   0x00000118   Code   RO          468    .text.LED_RGB_HSVdisplay  led.o
    0x08001600   0x08001600   0x00000024   Code   RO          484    .text.LED_RGB_Off_Handle  led.o
    0x08001624   0x08001624   0x00000040   Code   RO          488    .text.LED_RGB_On_Handle  led.o
    0x08001664   0x08001664   0x0000000c   Code   RO          464    .text.LED_RGB_SetDisplayHSV  led.o
    0x08001670   0x08001670   0x0000000c   Code   RO          462    .text.LED_RGB_SetHSV  led.o
    0x0800167c   0x0800167c   0x00000024   Code   RO          486    .text.LED_RGB_To_OnStatus  led.o
    0x080016a0   0x080016a0   0x0000014c   Code   RO          482    .text.LED_RGB_init  led.o
    0x080017ec   0x080017ec   0x0000013c   Code   RO          474    .text.LED_Scan_Handle  led.o
    0x08001928   0x08001928   0x00000034   Code   RO          214    .text.LL_ADC_Init   py32f002b_ll_adc.o
    0x0800195c   0x0800195c   0x00000028   Code   RO          218    .text.LL_ADC_REG_Init  py32f002b_ll_adc.o
    0x08001984   0x08001984   0x000000a8   Code   RO          232    .text.LL_EXTI_Init  py32f002b_ll_exti.o
    0x08001a2c   0x08001a2c   0x000000b0   Code   RO          246    .text.LL_GPIO_Init  py32f002b_ll_gpio.o
    0x08001adc   0x08001adc   0x00000020   Code   RO          310    .text.LL_Init1msTick  py32f002b_ll_utils.o
    0x08001afc   0x08001afc   0x00000024   Code   RO          364    .text.LL_LPTIM_Init  py32f002b_ll_lptim.o
    0x08001b20   0x08001b20   0x0000006c   Code   RO          336    .text.LL_RCC_GetSystemClocksFreq  py32f002b_ll_rcc.o
    0x08001b8c   0x08001b8c   0x0000000c   Code   RO          314    .text.LL_SetSystemCoreClock  py32f002b_ll_utils.o
    0x08001b98   0x08001b98   0x00000058   Code   RO          262    .text.LL_TIM_Init   py32f002b_ll_tim.o
    0x08001bf0   0x08001bf0   0x00000200   Code   RO          266    .text.LL_TIM_OC_Init  py32f002b_ll_tim.o
    0x08001df0   0x08001df0   0x000000f8   Code   RO          294    .text.LL_USART_Init  py32f002b_ll_usart.o
    0x08001ee8   0x08001ee8   0x00000028   Code   RO          312    .text.LL_mDelay     py32f002b_ll_utils.o
    0x08001f10   0x08001f10   0x0000001c   Code   RO           45    .text.LPTIM1_IRQHandler  py32f002b_it.o
    0x08001f2c   0x08001f2c   0x00000044   Code   RO          476    .text.Led_Off       led.o
    0x08001f70   0x08001f70   0x000000a0   Code   RO          551    .text.Lptim_Init    time.o
    0x08002010   0x08002010   0x00000002   Code   RO           27    .text.NMI_Handler   py32f002b_it.o
    0x08002012   0x08002012   0x00000002   Code   RO           33    .text.PendSV_Handler  py32f002b_it.o
    0x08002014   0x08002014   0x00000034   Code   RO          680    .text.Queue_Read_Byte  system.o
    0x08002048   0x08002048   0x000002f0   Code   RO          494    .text.RGB_App_Handle  led.o
    0x08002338   0x08002338   0x00000002   Code   RO           31    .text.SVC_Handler   py32f002b_it.o
    0x0800233a   0x0800233a   0x00000010   Code   RO           35    .text.SysTick_Handler  py32f002b_it.o
    0x0800234a   0x0800234a   0x00000002   PAD
    0x0800234c   0x0800234c   0x000002a0   Code   RO          538    .text.Sys_EnterSleep_Handle  task.o
    0x080025ec   0x080025ec   0x00000008   Code   RO          532    .text.Sys_EntreSleep  task.o
    0x080025f4   0x080025f4   0x0000000c   Code   RO          516    .text.Sys_Init      task.o
    0x08002600   0x08002600   0x00000050   Code   RO          520    .text.Sys_Timer1ms_Handle  task.o
    0x08002650   0x08002650   0x0000003c   Code   RO           13    .text.SystemInit    system_py32f002b.o
    0x0800268c   0x0800268c   0x00000014   Code   RO           41    .text.TIM14_IRQHandler  py32f002b_it.o
    0x080026a0   0x080026a0   0x00000050   Code   RO           39    .text.TIM1_BRK_UP_TRG_COM_IRQHandler  py32f002b_it.o
    0x080026f0   0x080026f0   0x00000060   Code   RO          518    .text.TY_Init       task.o
    0x08002750   0x08002750   0x000000c8   Code   RO          522    .text.TY_Updata_Bright  task.o
    0x08002818   0x08002818   0x00000010   Code   RO           37    .text.USART1_IRQHandler  py32f002b_it.o
    0x08002828   0x08002828   0x00000078   Code   RO          648    .text.all_data_update  protocol.o
    0x080028a0   0x080028a0   0x00000020   Code   RO          635    .text.bt_protocol_init  mcu_api.o
    0x080028c0   0x080028c0   0x000000bc   Code   RO          633    .text.bt_uart_service  mcu_api.o
    0x0800297c   0x0800297c   0x00000054   Code   RO          670    .text.bt_uart_write_frame  system.o
    0x080029d0   0x080029d0   0x000002d4   Code   RO          676    .text.data_handle   system.o
    0x08002ca4   0x08002ca4   0x00000054   Code   RO          674    .text.disable_low_power  system.o
    0x08002cf8   0x08002cf8   0x00000634   Code   RO          650    .text.dp_download_handle  protocol.o
    0x0800332c   0x0800332c   0x00000054   Code   RO          672    .text.enable_low_power  system.o
    0x08003380   0x08003380   0x00000014   Code   RO          574    .text.fputc         usart.o
    0x08003394   0x08003394   0x0000001a   Code   RO          668    .text.get_check_sum  system.o
    0x080033ae   0x080033ae   0x00000004   Code   RO          652    .text.get_download_cmd_total  protocol.o
    0x080033b2   0x080033b2   0x00000002   PAD
    0x080033b4   0x080033b4   0x00000018   Code   RO          678    .text.get_queue_total_data  system.o
    0x080033cc   0x080033cc   0x00000244   Code   RO           61    .text.main          main.o
    0x08003610   0x08003610   0x00000040   Code   RO          615    .text.mcu_dp_bool_update  mcu_api.o
    0x08003650   0x08003650   0x0000003c   Code   RO          621    .text.mcu_dp_enum_update  mcu_api.o
    0x0800368c   0x0800368c   0x00000040   Code   RO          613    .text.mcu_dp_raw_update  mcu_api.o
    0x080036cc   0x080036cc   0x0000003c   Code   RO          619    .text.mcu_dp_string_update  mcu_api.o
    0x08003708   0x08003708   0x00000054   Code   RO          617    .text.mcu_dp_value_update  mcu_api.o
    0x0800375c   0x0800375c   0x00000004   Code   RO          625    .text.mcu_get_dp_download_bool  mcu_api.o
    0x08003760   0x08003760   0x00000004   Code   RO          627    .text.mcu_get_dp_download_enum  mcu_api.o
    0x08003764   0x08003764   0x00000016   Code   RO          629    .text.mcu_get_dp_download_value  mcu_api.o
    0x0800377a   0x0800377a   0x00000040   Code   RO          601    .text.my_memcpy     mcu_api.o
    0x080037ba   0x080037ba   0x0000001c   Code   RO          597    .text.my_strlen     mcu_api.o
    0x080037d6   0x080037d6   0x00000002   PAD
    0x080037d8   0x080037d8   0x00000018   Code   RO          666    .text.set_bt_uart_buffer  system.o
    0x080037f0   0x080037f0   0x00000010   Code   RO          664    .text.set_bt_uart_byte  system.o
    0x08003800   0x08003800   0x00000034   Code   RO          631    .text.uart_receive_input  mcu_api.o
    0x08003834   0x08003834   0x00000018   Code   RO          646    .text.uart_transmit_output  protocol.o
    0x0800384c   0x0800384c   0x00000020   Code   RO          924    i.__0printf$8       mc_p.l(printf8.o)
    0x0800386c   0x0800386c   0x00000008   Code   RO         1035    i.__aeabi_errno_addr  mc_p.l(errno.o)
    0x08003874   0x08003874   0x0000000e   Code   RO         1071    i.__scatterload_copy  mc_p.l(handlers.o)
    0x08003882   0x08003882   0x00000002   Code   RO         1072    i.__scatterload_null  mc_p.l(handlers.o)
    0x08003884   0x08003884   0x0000000e   Code   RO         1073    i.__scatterload_zeroinit  mc_p.l(handlers.o)
    0x08003892   0x08003892   0x00000002   PAD
    0x08003894   0x08003894   0x00000428   Code   RO          931    i._printf_core      mc_p.l(printf8.o)
    0x08003cbc   0x08003cbc   0x00000020   Code   RO          932    i._printf_post_padding  mc_p.l(printf8.o)
    0x08003cdc   0x08003cdc   0x0000002c   Code   RO          933    i._printf_pre_padding  mc_p.l(printf8.o)
    0x08003d08   0x08003d08   0x00000020   Code   RO          703    i.puts              mc_p.l(puts.o)
    0x08003d28   0x08003d28   0x00000081   Data   RO         1008    .constdata          mc_p.l(ctype_o.o)
    0x08003da9   0x08003da9   0x00000003   PAD
    0x08003dac   0x08003dac   0x00000004   Data   RO         1009    .constdata          mc_p.l(ctype_o.o)
    0x08003db0   0x08003db0   0x00000040   Data   RO           16    .rodata.AHBPrescTable  system_py32f002b.o
    0x08003df0   0x08003df0   0x00000020   Data   RO           17    .rodata.APBPrescTable  system_py32f002b.o
    0x08003e10   0x08003e10   0x00000020   Data   RO           18    .rodata.HSIFreqTable  system_py32f002b.o
    0x08003e30   0x08003e30   0x00000020   Data   RO          201    .rodata._FlashTimmingParam  py32f002b_hal_flash.o
    0x08003e50   0x08003e50   0x00000020   Data   RO          654    .rodata.download_cmd  protocol.o
    0x08003e70   0x08003e70   0x0000010b   Data   RO           65    .rodata.str1.1      main.o
    0x08003f7b   0x08003f7b   0x000000a1   Data   RO          393    .rodata.str1.1      adc.o
    0x0800401c   0x0800401c   0x00000082   Data   RO          445    .rodata.str1.1      ir.o
    0x0800409e   0x0800409e   0x000000cd   Data   RO          499    .rodata.str1.1      led.o
    0x0800416b   0x0800416b   0x0000006d   Data   RO          542    .rodata.str1.1      task.o
    0x080041d8   0x080041d8   0x000000bd   Data   RO          655    .rodata.str1.1      protocol.o
    0x08004295   0x08004295   0x0000000f   Data   RO          685    .rodata.str1.1      system.o
    0x080042a4   0x080042a4   0x00000020   Data   RO         1070    Region$$Table       anon$$obj.o


    Execution Region RW_IRAM1 (Exec base: 0x20000000, Load base: 0x080042c8, Size: 0x000006a0, Max: 0x00000c00, ABSOLUTE)

    Exec Addr    Load Addr    Size         Type   Attr      Idx    E Section Name        Object

    0x20000000   0x080042c8   0x00000004   Data   RW          994    .data               mc_p.l(stdout.o)
    0x20000004   0x080042cc   0x00000004   Data   RW         1038    .data               mc_p.l(errno.o)
    0x20000008   0x080042d0   0x00000004   Data   RW           15    .data.SystemCoreClock  system_py32f002b.o
    0x2000000c   0x080042d4   0x00000004   Data   RW          118    .data.uwTickFreq    py32f002b_hal.o
    0x20000010        -       0x0000000a   Zero   RW          392    .bss.Adc            adc.o
    0x2000001a        -       0x00000008   Zero   RW          394    .bss.Bat            adc.o
    0x20000022        -       0x00000001   Zero   RW          397    .bss.BatVolatageToPercent_handle.gear_changetemp  adc.o
    0x20000023        -       0x00000001   Zero   RW          396    .bss.BatVolatageToPercent_handle.last_percent  adc.o
    0x20000024        -       0x00000002   Zero   RW          398    .bss.Bat_StatusCheck_Handle.filter_cnt  adc.o
    0x20000026        -       0x00000002   Zero   RW          399    .bss.Bat_StatusCheck_Handle.filter_cnt1  adc.o
    0x20000028        -       0x00000001   Zero   RW          503    .bss.IR_RGB_MODE_handle.status  led.o
    0x20000029        -       0x00000001   Zero   RW          504    .bss.IR_RGB_MODE_handle.time_cnt  led.o
    0x2000002a   0x080042d8   0x00000002   PAD
    0x2000002c        -       0x0000000c   Zero   RW          444    .bss.Ir             ir.o
    0x20000038        -       0x00000001   Zero   RW          501    .bss.LED_DisplayBatGear_Handle.charge_flash  led.o
    0x20000039        -       0x00000001   Zero   RW          502    .bss.LED_DisplayBatGear_Handle.flash_cnt  led.o
    0x2000003a        -       0x00000001   Zero   RW          500    .bss.LED_DisplayBatGear_Handle.low_flash  led.o
    0x2000003b        -       0x00000001   Zero   RW          496    .bss.LED_DisplayTemp  led.o
    0x2000003c        -       0x00000001   Zero   RW          498    .bss.LED_Scan_Handle.ScanCount  led.o
    0x2000003d   0x080042d8   0x00000003   PAD
    0x20000040        -       0x00000034   Zero   RW          497    .bss.RGB            led.o
    0x20000074        -       0x00000001   Zero   RW          505    .bss.RGB_App_Handle.TY_Reset_Mode_Status  led.o
    0x20000075   0x080042d8   0x00000003   PAD
    0x20000078        -       0x0000000a   Zero   RW          540    .bss.Sys            task.o
    0x20000082   0x080042d8   0x00000002   PAD
    0x20000084        -       0x00000016   Zero   RW          541    .bss.TY             task.o
    0x2000009a   0x080042d8   0x00000002   PAD
    0x2000009c        -       0x00000004   Zero   RW          579    .bss.TxBuff         usart.o
    0x200000a0        -       0x00000002   Zero   RW          581    .bss.TxCount        usart.o
    0x200000a2        -       0x00000001   Zero   RW          585    .bss.UartReady      usart.o
    0x200000a3        -       0x000000a7   Zero   RW          689    .bss.bt_queue_buf   system.o
    0x2000014a        -       0x000000f7   Zero   RW          683    .bss.bt_uart_rx_buf  system.o
    0x20000241   0x080042d8   0x00000001   PAD
    0x20000242        -       0x00000002   Zero   RW          637    .bss.bt_uart_service.rx_in  mcu_api.o
    0x20000244        -       0x0000001f   Zero   RW          682    .bss.bt_uart_tx_buf  system.o
    0x20000263        -       0x00000001   Zero   RW          684    .bss.bt_work_state  system.o
    0x20000264        -       0x00000001   Zero   RW          692    .bss.heat_beat_check.mcu_reset_state  system.o
    0x20000265   0x080042d8   0x00000003   PAD
    0x20000268        -       0x00000018   Zero   RW          200    .bss.pFlash         py32f002b_hal_flash.o
    0x20000280        -       0x0000000a   Zero   RW          395    .bss.percent_temp   adc.o
    0x2000028a   0x080042d8   0x00000002   PAD
    0x2000028c        -       0x00000004   Zero   RW          687    .bss.queue_in       system.o
    0x20000290        -       0x00000004   Zero   RW          688    .bss.queue_out      system.o
    0x20000294        -       0x00000001   Zero   RW          686    .bss.reset_bt_flag  system.o
    0x20000295        -       0x00000001   Zero   RW          690    .bss.stop_update_flag  system.o
    0x20000296   0x080042d8   0x00000002   PAD
    0x20000298        -       0x00000004   Zero   RW          119    .bss.uwTick         py32f002b_hal.o
    0x2000029c   0x080042d8   0x00000004   PAD
    0x200002a0        -       0x00000400   Zero   RW            1    STACK               startup_py32f002bxx.o


==============================================================================

Image component sizes


      Code (inc. data)   RO Data    RW Data    ZI Data      Debug   Object Name

      1300        220        161          0         34      10274   adc.o
        50          0          0          0          0       2844   flash.o
      1580        556        130          0         12       8289   ir.o
      2304        272        205          0         60      14729   led.o
       582        156        267          0          0       3956   main.o
       726         32          0          0          2       6427   mcu_api.o
      1736        394        221          0          0       8382   protocol.o
        32          8          0          4          4       4339   py32f002b_hal.o
       544         72         32          0         24      12359   py32f002b_hal_flash.o
       264         44          0          0          0       5102   py32f002b_it.o
        92          8          0          0          0       4787   py32f002b_ll_adc.o
       168         12          0          0          0       2613   py32f002b_ll_exti.o
       176          0          0          0          0       3981   py32f002b_ll_gpio.o
        36          4          0          0          0       2824   py32f002b_ll_lptim.o
       108         20          0          0          0       5961   py32f002b_ll_rcc.o
       600         20          0          0          0      10775   py32f002b_ll_tim.o
       248          8          0          0          0       4875   py32f002b_ll_usart.o
        84         12          0          0          0       2918   py32f002b_ll_utils.o
        28          8        192          0       1024        644   startup_py32f002bxx.o
      1118        144         15          0        457       8357   system.o
        60         20        128          4          0       1992   system_py32f002b.o
      1116        248        109          0         32       8884   task.o
       160         20          0          0          0       4252   time.o
       384         28          0          0          7       8247   usart.o

    ----------------------------------------------------------------------
     13504       2306       1492          8       1680     147811   Object Totals
         0          0         32          0          0          0   (incl. Generated)
         8          0          0          0         24          0   (incl. Padding)

    ----------------------------------------------------------------------

      Code (inc. data)   RO Data    RW Data    ZI Data      Debug   Library Member Name

        30          0          0          0          0         60   _chval.o
       166          0          0          0          0         84   _strtoul.o
         8          4        133          0          0         60   ctype_o.o
         0          0          0          0          0          0   entry.o
         0          0          0          0          0          0   entry10a.o
         0          0          0          0          0          0   entry11a.o
         8          4          0          0          0          0   entry2.o
         4          0          0          0          0          0   entry5.o
         0          0          0          0          0          0   entry7b.o
         0          0          0          0          0          0   entry8b.o
         8          4          0          0          0          0   entry9a.o
         8          4          0          4          0         60   errno.o
        30          0          0          0          0          0   handlers.o
        80          6          0          0          0         72   idiv_div0.o
        36          8          0          0          0         68   init.o
        32          0          0          0          0         68   llshl.o
        34          0          0          0          0         68   llushr.o
        36          0          0          0          0        100   memseta.o
      1172         52          0          0          0        324   printf8.o
        32          4          0          0          0         68   puts.o
         0          0          0          4          0          0   stdout.o
       112          4          0          0          0         76   strtol.o
        62          0          0          0          0         72   uidiv_div0.o
        96          0          0          0          0         84   uldiv.o

    ----------------------------------------------------------------------
      1960         90        136          8          0       1264   Library Totals
         6          0          3          0          0          0   (incl. Padding)

    ----------------------------------------------------------------------

      Code (inc. data)   RO Data    RW Data    ZI Data      Debug   Library Name

      1954         90        133          8          0       1264   mc_p.l

    ----------------------------------------------------------------------
      1960         90        136          8          0       1264   Library Totals

    ----------------------------------------------------------------------

==============================================================================


      Code (inc. data)   RO Data    RW Data    ZI Data      Debug   

     15464       2396       1628         16       1680     148215   Grand Totals
     15464       2396       1628         16       1680     148215   ELF Image Totals
     15464       2396       1628         16          0          0   ROM Totals

==============================================================================

    Total RO  Size (Code + RO Data)                17092 (  16.69kB)
    Total RW  Size (RW Data + ZI Data)              1696 (   1.66kB)
    Total ROM Size (Code + RO Data + RW Data)      17108 (  16.71kB)

==============================================================================

